WARNING  22:57:24 [pytest_result_log:122] : ------------------Start: test_post_admin.py::test_Login_admin-------------------
WARNING  22:57:24 [pytest_result_log:128] : -------------------End: test_post_admin.py::test_Login_admin--------------------
WARNING  22:57:24 [pytest_result_log:122] : ---------------Start: test_post_admin.py::test_Get_goods[1-1000]----------------
WARNING  22:57:24 [pytest_result_log:128] : ----------------End: test_post_admin.py::test_Get_goods[1-1000]-----------------
WARNING  22:57:24 [pytest_result_log:122] : ---------------Start: test_post_admin.py::test_Get_goods[2-1000]----------------
WARNING  22:57:25 [pytest_result_log:128] : ----------------End: test_post_admin.py::test_Get_goods[2-1000]-----------------
WARNING  22:57:25 [pytest_result_log:122] : ---------------Start: test_post_admin.py::test_Get_goods[3-1000]----------------
WARNING  22:57:25 [pytest_result_log:128] : ----------------End: test_post_admin.py::test_Get_goods[3-1000]-----------------
WARNING  22:57:25 [pytest_result_log:122] : ---------------Start: test_post_admin.py::test_Get_goods[4-1000]----------------
WARNING  22:57:25 [pytest_result_log:128] : ----------------End: test_post_admin.py::test_Get_goods[4-1000]-----------------
WARNING  22:57:25 [pytest_result_log:122] : ---------------Start: test_post_admin.py::test_Get_goods[5-1000]----------------
WARNING  22:57:25 [pytest_result_log:128] : ----------------End: test_post_admin.py::test_Get_goods[5-1000]-----------------
WARNING  22:57:25 [pytest_result_log:122] : ---------------Start: test_post_admin.py::test_Get_goods[6-1000]----------------
WARNING  22:57:26 [pytest_result_log:128] : ----------------End: test_post_admin.py::test_Get_goods[6-1000]-----------------
WARNING  22:57:26 [pytest_result_log:122] : ---------------Start: test_post_admin.py::test_Get_goods[7-1000]----------------
WARNING  22:57:26 [pytest_result_log:128] : ----------------End: test_post_admin.py::test_Get_goods[7-1000]-----------------
WARNING  22:57:26 [pytest_result_log:122] : ---------------Start: test_post_admin.py::test_Get_goods[8-1000]----------------
WARNING  22:57:26 [pytest_result_log:128] : ----------------End: test_post_admin.py::test_Get_goods[8-1000]-----------------
WARNING  22:57:26 [pytest_result_log:122] : ---------------Start: test_post_admin.py::test_Get_goods[9-1000]----------------
WARNING  22:57:26 [pytest_result_log:128] : ----------------End: test_post_admin.py::test_Get_goods[9-1000]-----------------
WARNING  22:57:26 [pytest_result_log:122] : ---------------Start: test_post_admin.py::test_Get_goods[10-1000]---------------
WARNING  22:57:27 [pytest_result_log:128] : ----------------End: test_post_admin.py::test_Get_goods[10-1000]----------------
WARNING  22:57:27 [pytest_result_log:122] : ---------------Start: test_post_admin.py::test_Get_goods[11-1000]---------------
WARNING  22:57:27 [pytest_result_log:128] : ----------------End: test_post_admin.py::test_Get_goods[11-1000]----------------
WARNING  22:57:27 [pytest_result_log:122] : ---------------Start: test_post_admin.py::test_Get_goods[12-1000]---------------
WARNING  22:57:27 [pytest_result_log:128] : ----------------End: test_post_admin.py::test_Get_goods[12-1000]----------------
WARNING  22:57:27 [pytest_result_log:122] : ---------------Start: test_post_admin.py::test_Get_goods[13-1000]---------------
WARNING  22:57:27 [pytest_result_log:128] : ----------------End: test_post_admin.py::test_Get_goods[13-1000]----------------
WARNING  22:57:27 [pytest_result_log:122] : ---------------Start: test_post_admin.py::test_Get_goods[14-1000]---------------
WARNING  22:57:28 [pytest_result_log:128] : ----------------End: test_post_admin.py::test_Get_goods[14-1000]----------------
WARNING  22:57:28 [pytest_result_log:122] : ---------------Start: test_post_admin.py::test_Get_goods[15-1000]---------------
WARNING  22:57:28 [pytest_result_log:128] : ----------------End: test_post_admin.py::test_Get_goods[15-1000]----------------
WARNING  22:57:28 [pytest_result_log:122] : ---------------Start: test_post_admin.py::test_Get_goods[16-1000]---------------
WARNING  22:57:28 [pytest_result_log:128] : ----------------End: test_post_admin.py::test_Get_goods[16-1000]----------------
WARNING  22:57:28 [pytest_result_log:122] : ---------------Start: test_post_admin.py::test_Get_goods[17-1000]---------------
WARNING  22:57:28 [pytest_result_log:128] : ----------------End: test_post_admin.py::test_Get_goods[17-1000]----------------
WARNING  22:57:28 [pytest_result_log:122] : ---------------Start: test_post_admin.py::test_Get_goods[18-1000]---------------
WARNING  22:57:29 [pytest_result_log:128] : ----------------End: test_post_admin.py::test_Get_goods[18-1000]----------------
WARNING  22:57:29 [pytest_result_log:122] : ---------------Start: test_post_admin.py::test_Get_goods[19-1000]---------------
WARNING  22:57:29 [pytest_result_log:128] : ----------------End: test_post_admin.py::test_Get_goods[19-1000]----------------
WARNING  22:57:29 [pytest_result_log:122] : ---------------Start: test_post_admin.py::test_Get_goods[20-1000]---------------
WARNING  22:57:29 [pytest_result_log:128] : ----------------End: test_post_admin.py::test_Get_goods[20-1000]----------------
WARNING  22:57:29 [pytest_result_log:122] : ---------------Start: test_post_admin.py::test_Get_goods[21-1000]---------------
WARNING  22:57:29 [pytest_result_log:128] : ----------------End: test_post_admin.py::test_Get_goods[21-1000]----------------
WARNING  22:57:29 [pytest_result_log:122] : ---------------Start: test_post_admin.py::test_Get_goods[22-1000]---------------
WARNING  22:57:30 [pytest_result_log:128] : ----------------End: test_post_admin.py::test_Get_goods[22-1000]----------------
WARNING  22:57:30 [pytest_result_log:122] : ---------------Start: test_post_admin.py::test_Get_goods[23-1000]---------------
WARNING  22:57:30 [pytest_result_log:128] : ----------------End: test_post_admin.py::test_Get_goods[23-1000]----------------
WARNING  22:57:30 [pytest_result_log:122] : ---------------Start: test_post_admin.py::test_Get_goods[24-1000]---------------
WARNING  22:57:30 [pytest_result_log:128] : ----------------End: test_post_admin.py::test_Get_goods[24-1000]----------------
WARNING  22:57:30 [pytest_result_log:122] : ---------------Start: test_post_admin.py::test_Get_goods[25-1000]---------------
WARNING  22:57:30 [pytest_result_log:128] : ----------------End: test_post_admin.py::test_Get_goods[25-1000]----------------
WARNING  22:57:30 [pytest_result_log:122] : ---------------Start: test_post_admin.py::test_Get_goods[26-1000]---------------
WARNING  22:57:31 [pytest_result_log:128] : ----------------End: test_post_admin.py::test_Get_goods[26-1000]----------------
WARNING  22:57:31 [pytest_result_log:122] : ---------------Start: test_post_admin.py::test_Get_goods[27-1000]---------------
WARNING  22:57:31 [pytest_result_log:128] : ----------------End: test_post_admin.py::test_Get_goods[27-1000]----------------
WARNING  22:57:31 [pytest_result_log:122] : ---------------Start: test_post_admin.py::test_Get_goods[28-1000]---------------
WARNING  22:57:31 [pytest_result_log:128] : ----------------End: test_post_admin.py::test_Get_goods[28-1000]----------------
WARNING  22:57:31 [pytest_result_log:122] : ---------------Start: test_post_admin.py::test_Get_goods[29-1000]---------------
WARNING  22:57:31 [pytest_result_log:128] : ----------------End: test_post_admin.py::test_Get_goods[29-1000]----------------
WARNING  22:57:31 [pytest_result_log:122] : ---------------Start: test_post_admin.py::test_Get_goods[30-1000]---------------
WARNING  22:57:31 [pytest_result_log:128] : ----------------End: test_post_admin.py::test_Get_goods[30-1000]----------------
WARNING  22:57:31 [pytest_result_log:122] : ---------------Start: test_post_admin.py::test_Get_goods[31-1000]---------------
WARNING  22:57:32 [pytest_result_log:128] : ----------------End: test_post_admin.py::test_Get_goods[31-1000]----------------
WARNING  22:57:32 [pytest_result_log:122] : ---------------Start: test_post_admin.py::test_Get_goods[32-1000]---------------
WARNING  22:57:32 [pytest_result_log:128] : ----------------End: test_post_admin.py::test_Get_goods[32-1000]----------------
WARNING  22:57:32 [pytest_result_log:122] : ---------------Start: test_post_admin.py::test_Get_goods[33-1000]---------------
WARNING  22:57:32 [pytest_result_log:128] : ----------------End: test_post_admin.py::test_Get_goods[33-1000]----------------
WARNING  22:57:32 [pytest_result_log:122] : ---------------Start: test_post_admin.py::test_Get_goods[34-1000]---------------
WARNING  22:57:32 [pytest_result_log:128] : ----------------End: test_post_admin.py::test_Get_goods[34-1000]----------------
WARNING  22:57:32 [pytest_result_log:122] : ---------------Start: test_post_admin.py::test_Get_goods[35-1000]---------------
WARNING  22:57:33 [pytest_result_log:128] : ----------------End: test_post_admin.py::test_Get_goods[35-1000]----------------
WARNING  22:57:33 [pytest_result_log:122] : ---------------Start: test_post_admin.py::test_Get_goods[36-1000]---------------
WARNING  22:57:33 [pytest_result_log:128] : ----------------End: test_post_admin.py::test_Get_goods[36-1000]----------------
WARNING  22:57:33 [pytest_result_log:122] : ---------------Start: test_post_admin.py::test_Get_goods[37-1000]---------------
WARNING  22:57:33 [pytest_result_log:128] : ----------------End: test_post_admin.py::test_Get_goods[37-1000]----------------
WARNING  22:57:33 [pytest_result_log:122] : ---------------Start: test_post_admin.py::test_Get_goods[38-1000]---------------
WARNING  22:57:33 [pytest_result_log:128] : ----------------End: test_post_admin.py::test_Get_goods[38-1000]----------------
WARNING  22:57:33 [pytest_result_log:122] : ---------------Start: test_post_admin.py::test_Get_goods[39-1000]---------------
WARNING  22:57:34 [pytest_result_log:128] : ----------------End: test_post_admin.py::test_Get_goods[39-1000]----------------
WARNING  22:57:34 [pytest_result_log:122] : ---------------Start: test_post_admin.py::test_Get_goods[40-1000]---------------
WARNING  22:57:34 [pytest_result_log:128] : ----------------End: test_post_admin.py::test_Get_goods[40-1000]----------------
WARNING  22:57:34 [pytest_result_log:122] : ---------------Start: test_post_admin.py::test_Get_goods[41-1000]---------------
WARNING  22:57:34 [pytest_result_log:128] : ----------------End: test_post_admin.py::test_Get_goods[41-1000]----------------
WARNING  22:57:34 [pytest_result_log:122] : ---------------Start: test_post_admin.py::test_Get_goods[42-1000]---------------
WARNING  22:57:34 [pytest_result_log:128] : ----------------End: test_post_admin.py::test_Get_goods[42-1000]----------------
WARNING  22:57:34 [pytest_result_log:122] : ---------------Start: test_post_admin.py::test_Get_goods[43-1000]---------------
WARNING  22:57:35 [pytest_result_log:128] : ----------------End: test_post_admin.py::test_Get_goods[43-1000]----------------
WARNING  22:57:35 [pytest_result_log:122] : ---------------Start: test_post_admin.py::test_Get_goods[44-1000]---------------
WARNING  22:57:35 [pytest_result_log:128] : ----------------End: test_post_admin.py::test_Get_goods[44-1000]----------------
WARNING  22:57:35 [pytest_result_log:122] : ---------------Start: test_post_admin.py::test_Get_goods[45-1000]---------------
WARNING  22:57:35 [pytest_result_log:128] : ----------------End: test_post_admin.py::test_Get_goods[45-1000]----------------
WARNING  22:57:35 [pytest_result_log:122] : ---------------Start: test_post_admin.py::test_Get_goods[46-1000]---------------
WARNING  22:57:35 [pytest_result_log:128] : ----------------End: test_post_admin.py::test_Get_goods[46-1000]----------------
WARNING  22:57:35 [pytest_result_log:122] : ---------------Start: test_post_admin.py::test_Get_goods[47-1000]---------------
WARNING  22:57:36 [pytest_result_log:128] : ----------------End: test_post_admin.py::test_Get_goods[47-1000]----------------
WARNING  22:57:36 [pytest_result_log:122] : ---------------Start: test_post_admin.py::test_Get_goods[48-1000]---------------
WARNING  22:57:36 [pytest_result_log:128] : ----------------End: test_post_admin.py::test_Get_goods[48-1000]----------------
WARNING  22:57:36 [pytest_result_log:122] : ---------------Start: test_post_admin.py::test_Get_goods[49-1000]---------------
WARNING  22:57:36 [pytest_result_log:128] : ----------------End: test_post_admin.py::test_Get_goods[49-1000]----------------
WARNING  22:57:36 [pytest_result_log:122] : ---------------Start: test_post_admin.py::test_Get_goods[50-1000]---------------
WARNING  22:57:36 [pytest_result_log:128] : ----------------End: test_post_admin.py::test_Get_goods[50-1000]----------------
WARNING  22:57:36 [pytest_result_log:122] : ---------------Start: test_post_admin.py::test_Get_goods[51-1000]---------------
WARNING  22:57:37 [pytest_result_log:128] : ----------------End: test_post_admin.py::test_Get_goods[51-1000]----------------
WARNING  22:57:37 [pytest_result_log:122] : ---------------Start: test_post_admin.py::test_Get_goods[52-1000]---------------
WARNING  22:57:37 [pytest_result_log:128] : ----------------End: test_post_admin.py::test_Get_goods[52-1000]----------------
WARNING  22:57:37 [pytest_result_log:122] : ---------------Start: test_post_admin.py::test_Get_goods[53-1000]---------------
WARNING  22:57:37 [pytest_result_log:128] : ----------------End: test_post_admin.py::test_Get_goods[53-1000]----------------
WARNING  22:57:37 [pytest_result_log:122] : ---------------Start: test_post_admin.py::test_Get_goods[54-1000]---------------
WARNING  22:57:37 [pytest_result_log:128] : ----------------End: test_post_admin.py::test_Get_goods[54-1000]----------------
WARNING  22:57:37 [pytest_result_log:122] : ---------------Start: test_post_admin.py::test_Get_goods[55-1000]---------------
WARNING  22:57:38 [pytest_result_log:128] : ----------------End: test_post_admin.py::test_Get_goods[55-1000]----------------
WARNING  22:57:38 [pytest_result_log:122] : ---------------Start: test_post_admin.py::test_Get_goods[56-1000]---------------
WARNING  22:57:38 [pytest_result_log:128] : ----------------End: test_post_admin.py::test_Get_goods[56-1000]----------------
WARNING  22:57:38 [pytest_result_log:122] : ---------------Start: test_post_admin.py::test_Get_goods[57-1000]---------------
WARNING  22:57:38 [pytest_result_log:128] : ----------------End: test_post_admin.py::test_Get_goods[57-1000]----------------
WARNING  22:57:38 [pytest_result_log:122] : ---------------Start: test_post_admin.py::test_Get_goods[58-1000]---------------
WARNING  22:57:38 [pytest_result_log:128] : ----------------End: test_post_admin.py::test_Get_goods[58-1000]----------------
WARNING  22:57:38 [pytest_result_log:122] : ---------------Start: test_post_admin.py::test_Get_goods[59-1000]---------------
WARNING  22:57:38 [pytest_result_log:128] : ----------------End: test_post_admin.py::test_Get_goods[59-1000]----------------
WARNING  22:57:38 [pytest_result_log:122] : ---------------Start: test_post_admin.py::test_Get_goods[60-1000]---------------
WARNING  22:57:39 [pytest_result_log:128] : ----------------End: test_post_admin.py::test_Get_goods[60-1000]----------------
WARNING  22:57:39 [pytest_result_log:122] : ---------------Start: test_post_admin.py::test_Get_goods[61-1000]---------------
WARNING  22:57:39 [pytest_result_log:128] : ----------------End: test_post_admin.py::test_Get_goods[61-1000]----------------
WARNING  22:57:39 [pytest_result_log:122] : ---------------Start: test_post_admin.py::test_Get_goods[62-1000]---------------
WARNING  22:57:39 [pytest_result_log:128] : ----------------End: test_post_admin.py::test_Get_goods[62-1000]----------------
WARNING  22:57:39 [pytest_result_log:122] : ---------------Start: test_post_admin.py::test_Get_goods[63-1000]---------------
WARNING  22:57:40 [pytest_result_log:128] : ----------------End: test_post_admin.py::test_Get_goods[63-1000]----------------
WARNING  22:57:40 [pytest_result_log:122] : ---------------Start: test_post_admin.py::test_Get_goods[64-1000]---------------
WARNING  22:57:40 [pytest_result_log:128] : ----------------End: test_post_admin.py::test_Get_goods[64-1000]----------------
WARNING  22:57:40 [pytest_result_log:122] : ---------------Start: test_post_admin.py::test_Get_goods[65-1000]---------------
WARNING  22:57:40 [pytest_result_log:128] : ----------------End: test_post_admin.py::test_Get_goods[65-1000]----------------
WARNING  22:57:40 [pytest_result_log:122] : ---------------Start: test_post_admin.py::test_Get_goods[66-1000]---------------
WARNING  22:57:40 [pytest_result_log:128] : ----------------End: test_post_admin.py::test_Get_goods[66-1000]----------------
WARNING  22:57:40 [pytest_result_log:122] : ---------------Start: test_post_admin.py::test_Get_goods[67-1000]---------------
WARNING  22:57:41 [pytest_result_log:128] : ----------------End: test_post_admin.py::test_Get_goods[67-1000]----------------
WARNING  22:57:41 [pytest_result_log:122] : ---------------Start: test_post_admin.py::test_Get_goods[68-1000]---------------
WARNING  22:57:41 [pytest_result_log:128] : ----------------End: test_post_admin.py::test_Get_goods[68-1000]----------------
WARNING  22:57:41 [pytest_result_log:122] : ---------------Start: test_post_admin.py::test_Get_goods[69-1000]---------------
WARNING  22:57:41 [pytest_result_log:128] : ----------------End: test_post_admin.py::test_Get_goods[69-1000]----------------
WARNING  22:57:41 [pytest_result_log:122] : ---------------Start: test_post_admin.py::test_Get_goods[70-1000]---------------
WARNING  22:57:41 [pytest_result_log:128] : ----------------End: test_post_admin.py::test_Get_goods[70-1000]----------------
WARNING  22:57:41 [pytest_result_log:122] : ---------------Start: test_post_admin.py::test_Get_goods[71-1000]---------------
WARNING  22:57:42 [pytest_result_log:128] : ----------------End: test_post_admin.py::test_Get_goods[71-1000]----------------
WARNING  22:57:42 [pytest_result_log:122] : ---------------Start: test_post_admin.py::test_Get_goods[72-1000]---------------
WARNING  22:57:42 [pytest_result_log:128] : ----------------End: test_post_admin.py::test_Get_goods[72-1000]----------------
WARNING  22:57:42 [pytest_result_log:122] : ---------------Start: test_post_admin.py::test_Get_goods[73-1000]---------------
WARNING  22:57:42 [pytest_result_log:128] : ----------------End: test_post_admin.py::test_Get_goods[73-1000]----------------
WARNING  22:57:42 [pytest_result_log:122] : ---------------Start: test_post_admin.py::test_Get_goods[74-1000]---------------
WARNING  22:57:42 [pytest_result_log:128] : ----------------End: test_post_admin.py::test_Get_goods[74-1000]----------------
WARNING  22:57:42 [pytest_result_log:122] : ---------------Start: test_post_admin.py::test_Get_goods[75-1000]---------------
WARNING  22:57:43 [pytest_result_log:128] : ----------------End: test_post_admin.py::test_Get_goods[75-1000]----------------
WARNING  22:57:43 [pytest_result_log:122] : ---------------Start: test_post_admin.py::test_Get_goods[76-1000]---------------
WARNING  22:57:43 [pytest_result_log:128] : ----------------End: test_post_admin.py::test_Get_goods[76-1000]----------------
WARNING  22:57:43 [pytest_result_log:122] : ---------------Start: test_post_admin.py::test_Get_goods[77-1000]---------------
WARNING  22:57:43 [pytest_result_log:128] : ----------------End: test_post_admin.py::test_Get_goods[77-1000]----------------
WARNING  22:57:43 [pytest_result_log:122] : ---------------Start: test_post_admin.py::test_Get_goods[78-1000]---------------
WARNING  22:57:43 [pytest_result_log:128] : ----------------End: test_post_admin.py::test_Get_goods[78-1000]----------------
WARNING  22:57:43 [pytest_result_log:122] : ---------------Start: test_post_admin.py::test_Get_goods[79-1000]---------------
WARNING  22:57:43 [pytest_result_log:128] : ----------------End: test_post_admin.py::test_Get_goods[79-1000]----------------
WARNING  22:57:43 [pytest_result_log:122] : ---------------Start: test_post_admin.py::test_Get_goods[80-1000]---------------
WARNING  22:57:44 [pytest_result_log:128] : ----------------End: test_post_admin.py::test_Get_goods[80-1000]----------------
WARNING  22:57:44 [pytest_result_log:122] : ---------------Start: test_post_admin.py::test_Get_goods[81-1000]---------------
WARNING  22:57:44 [pytest_result_log:128] : ----------------End: test_post_admin.py::test_Get_goods[81-1000]----------------
WARNING  22:57:44 [pytest_result_log:122] : ---------------Start: test_post_admin.py::test_Get_goods[82-1000]---------------
WARNING  22:57:44 [pytest_result_log:128] : ----------------End: test_post_admin.py::test_Get_goods[82-1000]----------------
WARNING  22:57:44 [pytest_result_log:122] : ---------------Start: test_post_admin.py::test_Get_goods[83-1000]---------------
WARNING  22:57:45 [pytest_result_log:128] : ----------------End: test_post_admin.py::test_Get_goods[83-1000]----------------
WARNING  22:57:45 [pytest_result_log:122] : ---------------Start: test_post_admin.py::test_Get_goods[84-1000]---------------
WARNING  22:57:45 [pytest_result_log:128] : ----------------End: test_post_admin.py::test_Get_goods[84-1000]----------------
WARNING  22:57:45 [pytest_result_log:122] : ---------------Start: test_post_admin.py::test_Get_goods[85-1000]---------------
WARNING  22:57:45 [pytest_result_log:128] : ----------------End: test_post_admin.py::test_Get_goods[85-1000]----------------
WARNING  22:57:45 [pytest_result_log:122] : ---------------Start: test_post_admin.py::test_Get_goods[86-1000]---------------
WARNING  22:57:45 [pytest_result_log:128] : ----------------End: test_post_admin.py::test_Get_goods[86-1000]----------------
WARNING  22:57:45 [pytest_result_log:122] : ---------------Start: test_post_admin.py::test_Get_goods[87-1000]---------------
WARNING  22:57:46 [pytest_result_log:128] : ----------------End: test_post_admin.py::test_Get_goods[87-1000]----------------
WARNING  22:57:46 [pytest_result_log:122] : ---------------Start: test_post_admin.py::test_Get_goods[88-1000]---------------
WARNING  22:57:46 [pytest_result_log:128] : ----------------End: test_post_admin.py::test_Get_goods[88-1000]----------------
WARNING  22:57:46 [pytest_result_log:122] : ---------------Start: test_post_admin.py::test_Get_goods[89-1000]---------------
WARNING  22:57:46 [pytest_result_log:128] : ----------------End: test_post_admin.py::test_Get_goods[89-1000]----------------
WARNING  22:57:46 [pytest_result_log:122] : ---------------Start: test_post_admin.py::test_Get_goods[90-1000]---------------
WARNING  22:57:46 [pytest_result_log:128] : ----------------End: test_post_admin.py::test_Get_goods[90-1000]----------------
WARNING  22:57:46 [pytest_result_log:122] : ---------------Start: test_post_admin.py::test_Get_goods[91-1000]---------------
WARNING  22:57:47 [pytest_result_log:128] : ----------------End: test_post_admin.py::test_Get_goods[91-1000]----------------
WARNING  22:57:47 [pytest_result_log:122] : ---------------Start: test_post_admin.py::test_Get_goods[92-1000]---------------
WARNING  22:57:47 [pytest_result_log:128] : ----------------End: test_post_admin.py::test_Get_goods[92-1000]----------------
WARNING  22:57:47 [pytest_result_log:122] : ---------------Start: test_post_admin.py::test_Get_goods[93-1000]---------------
WARNING  22:57:47 [pytest_result_log:128] : ----------------End: test_post_admin.py::test_Get_goods[93-1000]----------------
WARNING  22:57:47 [pytest_result_log:122] : ---------------Start: test_post_admin.py::test_Get_goods[94-1000]---------------
WARNING  22:57:47 [pytest_result_log:128] : ----------------End: test_post_admin.py::test_Get_goods[94-1000]----------------
WARNING  22:57:47 [pytest_result_log:122] : ---------------Start: test_post_admin.py::test_Get_goods[95-1000]---------------
WARNING  22:57:47 [pytest_result_log:128] : ----------------End: test_post_admin.py::test_Get_goods[95-1000]----------------
WARNING  22:57:47 [pytest_result_log:122] : ---------------Start: test_post_admin.py::test_Get_goods[96-1000]---------------
WARNING  22:57:48 [pytest_result_log:128] : ----------------End: test_post_admin.py::test_Get_goods[96-1000]----------------
WARNING  22:57:48 [pytest_result_log:122] : ---------------Start: test_post_admin.py::test_Get_goods[97-1000]---------------
WARNING  22:57:48 [pytest_result_log:128] : ----------------End: test_post_admin.py::test_Get_goods[97-1000]----------------
WARNING  22:57:48 [pytest_result_log:122] : ---------------Start: test_post_admin.py::test_Get_goods[98-1000]---------------
WARNING  22:57:48 [pytest_result_log:128] : ----------------End: test_post_admin.py::test_Get_goods[98-1000]----------------
WARNING  22:57:48 [pytest_result_log:122] : ---------------Start: test_post_admin.py::test_Get_goods[99-1000]---------------
WARNING  22:57:48 [pytest_result_log:128] : ----------------End: test_post_admin.py::test_Get_goods[99-1000]----------------
WARNING  22:57:48 [pytest_result_log:122] : --------------Start: test_post_admin.py::test_Get_goods[100-1000]---------------
WARNING  22:57:49 [pytest_result_log:128] : ---------------End: test_post_admin.py::test_Get_goods[100-1000]----------------
WARNING  22:57:49 [pytest_result_log:122] : --------------Start: test_post_admin.py::test_Get_goods[101-1000]---------------
WARNING  22:57:49 [pytest_result_log:128] : ---------------End: test_post_admin.py::test_Get_goods[101-1000]----------------
WARNING  22:57:49 [pytest_result_log:122] : --------------Start: test_post_admin.py::test_Get_goods[102-1000]---------------
WARNING  22:57:49 [pytest_result_log:128] : ---------------End: test_post_admin.py::test_Get_goods[102-1000]----------------
WARNING  22:57:49 [pytest_result_log:122] : --------------Start: test_post_admin.py::test_Get_goods[103-1000]---------------
WARNING  22:57:49 [pytest_result_log:128] : ---------------End: test_post_admin.py::test_Get_goods[103-1000]----------------
WARNING  22:57:49 [pytest_result_log:122] : --------------Start: test_post_admin.py::test_Get_goods[104-1000]---------------
WARNING  22:57:50 [pytest_result_log:128] : ---------------End: test_post_admin.py::test_Get_goods[104-1000]----------------
WARNING  22:57:50 [pytest_result_log:122] : --------------Start: test_post_admin.py::test_Get_goods[105-1000]---------------
WARNING  22:57:50 [pytest_result_log:128] : ---------------End: test_post_admin.py::test_Get_goods[105-1000]----------------
WARNING  22:57:50 [pytest_result_log:122] : --------------Start: test_post_admin.py::test_Get_goods[106-1000]---------------
WARNING  22:57:50 [pytest_result_log:128] : ---------------End: test_post_admin.py::test_Get_goods[106-1000]----------------
WARNING  22:57:50 [pytest_result_log:122] : --------------Start: test_post_admin.py::test_Get_goods[107-1000]---------------
WARNING  22:57:50 [pytest_result_log:128] : ---------------End: test_post_admin.py::test_Get_goods[107-1000]----------------
WARNING  22:57:50 [pytest_result_log:122] : --------------Start: test_post_admin.py::test_Get_goods[108-1000]---------------
WARNING  22:57:51 [pytest_result_log:128] : ---------------End: test_post_admin.py::test_Get_goods[108-1000]----------------
WARNING  22:57:51 [pytest_result_log:122] : --------------Start: test_post_admin.py::test_Get_goods[109-1000]---------------
WARNING  22:57:51 [pytest_result_log:128] : ---------------End: test_post_admin.py::test_Get_goods[109-1000]----------------
WARNING  22:57:51 [pytest_result_log:122] : --------------Start: test_post_admin.py::test_Get_goods[110-1000]---------------
WARNING  22:57:51 [pytest_result_log:128] : ---------------End: test_post_admin.py::test_Get_goods[110-1000]----------------
WARNING  22:57:51 [pytest_result_log:122] : --------------Start: test_post_admin.py::test_Get_goods[111-1000]---------------
WARNING  22:57:51 [pytest_result_log:128] : ---------------End: test_post_admin.py::test_Get_goods[111-1000]----------------
WARNING  22:57:51 [pytest_result_log:122] : --------------Start: test_post_admin.py::test_Get_goods[112-1000]---------------
WARNING  22:57:52 [pytest_result_log:128] : ---------------End: test_post_admin.py::test_Get_goods[112-1000]----------------
WARNING  22:57:52 [pytest_result_log:122] : --------------Start: test_post_admin.py::test_Get_goods[113-1000]---------------
WARNING  22:57:52 [pytest_result_log:128] : ---------------End: test_post_admin.py::test_Get_goods[113-1000]----------------
WARNING  22:57:52 [pytest_result_log:122] : --------------Start: test_post_admin.py::test_Get_goods[114-1000]---------------
WARNING  22:57:52 [pytest_result_log:128] : ---------------End: test_post_admin.py::test_Get_goods[114-1000]----------------
WARNING  22:57:52 [pytest_result_log:122] : --------------Start: test_post_admin.py::test_Get_goods[115-1000]---------------
WARNING  22:57:52 [pytest_result_log:128] : ---------------End: test_post_admin.py::test_Get_goods[115-1000]----------------
WARNING  22:57:52 [pytest_result_log:122] : --------------Start: test_post_admin.py::test_Get_goods[116-1000]---------------
WARNING  22:57:53 [pytest_result_log:128] : ---------------End: test_post_admin.py::test_Get_goods[116-1000]----------------
WARNING  22:57:53 [pytest_result_log:122] : --------------Start: test_post_admin.py::test_Get_goods[117-1000]---------------
WARNING  22:57:53 [pytest_result_log:128] : ---------------End: test_post_admin.py::test_Get_goods[117-1000]----------------
WARNING  22:57:53 [pytest_result_log:122] : --------------Start: test_post_admin.py::test_Get_goods[118-1000]---------------
WARNING  22:57:53 [pytest_result_log:128] : ---------------End: test_post_admin.py::test_Get_goods[118-1000]----------------
WARNING  22:57:53 [pytest_result_log:122] : --------------Start: test_post_admin.py::test_Get_goods[119-1000]---------------
WARNING  22:57:53 [pytest_result_log:128] : ---------------End: test_post_admin.py::test_Get_goods[119-1000]----------------
WARNING  22:57:53 [pytest_result_log:122] : --------------Start: test_post_admin.py::test_Get_goods[120-1000]---------------
WARNING  22:57:54 [pytest_result_log:128] : ---------------End: test_post_admin.py::test_Get_goods[120-1000]----------------
WARNING  22:57:54 [pytest_result_log:122] : --------------Start: test_post_admin.py::test_Get_goods[121-1000]---------------
WARNING  22:57:54 [pytest_result_log:128] : ---------------End: test_post_admin.py::test_Get_goods[121-1000]----------------
WARNING  22:57:54 [pytest_result_log:122] : --------------Start: test_post_admin.py::test_Get_goods[122-1000]---------------
WARNING  22:57:54 [pytest_result_log:128] : ---------------End: test_post_admin.py::test_Get_goods[122-1000]----------------
WARNING  22:57:54 [pytest_result_log:122] : --------------Start: test_post_admin.py::test_Get_goods[123-1000]---------------
WARNING  22:57:54 [pytest_result_log:128] : ---------------End: test_post_admin.py::test_Get_goods[123-1000]----------------
WARNING  22:57:54 [pytest_result_log:122] : --------------Start: test_post_admin.py::test_Get_goods[124-1000]---------------
WARNING  22:57:54 [pytest_result_log:128] : ---------------End: test_post_admin.py::test_Get_goods[124-1000]----------------
WARNING  22:57:54 [pytest_result_log:122] : --------------Start: test_post_admin.py::test_Get_goods[125-1000]---------------
WARNING  22:57:55 [pytest_result_log:128] : ---------------End: test_post_admin.py::test_Get_goods[125-1000]----------------
WARNING  22:57:55 [pytest_result_log:122] : --------------Start: test_post_admin.py::test_Get_goods[126-1000]---------------
WARNING  22:57:55 [pytest_result_log:128] : ---------------End: test_post_admin.py::test_Get_goods[126-1000]----------------
WARNING  22:57:55 [pytest_result_log:122] : --------------Start: test_post_admin.py::test_Get_goods[127-1000]---------------
WARNING  22:57:55 [pytest_result_log:128] : ---------------End: test_post_admin.py::test_Get_goods[127-1000]----------------
WARNING  22:57:55 [pytest_result_log:122] : --------------Start: test_post_admin.py::test_Get_goods[128-1000]---------------
WARNING  22:57:55 [pytest_result_log:128] : ---------------End: test_post_admin.py::test_Get_goods[128-1000]----------------
WARNING  22:57:55 [pytest_result_log:122] : --------------Start: test_post_admin.py::test_Get_goods[129-1000]---------------
WARNING  22:57:56 [pytest_result_log:128] : ---------------End: test_post_admin.py::test_Get_goods[129-1000]----------------
WARNING  22:57:56 [pytest_result_log:122] : --------------Start: test_post_admin.py::test_Get_goods[130-1000]---------------
WARNING  22:57:56 [pytest_result_log:128] : ---------------End: test_post_admin.py::test_Get_goods[130-1000]----------------
WARNING  22:57:56 [pytest_result_log:122] : --------------Start: test_post_admin.py::test_Get_goods[131-1000]---------------
WARNING  22:57:56 [pytest_result_log:128] : ---------------End: test_post_admin.py::test_Get_goods[131-1000]----------------
WARNING  22:57:56 [pytest_result_log:122] : --------------Start: test_post_admin.py::test_Get_goods[132-1000]---------------
WARNING  22:57:56 [pytest_result_log:128] : ---------------End: test_post_admin.py::test_Get_goods[132-1000]----------------
WARNING  22:57:56 [pytest_result_log:122] : --------------Start: test_post_admin.py::test_Get_goods[133-1000]---------------
WARNING  22:57:57 [pytest_result_log:128] : ---------------End: test_post_admin.py::test_Get_goods[133-1000]----------------
WARNING  22:57:57 [pytest_result_log:122] : --------------Start: test_post_admin.py::test_Get_goods[134-1000]---------------
WARNING  22:57:57 [pytest_result_log:128] : ---------------End: test_post_admin.py::test_Get_goods[134-1000]----------------
WARNING  22:57:57 [pytest_result_log:122] : --------------Start: test_post_admin.py::test_Get_goods[135-1000]---------------
WARNING  22:57:57 [pytest_result_log:128] : ---------------End: test_post_admin.py::test_Get_goods[135-1000]----------------
WARNING  22:57:57 [pytest_result_log:122] : --------------Start: test_post_admin.py::test_Get_goods[136-1000]---------------
WARNING  22:57:57 [pytest_result_log:128] : ---------------End: test_post_admin.py::test_Get_goods[136-1000]----------------
WARNING  22:57:57 [pytest_result_log:122] : --------------Start: test_post_admin.py::test_Get_goods[137-1000]---------------
WARNING  22:57:58 [pytest_result_log:128] : ---------------End: test_post_admin.py::test_Get_goods[137-1000]----------------
WARNING  22:57:58 [pytest_result_log:122] : --------------Start: test_post_admin.py::test_Get_goods[138-1000]---------------
WARNING  22:57:58 [pytest_result_log:128] : ---------------End: test_post_admin.py::test_Get_goods[138-1000]----------------
WARNING  22:57:58 [pytest_result_log:122] : --------------Start: test_post_admin.py::test_Get_goods[139-1000]---------------
WARNING  22:57:58 [pytest_result_log:128] : ---------------End: test_post_admin.py::test_Get_goods[139-1000]----------------
WARNING  22:57:58 [pytest_result_log:122] : --------------Start: test_post_admin.py::test_Get_goods[140-1000]---------------
WARNING  22:57:58 [pytest_result_log:128] : ---------------End: test_post_admin.py::test_Get_goods[140-1000]----------------
WARNING  22:57:58 [pytest_result_log:122] : --------------Start: test_post_admin.py::test_Get_goods[141-1000]---------------
WARNING  22:57:59 [pytest_result_log:128] : ---------------End: test_post_admin.py::test_Get_goods[141-1000]----------------
WARNING  22:57:59 [pytest_result_log:122] : --------------Start: test_post_admin.py::test_Get_goods[142-1000]---------------
WARNING  22:57:59 [pytest_result_log:128] : ---------------End: test_post_admin.py::test_Get_goods[142-1000]----------------
WARNING  22:57:59 [pytest_result_log:122] : --------------Start: test_post_admin.py::test_Get_goods[143-1000]---------------
WARNING  22:57:59 [pytest_result_log:128] : ---------------End: test_post_admin.py::test_Get_goods[143-1000]----------------
WARNING  22:57:59 [pytest_result_log:122] : --------------Start: test_post_admin.py::test_Get_goods[144-1000]---------------
WARNING  22:57:59 [pytest_result_log:128] : ---------------End: test_post_admin.py::test_Get_goods[144-1000]----------------
WARNING  22:57:59 [pytest_result_log:122] : --------------Start: test_post_admin.py::test_Get_goods[145-1000]---------------
WARNING  22:58:00 [pytest_result_log:128] : ---------------End: test_post_admin.py::test_Get_goods[145-1000]----------------
WARNING  22:58:00 [pytest_result_log:122] : --------------Start: test_post_admin.py::test_Get_goods[146-1000]---------------
WARNING  22:58:00 [pytest_result_log:128] : ---------------End: test_post_admin.py::test_Get_goods[146-1000]----------------
WARNING  22:58:00 [pytest_result_log:122] : --------------Start: test_post_admin.py::test_Get_goods[147-1000]---------------
WARNING  22:58:00 [pytest_result_log:128] : ---------------End: test_post_admin.py::test_Get_goods[147-1000]----------------
WARNING  22:58:00 [pytest_result_log:122] : --------------Start: test_post_admin.py::test_Get_goods[148-1000]---------------
WARNING  22:58:00 [pytest_result_log:128] : ---------------End: test_post_admin.py::test_Get_goods[148-1000]----------------
WARNING  22:58:00 [pytest_result_log:122] : --------------Start: test_post_admin.py::test_Get_goods[149-1000]---------------
WARNING  22:58:01 [pytest_result_log:128] : ---------------End: test_post_admin.py::test_Get_goods[149-1000]----------------
WARNING  22:58:01 [pytest_result_log:122] : --------------Start: test_post_admin.py::test_Get_goods[150-1000]---------------
WARNING  22:58:01 [pytest_result_log:128] : ---------------End: test_post_admin.py::test_Get_goods[150-1000]----------------
WARNING  22:58:01 [pytest_result_log:122] : --------------Start: test_post_admin.py::test_Get_goods[151-1000]---------------
WARNING  22:58:01 [pytest_result_log:128] : ---------------End: test_post_admin.py::test_Get_goods[151-1000]----------------
WARNING  22:58:01 [pytest_result_log:122] : --------------Start: test_post_admin.py::test_Get_goods[152-1000]---------------
WARNING  22:58:01 [pytest_result_log:128] : ---------------End: test_post_admin.py::test_Get_goods[152-1000]----------------
WARNING  22:58:01 [pytest_result_log:122] : --------------Start: test_post_admin.py::test_Get_goods[153-1000]---------------
WARNING  22:58:02 [pytest_result_log:128] : ---------------End: test_post_admin.py::test_Get_goods[153-1000]----------------
WARNING  22:58:02 [pytest_result_log:122] : --------------Start: test_post_admin.py::test_Get_goods[154-1000]---------------
WARNING  22:58:02 [pytest_result_log:128] : ---------------End: test_post_admin.py::test_Get_goods[154-1000]----------------
WARNING  22:58:02 [pytest_result_log:122] : --------------Start: test_post_admin.py::test_Get_goods[155-1000]---------------
WARNING  22:58:02 [pytest_result_log:128] : ---------------End: test_post_admin.py::test_Get_goods[155-1000]----------------
WARNING  22:58:02 [pytest_result_log:122] : --------------Start: test_post_admin.py::test_Get_goods[156-1000]---------------
WARNING  22:58:02 [pytest_result_log:128] : ---------------End: test_post_admin.py::test_Get_goods[156-1000]----------------
WARNING  22:58:02 [pytest_result_log:122] : --------------Start: test_post_admin.py::test_Get_goods[157-1000]---------------
WARNING  22:58:03 [pytest_result_log:128] : ---------------End: test_post_admin.py::test_Get_goods[157-1000]----------------
WARNING  22:58:03 [pytest_result_log:122] : --------------Start: test_post_admin.py::test_Get_goods[158-1000]---------------
WARNING  22:58:03 [pytest_result_log:128] : ---------------End: test_post_admin.py::test_Get_goods[158-1000]----------------
WARNING  22:58:03 [pytest_result_log:122] : --------------Start: test_post_admin.py::test_Get_goods[159-1000]---------------
WARNING  22:58:03 [pytest_result_log:128] : ---------------End: test_post_admin.py::test_Get_goods[159-1000]----------------
WARNING  22:58:03 [pytest_result_log:122] : --------------Start: test_post_admin.py::test_Get_goods[160-1000]---------------
WARNING  22:58:03 [pytest_result_log:128] : ---------------End: test_post_admin.py::test_Get_goods[160-1000]----------------
WARNING  22:58:03 [pytest_result_log:122] : --------------Start: test_post_admin.py::test_Get_goods[161-1000]---------------
WARNING  22:58:03 [pytest_result_log:128] : ---------------End: test_post_admin.py::test_Get_goods[161-1000]----------------
WARNING  22:58:03 [pytest_result_log:122] : --------------Start: test_post_admin.py::test_Get_goods[162-1000]---------------
WARNING  22:58:04 [pytest_result_log:128] : ---------------End: test_post_admin.py::test_Get_goods[162-1000]----------------
WARNING  22:58:04 [pytest_result_log:122] : --------------Start: test_post_admin.py::test_Get_goods[163-1000]---------------
WARNING  22:58:04 [pytest_result_log:128] : ---------------End: test_post_admin.py::test_Get_goods[163-1000]----------------
WARNING  22:58:04 [pytest_result_log:122] : --------------Start: test_post_admin.py::test_Get_goods[164-1000]---------------
WARNING  22:58:04 [pytest_result_log:128] : ---------------End: test_post_admin.py::test_Get_goods[164-1000]----------------
WARNING  22:58:04 [pytest_result_log:122] : --------------Start: test_post_admin.py::test_Get_goods[165-1000]---------------
WARNING  22:58:05 [pytest_result_log:128] : ---------------End: test_post_admin.py::test_Get_goods[165-1000]----------------
WARNING  22:58:05 [pytest_result_log:122] : --------------Start: test_post_admin.py::test_Get_goods[166-1000]---------------
WARNING  22:58:05 [pytest_result_log:128] : ---------------End: test_post_admin.py::test_Get_goods[166-1000]----------------
WARNING  22:58:05 [pytest_result_log:122] : --------------Start: test_post_admin.py::test_Get_goods[167-1000]---------------
WARNING  22:58:05 [pytest_result_log:128] : ---------------End: test_post_admin.py::test_Get_goods[167-1000]----------------
WARNING  22:58:05 [pytest_result_log:122] : --------------Start: test_post_admin.py::test_Get_goods[168-1000]---------------
WARNING  22:58:05 [pytest_result_log:128] : ---------------End: test_post_admin.py::test_Get_goods[168-1000]----------------
WARNING  22:58:05 [pytest_result_log:122] : --------------Start: test_post_admin.py::test_Get_goods[169-1000]---------------
WARNING  22:58:05 [pytest_result_log:128] : ---------------End: test_post_admin.py::test_Get_goods[169-1000]----------------
WARNING  22:58:05 [pytest_result_log:122] : --------------Start: test_post_admin.py::test_Get_goods[170-1000]---------------
WARNING  22:58:06 [pytest_result_log:128] : ---------------End: test_post_admin.py::test_Get_goods[170-1000]----------------
WARNING  22:58:06 [pytest_result_log:122] : --------------Start: test_post_admin.py::test_Get_goods[171-1000]---------------
WARNING  22:58:06 [pytest_result_log:128] : ---------------End: test_post_admin.py::test_Get_goods[171-1000]----------------
WARNING  22:58:06 [pytest_result_log:122] : --------------Start: test_post_admin.py::test_Get_goods[172-1000]---------------
WARNING  22:58:06 [pytest_result_log:128] : ---------------End: test_post_admin.py::test_Get_goods[172-1000]----------------
WARNING  22:58:06 [pytest_result_log:122] : --------------Start: test_post_admin.py::test_Get_goods[173-1000]---------------
WARNING  22:58:07 [pytest_result_log:128] : ---------------End: test_post_admin.py::test_Get_goods[173-1000]----------------
WARNING  22:58:07 [pytest_result_log:122] : --------------Start: test_post_admin.py::test_Get_goods[174-1000]---------------
WARNING  22:58:07 [pytest_result_log:128] : ---------------End: test_post_admin.py::test_Get_goods[174-1000]----------------
WARNING  22:58:07 [pytest_result_log:122] : --------------Start: test_post_admin.py::test_Get_goods[175-1000]---------------
WARNING  22:58:07 [pytest_result_log:128] : ---------------End: test_post_admin.py::test_Get_goods[175-1000]----------------
WARNING  22:58:07 [pytest_result_log:122] : --------------Start: test_post_admin.py::test_Get_goods[176-1000]---------------
WARNING  22:58:07 [pytest_result_log:128] : ---------------End: test_post_admin.py::test_Get_goods[176-1000]----------------
WARNING  22:58:07 [pytest_result_log:122] : --------------Start: test_post_admin.py::test_Get_goods[177-1000]---------------
WARNING  22:58:08 [pytest_result_log:128] : ---------------End: test_post_admin.py::test_Get_goods[177-1000]----------------
WARNING  22:58:08 [pytest_result_log:122] : --------------Start: test_post_admin.py::test_Get_goods[178-1000]---------------
WARNING  22:58:08 [pytest_result_log:128] : ---------------End: test_post_admin.py::test_Get_goods[178-1000]----------------
WARNING  22:58:08 [pytest_result_log:122] : --------------Start: test_post_admin.py::test_Get_goods[179-1000]---------------
WARNING  22:58:08 [pytest_result_log:128] : ---------------End: test_post_admin.py::test_Get_goods[179-1000]----------------
WARNING  22:58:08 [pytest_result_log:122] : --------------Start: test_post_admin.py::test_Get_goods[180-1000]---------------
WARNING  22:58:08 [pytest_result_log:128] : ---------------End: test_post_admin.py::test_Get_goods[180-1000]----------------
WARNING  22:58:08 [pytest_result_log:122] : --------------Start: test_post_admin.py::test_Get_goods[181-1000]---------------
WARNING  22:58:09 [pytest_result_log:128] : ---------------End: test_post_admin.py::test_Get_goods[181-1000]----------------
WARNING  22:58:09 [pytest_result_log:122] : --------------Start: test_post_admin.py::test_Get_goods[182-1000]---------------
WARNING  22:58:09 [pytest_result_log:128] : ---------------End: test_post_admin.py::test_Get_goods[182-1000]----------------
WARNING  22:58:09 [pytest_result_log:122] : --------------Start: test_post_admin.py::test_Get_goods[183-1000]---------------
WARNING  22:58:09 [pytest_result_log:128] : ---------------End: test_post_admin.py::test_Get_goods[183-1000]----------------
WARNING  22:58:09 [pytest_result_log:122] : --------------Start: test_post_admin.py::test_Get_goods[184-1000]---------------
WARNING  22:58:09 [pytest_result_log:128] : ---------------End: test_post_admin.py::test_Get_goods[184-1000]----------------
WARNING  22:58:09 [pytest_result_log:122] : --------------Start: test_post_admin.py::test_Get_goods[185-1000]---------------
WARNING  22:58:10 [pytest_result_log:128] : ---------------End: test_post_admin.py::test_Get_goods[185-1000]----------------
WARNING  22:58:10 [pytest_result_log:122] : --------------Start: test_post_admin.py::test_Get_goods[186-1000]---------------
WARNING  22:58:10 [pytest_result_log:128] : ---------------End: test_post_admin.py::test_Get_goods[186-1000]----------------
WARNING  22:58:10 [pytest_result_log:122] : --------------Start: test_post_admin.py::test_Get_goods[187-1000]---------------
WARNING  22:58:10 [pytest_result_log:128] : ---------------End: test_post_admin.py::test_Get_goods[187-1000]----------------
WARNING  22:58:10 [pytest_result_log:122] : --------------Start: test_post_admin.py::test_Get_goods[188-1000]---------------
WARNING  22:58:10 [pytest_result_log:128] : ---------------End: test_post_admin.py::test_Get_goods[188-1000]----------------
WARNING  22:58:10 [pytest_result_log:122] : --------------Start: test_post_admin.py::test_Get_goods[189-1000]---------------
WARNING  22:58:11 [pytest_result_log:128] : ---------------End: test_post_admin.py::test_Get_goods[189-1000]----------------
WARNING  22:58:11 [pytest_result_log:122] : --------------Start: test_post_admin.py::test_Get_goods[190-1000]---------------
WARNING  22:58:11 [pytest_result_log:128] : ---------------End: test_post_admin.py::test_Get_goods[190-1000]----------------
WARNING  22:58:11 [pytest_result_log:122] : --------------Start: test_post_admin.py::test_Get_goods[191-1000]---------------
WARNING  22:58:11 [pytest_result_log:128] : ---------------End: test_post_admin.py::test_Get_goods[191-1000]----------------
WARNING  22:58:11 [pytest_result_log:122] : --------------Start: test_post_admin.py::test_Get_goods[192-1000]---------------
WARNING  22:58:11 [pytest_result_log:128] : ---------------End: test_post_admin.py::test_Get_goods[192-1000]----------------
WARNING  22:58:11 [pytest_result_log:122] : --------------Start: test_post_admin.py::test_Get_goods[193-1000]---------------
WARNING  22:58:12 [pytest_result_log:128] : ---------------End: test_post_admin.py::test_Get_goods[193-1000]----------------
WARNING  22:58:12 [pytest_result_log:122] : --------------Start: test_post_admin.py::test_Get_goods[194-1000]---------------
WARNING  22:58:12 [pytest_result_log:128] : ---------------End: test_post_admin.py::test_Get_goods[194-1000]----------------
WARNING  22:58:12 [pytest_result_log:122] : --------------Start: test_post_admin.py::test_Get_goods[195-1000]---------------
WARNING  22:58:12 [pytest_result_log:128] : ---------------End: test_post_admin.py::test_Get_goods[195-1000]----------------
WARNING  22:58:12 [pytest_result_log:122] : --------------Start: test_post_admin.py::test_Get_goods[196-1000]---------------
WARNING  22:58:12 [pytest_result_log:128] : ---------------End: test_post_admin.py::test_Get_goods[196-1000]----------------
WARNING  22:58:12 [pytest_result_log:122] : --------------Start: test_post_admin.py::test_Get_goods[197-1000]---------------
WARNING  22:58:13 [pytest_result_log:128] : ---------------End: test_post_admin.py::test_Get_goods[197-1000]----------------
WARNING  22:58:13 [pytest_result_log:122] : --------------Start: test_post_admin.py::test_Get_goods[198-1000]---------------
WARNING  22:58:13 [pytest_result_log:128] : ---------------End: test_post_admin.py::test_Get_goods[198-1000]----------------
WARNING  22:58:13 [pytest_result_log:122] : --------------Start: test_post_admin.py::test_Get_goods[199-1000]---------------
WARNING  22:58:13 [pytest_result_log:128] : ---------------End: test_post_admin.py::test_Get_goods[199-1000]----------------
WARNING  22:58:13 [pytest_result_log:122] : --------------Start: test_post_admin.py::test_Get_goods[200-1000]---------------
WARNING  22:58:13 [pytest_result_log:128] : ---------------End: test_post_admin.py::test_Get_goods[200-1000]----------------
WARNING  22:58:13 [pytest_result_log:122] : --------------Start: test_post_admin.py::test_Get_goods[201-1000]---------------
WARNING  22:58:13 [pytest_result_log:128] : ---------------End: test_post_admin.py::test_Get_goods[201-1000]----------------
WARNING  22:58:13 [pytest_result_log:122] : --------------Start: test_post_admin.py::test_Get_goods[202-1000]---------------
WARNING  22:58:14 [pytest_result_log:128] : ---------------End: test_post_admin.py::test_Get_goods[202-1000]----------------
WARNING  22:58:14 [pytest_result_log:122] : --------------Start: test_post_admin.py::test_Get_goods[203-1000]---------------
WARNING  22:58:14 [pytest_result_log:128] : ---------------End: test_post_admin.py::test_Get_goods[203-1000]----------------
WARNING  22:58:14 [pytest_result_log:122] : --------------Start: test_post_admin.py::test_Get_goods[204-1000]---------------
WARNING  22:58:14 [pytest_result_log:128] : ---------------End: test_post_admin.py::test_Get_goods[204-1000]----------------
WARNING  22:58:14 [pytest_result_log:122] : --------------Start: test_post_admin.py::test_Get_goods[205-1000]---------------
WARNING  22:58:14 [pytest_result_log:128] : ---------------End: test_post_admin.py::test_Get_goods[205-1000]----------------
WARNING  22:58:14 [pytest_result_log:122] : --------------Start: test_post_admin.py::test_Get_goods[206-1000]---------------
WARNING  22:58:15 [pytest_result_log:128] : ---------------End: test_post_admin.py::test_Get_goods[206-1000]----------------
WARNING  22:58:15 [pytest_result_log:122] : --------------Start: test_post_admin.py::test_Get_goods[207-1000]---------------
WARNING  22:58:15 [pytest_result_log:128] : ---------------End: test_post_admin.py::test_Get_goods[207-1000]----------------
WARNING  22:58:15 [pytest_result_log:122] : --------------Start: test_post_admin.py::test_Get_goods[208-1000]---------------
WARNING  22:58:15 [pytest_result_log:128] : ---------------End: test_post_admin.py::test_Get_goods[208-1000]----------------
WARNING  22:58:15 [pytest_result_log:122] : --------------Start: test_post_admin.py::test_Get_goods[209-1000]---------------
WARNING  22:58:15 [pytest_result_log:128] : ---------------End: test_post_admin.py::test_Get_goods[209-1000]----------------
WARNING  22:58:15 [pytest_result_log:122] : --------------Start: test_post_admin.py::test_Get_goods[210-1000]---------------
WARNING  22:58:16 [pytest_result_log:128] : ---------------End: test_post_admin.py::test_Get_goods[210-1000]----------------
WARNING  22:58:16 [pytest_result_log:122] : --------------Start: test_post_admin.py::test_Get_goods[211-1000]---------------
WARNING  22:58:16 [pytest_result_log:128] : ---------------End: test_post_admin.py::test_Get_goods[211-1000]----------------
WARNING  22:58:16 [pytest_result_log:122] : --------------Start: test_post_admin.py::test_Get_goods[212-1000]---------------
WARNING  22:58:16 [pytest_result_log:128] : ---------------End: test_post_admin.py::test_Get_goods[212-1000]----------------
WARNING  22:58:16 [pytest_result_log:122] : --------------Start: test_post_admin.py::test_Get_goods[213-1000]---------------
WARNING  22:58:16 [pytest_result_log:128] : ---------------End: test_post_admin.py::test_Get_goods[213-1000]----------------
WARNING  22:58:16 [pytest_result_log:122] : --------------Start: test_post_admin.py::test_Get_goods[214-1000]---------------
WARNING  22:58:17 [pytest_result_log:128] : ---------------End: test_post_admin.py::test_Get_goods[214-1000]----------------
WARNING  22:58:17 [pytest_result_log:122] : --------------Start: test_post_admin.py::test_Get_goods[215-1000]---------------
WARNING  22:58:17 [pytest_result_log:128] : ---------------End: test_post_admin.py::test_Get_goods[215-1000]----------------
WARNING  22:58:17 [pytest_result_log:122] : --------------Start: test_post_admin.py::test_Get_goods[216-1000]---------------
WARNING  22:58:17 [pytest_result_log:128] : ---------------End: test_post_admin.py::test_Get_goods[216-1000]----------------
WARNING  22:58:17 [pytest_result_log:122] : --------------Start: test_post_admin.py::test_Get_goods[217-1000]---------------
WARNING  22:58:17 [pytest_result_log:128] : ---------------End: test_post_admin.py::test_Get_goods[217-1000]----------------
WARNING  22:58:17 [pytest_result_log:122] : --------------Start: test_post_admin.py::test_Get_goods[218-1000]---------------
WARNING  22:58:18 [pytest_result_log:128] : ---------------End: test_post_admin.py::test_Get_goods[218-1000]----------------
WARNING  22:58:18 [pytest_result_log:122] : --------------Start: test_post_admin.py::test_Get_goods[219-1000]---------------
WARNING  22:58:18 [pytest_result_log:128] : ---------------End: test_post_admin.py::test_Get_goods[219-1000]----------------
WARNING  22:58:18 [pytest_result_log:122] : --------------Start: test_post_admin.py::test_Get_goods[220-1000]---------------
WARNING  22:58:18 [pytest_result_log:128] : ---------------End: test_post_admin.py::test_Get_goods[220-1000]----------------
WARNING  22:58:18 [pytest_result_log:122] : --------------Start: test_post_admin.py::test_Get_goods[221-1000]---------------
WARNING  22:58:18 [pytest_result_log:128] : ---------------End: test_post_admin.py::test_Get_goods[221-1000]----------------
WARNING  22:58:18 [pytest_result_log:122] : --------------Start: test_post_admin.py::test_Get_goods[222-1000]---------------
WARNING  22:58:19 [pytest_result_log:128] : ---------------End: test_post_admin.py::test_Get_goods[222-1000]----------------
WARNING  22:58:19 [pytest_result_log:122] : --------------Start: test_post_admin.py::test_Get_goods[223-1000]---------------
WARNING  22:58:19 [pytest_result_log:128] : ---------------End: test_post_admin.py::test_Get_goods[223-1000]----------------
WARNING  22:58:19 [pytest_result_log:122] : --------------Start: test_post_admin.py::test_Get_goods[224-1000]---------------
WARNING  22:58:19 [pytest_result_log:128] : ---------------End: test_post_admin.py::test_Get_goods[224-1000]----------------
WARNING  22:58:19 [pytest_result_log:122] : --------------Start: test_post_admin.py::test_Get_goods[225-1000]---------------
WARNING  22:58:19 [pytest_result_log:128] : ---------------End: test_post_admin.py::test_Get_goods[225-1000]----------------
WARNING  22:58:19 [pytest_result_log:122] : --------------Start: test_post_admin.py::test_Get_goods[226-1000]---------------
WARNING  22:58:20 [pytest_result_log:128] : ---------------End: test_post_admin.py::test_Get_goods[226-1000]----------------
WARNING  22:58:20 [pytest_result_log:122] : --------------Start: test_post_admin.py::test_Get_goods[227-1000]---------------
WARNING  22:58:20 [pytest_result_log:128] : ---------------End: test_post_admin.py::test_Get_goods[227-1000]----------------
WARNING  22:58:20 [pytest_result_log:122] : --------------Start: test_post_admin.py::test_Get_goods[228-1000]---------------
WARNING  22:58:20 [pytest_result_log:128] : ---------------End: test_post_admin.py::test_Get_goods[228-1000]----------------
WARNING  22:58:20 [pytest_result_log:122] : --------------Start: test_post_admin.py::test_Get_goods[229-1000]---------------
WARNING  22:58:20 [pytest_result_log:128] : ---------------End: test_post_admin.py::test_Get_goods[229-1000]----------------
WARNING  22:58:20 [pytest_result_log:122] : --------------Start: test_post_admin.py::test_Get_goods[230-1000]---------------
WARNING  22:58:21 [pytest_result_log:128] : ---------------End: test_post_admin.py::test_Get_goods[230-1000]----------------
WARNING  22:58:21 [pytest_result_log:122] : --------------Start: test_post_admin.py::test_Get_goods[231-1000]---------------
WARNING  22:58:21 [pytest_result_log:128] : ---------------End: test_post_admin.py::test_Get_goods[231-1000]----------------
WARNING  22:58:21 [pytest_result_log:122] : --------------Start: test_post_admin.py::test_Get_goods[232-1000]---------------
WARNING  22:58:21 [pytest_result_log:128] : ---------------End: test_post_admin.py::test_Get_goods[232-1000]----------------
WARNING  22:58:21 [pytest_result_log:122] : --------------Start: test_post_admin.py::test_Get_goods[233-1000]---------------
WARNING  22:58:21 [pytest_result_log:128] : ---------------End: test_post_admin.py::test_Get_goods[233-1000]----------------
WARNING  22:58:21 [pytest_result_log:122] : --------------Start: test_post_admin.py::test_Get_goods[234-1000]---------------
WARNING  22:58:22 [pytest_result_log:128] : ---------------End: test_post_admin.py::test_Get_goods[234-1000]----------------
WARNING  22:58:22 [pytest_result_log:122] : --------------Start: test_post_admin.py::test_Get_goods[235-1000]---------------
WARNING  22:58:22 [pytest_result_log:128] : ---------------End: test_post_admin.py::test_Get_goods[235-1000]----------------
WARNING  22:58:22 [pytest_result_log:122] : --------------Start: test_post_admin.py::test_Get_goods[236-1000]---------------
WARNING  22:58:22 [pytest_result_log:128] : ---------------End: test_post_admin.py::test_Get_goods[236-1000]----------------
WARNING  22:58:22 [pytest_result_log:122] : --------------Start: test_post_admin.py::test_Get_goods[237-1000]---------------
WARNING  22:58:22 [pytest_result_log:128] : ---------------End: test_post_admin.py::test_Get_goods[237-1000]----------------
WARNING  22:58:22 [pytest_result_log:122] : --------------Start: test_post_admin.py::test_Get_goods[238-1000]---------------
WARNING  22:58:23 [pytest_result_log:128] : ---------------End: test_post_admin.py::test_Get_goods[238-1000]----------------
WARNING  22:58:23 [pytest_result_log:122] : --------------Start: test_post_admin.py::test_Get_goods[239-1000]---------------
WARNING  22:58:23 [pytest_result_log:128] : ---------------End: test_post_admin.py::test_Get_goods[239-1000]----------------
WARNING  22:58:23 [pytest_result_log:122] : --------------Start: test_post_admin.py::test_Get_goods[240-1000]---------------
WARNING  22:58:23 [pytest_result_log:128] : ---------------End: test_post_admin.py::test_Get_goods[240-1000]----------------
WARNING  22:58:23 [pytest_result_log:122] : --------------Start: test_post_admin.py::test_Get_goods[241-1000]---------------
WARNING  22:58:23 [pytest_result_log:128] : ---------------End: test_post_admin.py::test_Get_goods[241-1000]----------------
WARNING  22:58:23 [pytest_result_log:122] : --------------Start: test_post_admin.py::test_Get_goods[242-1000]---------------
WARNING  22:58:24 [pytest_result_log:128] : ---------------End: test_post_admin.py::test_Get_goods[242-1000]----------------
WARNING  22:58:24 [pytest_result_log:122] : --------------Start: test_post_admin.py::test_Get_goods[243-1000]---------------
WARNING  22:58:24 [pytest_result_log:128] : ---------------End: test_post_admin.py::test_Get_goods[243-1000]----------------
WARNING  22:58:24 [pytest_result_log:122] : --------------Start: test_post_admin.py::test_Get_goods[244-1000]---------------
WARNING  22:58:24 [pytest_result_log:128] : ---------------End: test_post_admin.py::test_Get_goods[244-1000]----------------
WARNING  22:58:24 [pytest_result_log:122] : --------------Start: test_post_admin.py::test_Get_goods[245-1000]---------------
WARNING  22:58:24 [pytest_result_log:128] : ---------------End: test_post_admin.py::test_Get_goods[245-1000]----------------
WARNING  22:58:24 [pytest_result_log:122] : --------------Start: test_post_admin.py::test_Get_goods[246-1000]---------------
WARNING  22:58:25 [pytest_result_log:128] : ---------------End: test_post_admin.py::test_Get_goods[246-1000]----------------
WARNING  22:58:25 [pytest_result_log:122] : --------------Start: test_post_admin.py::test_Get_goods[247-1000]---------------
WARNING  22:58:25 [pytest_result_log:128] : ---------------End: test_post_admin.py::test_Get_goods[247-1000]----------------
WARNING  22:58:25 [pytest_result_log:122] : --------------Start: test_post_admin.py::test_Get_goods[248-1000]---------------
WARNING  22:58:25 [pytest_result_log:128] : ---------------End: test_post_admin.py::test_Get_goods[248-1000]----------------
WARNING  22:58:25 [pytest_result_log:122] : --------------Start: test_post_admin.py::test_Get_goods[249-1000]---------------
WARNING  22:58:25 [pytest_result_log:128] : ---------------End: test_post_admin.py::test_Get_goods[249-1000]----------------
WARNING  22:58:25 [pytest_result_log:122] : --------------Start: test_post_admin.py::test_Get_goods[250-1000]---------------
WARNING  22:58:26 [pytest_result_log:128] : ---------------End: test_post_admin.py::test_Get_goods[250-1000]----------------
WARNING  22:58:26 [pytest_result_log:122] : --------------Start: test_post_admin.py::test_Get_goods[251-1000]---------------
WARNING  22:58:26 [pytest_result_log:128] : ---------------End: test_post_admin.py::test_Get_goods[251-1000]----------------
WARNING  22:58:26 [pytest_result_log:122] : --------------Start: test_post_admin.py::test_Get_goods[252-1000]---------------
WARNING  22:58:26 [pytest_result_log:128] : ---------------End: test_post_admin.py::test_Get_goods[252-1000]----------------
WARNING  22:58:26 [pytest_result_log:122] : --------------Start: test_post_admin.py::test_Get_goods[253-1000]---------------
WARNING  22:58:26 [pytest_result_log:128] : ---------------End: test_post_admin.py::test_Get_goods[253-1000]----------------
WARNING  22:58:26 [pytest_result_log:122] : --------------Start: test_post_admin.py::test_Get_goods[254-1000]---------------
WARNING  22:58:27 [pytest_result_log:128] : ---------------End: test_post_admin.py::test_Get_goods[254-1000]----------------
WARNING  22:58:27 [pytest_result_log:122] : --------------Start: test_post_admin.py::test_Get_goods[255-1000]---------------
WARNING  22:58:27 [pytest_result_log:128] : ---------------End: test_post_admin.py::test_Get_goods[255-1000]----------------
WARNING  22:58:27 [pytest_result_log:122] : --------------Start: test_post_admin.py::test_Get_goods[256-1000]---------------
WARNING  22:58:27 [pytest_result_log:128] : ---------------End: test_post_admin.py::test_Get_goods[256-1000]----------------
WARNING  22:58:27 [pytest_result_log:122] : --------------Start: test_post_admin.py::test_Get_goods[257-1000]---------------
WARNING  22:58:27 [pytest_result_log:128] : ---------------End: test_post_admin.py::test_Get_goods[257-1000]----------------
WARNING  22:58:27 [pytest_result_log:122] : --------------Start: test_post_admin.py::test_Get_goods[258-1000]---------------
WARNING  22:58:27 [pytest_result_log:128] : ---------------End: test_post_admin.py::test_Get_goods[258-1000]----------------
WARNING  22:58:27 [pytest_result_log:122] : --------------Start: test_post_admin.py::test_Get_goods[259-1000]---------------
WARNING  22:58:28 [pytest_result_log:128] : ---------------End: test_post_admin.py::test_Get_goods[259-1000]----------------
WARNING  22:58:28 [pytest_result_log:122] : --------------Start: test_post_admin.py::test_Get_goods[260-1000]---------------
WARNING  22:58:28 [pytest_result_log:128] : ---------------End: test_post_admin.py::test_Get_goods[260-1000]----------------
WARNING  22:58:28 [pytest_result_log:122] : --------------Start: test_post_admin.py::test_Get_goods[261-1000]---------------
WARNING  22:58:28 [pytest_result_log:128] : ---------------End: test_post_admin.py::test_Get_goods[261-1000]----------------
WARNING  22:58:28 [pytest_result_log:122] : --------------Start: test_post_admin.py::test_Get_goods[262-1000]---------------
WARNING  22:58:28 [pytest_result_log:128] : ---------------End: test_post_admin.py::test_Get_goods[262-1000]----------------
WARNING  22:58:28 [pytest_result_log:122] : --------------Start: test_post_admin.py::test_Get_goods[263-1000]---------------
WARNING  22:58:29 [pytest_result_log:128] : ---------------End: test_post_admin.py::test_Get_goods[263-1000]----------------
WARNING  22:58:29 [pytest_result_log:122] : --------------Start: test_post_admin.py::test_Get_goods[264-1000]---------------
WARNING  22:58:29 [pytest_result_log:128] : ---------------End: test_post_admin.py::test_Get_goods[264-1000]----------------
WARNING  22:58:29 [pytest_result_log:122] : --------------Start: test_post_admin.py::test_Get_goods[265-1000]---------------
WARNING  22:58:29 [pytest_result_log:128] : ---------------End: test_post_admin.py::test_Get_goods[265-1000]----------------
WARNING  22:58:29 [pytest_result_log:122] : --------------Start: test_post_admin.py::test_Get_goods[266-1000]---------------
WARNING  22:58:29 [pytest_result_log:128] : ---------------End: test_post_admin.py::test_Get_goods[266-1000]----------------
WARNING  22:58:29 [pytest_result_log:122] : --------------Start: test_post_admin.py::test_Get_goods[267-1000]---------------
WARNING  22:58:30 [pytest_result_log:128] : ---------------End: test_post_admin.py::test_Get_goods[267-1000]----------------
WARNING  22:58:30 [pytest_result_log:122] : --------------Start: test_post_admin.py::test_Get_goods[268-1000]---------------
WARNING  22:58:30 [pytest_result_log:128] : ---------------End: test_post_admin.py::test_Get_goods[268-1000]----------------
WARNING  22:58:30 [pytest_result_log:122] : --------------Start: test_post_admin.py::test_Get_goods[269-1000]---------------
WARNING  22:58:30 [pytest_result_log:128] : ---------------End: test_post_admin.py::test_Get_goods[269-1000]----------------
WARNING  22:58:30 [pytest_result_log:122] : --------------Start: test_post_admin.py::test_Get_goods[270-1000]---------------
WARNING  22:58:30 [pytest_result_log:128] : ---------------End: test_post_admin.py::test_Get_goods[270-1000]----------------
WARNING  22:58:30 [pytest_result_log:122] : --------------Start: test_post_admin.py::test_Get_goods[271-1000]---------------
WARNING  22:58:31 [pytest_result_log:128] : ---------------End: test_post_admin.py::test_Get_goods[271-1000]----------------
WARNING  22:58:31 [pytest_result_log:122] : --------------Start: test_post_admin.py::test_Get_goods[272-1000]---------------
WARNING  22:58:31 [pytest_result_log:128] : ---------------End: test_post_admin.py::test_Get_goods[272-1000]----------------
WARNING  22:58:31 [pytest_result_log:122] : --------------Start: test_post_admin.py::test_Get_goods[273-1000]---------------
WARNING  22:58:31 [pytest_result_log:128] : ---------------End: test_post_admin.py::test_Get_goods[273-1000]----------------
WARNING  22:58:31 [pytest_result_log:122] : --------------Start: test_post_admin.py::test_Get_goods[274-1000]---------------
WARNING  22:58:31 [pytest_result_log:128] : ---------------End: test_post_admin.py::test_Get_goods[274-1000]----------------
WARNING  22:58:31 [pytest_result_log:122] : --------------Start: test_post_admin.py::test_Get_goods[275-1000]---------------
WARNING  22:58:32 [pytest_result_log:128] : ---------------End: test_post_admin.py::test_Get_goods[275-1000]----------------
WARNING  22:58:32 [pytest_result_log:122] : --------------Start: test_post_admin.py::test_Get_goods[276-1000]---------------
WARNING  22:58:32 [pytest_result_log:128] : ---------------End: test_post_admin.py::test_Get_goods[276-1000]----------------
WARNING  22:58:32 [pytest_result_log:122] : --------------Start: test_post_admin.py::test_Get_goods[277-1000]---------------
WARNING  22:58:32 [pytest_result_log:128] : ---------------End: test_post_admin.py::test_Get_goods[277-1000]----------------
WARNING  22:58:32 [pytest_result_log:122] : --------------Start: test_post_admin.py::test_Get_goods[278-1000]---------------
WARNING  22:58:32 [pytest_result_log:128] : ---------------End: test_post_admin.py::test_Get_goods[278-1000]----------------
WARNING  22:58:32 [pytest_result_log:122] : --------------Start: test_post_admin.py::test_Get_goods[279-1000]---------------
WARNING  22:58:33 [pytest_result_log:128] : ---------------End: test_post_admin.py::test_Get_goods[279-1000]----------------
WARNING  22:58:33 [pytest_result_log:122] : --------------Start: test_post_admin.py::test_Get_goods[280-1000]---------------
WARNING  22:58:33 [pytest_result_log:128] : ---------------End: test_post_admin.py::test_Get_goods[280-1000]----------------
WARNING  22:58:33 [pytest_result_log:122] : --------------Start: test_post_admin.py::test_Get_goods[281-1000]---------------
WARNING  22:58:33 [pytest_result_log:128] : ---------------End: test_post_admin.py::test_Get_goods[281-1000]----------------
WARNING  22:58:33 [pytest_result_log:122] : --------------Start: test_post_admin.py::test_Get_goods[282-1000]---------------
WARNING  22:58:33 [pytest_result_log:128] : ---------------End: test_post_admin.py::test_Get_goods[282-1000]----------------
WARNING  22:58:33 [pytest_result_log:122] : --------------Start: test_post_admin.py::test_Get_goods[283-1000]---------------
WARNING  22:58:34 [pytest_result_log:128] : ---------------End: test_post_admin.py::test_Get_goods[283-1000]----------------
WARNING  22:58:34 [pytest_result_log:122] : --------------Start: test_post_admin.py::test_Get_goods[284-1000]---------------
WARNING  22:58:34 [pytest_result_log:128] : ---------------End: test_post_admin.py::test_Get_goods[284-1000]----------------
WARNING  22:58:34 [pytest_result_log:122] : --------------Start: test_post_admin.py::test_Get_goods[285-1000]---------------
WARNING  22:58:34 [pytest_result_log:128] : ---------------End: test_post_admin.py::test_Get_goods[285-1000]----------------
WARNING  22:58:34 [pytest_result_log:122] : --------------Start: test_post_admin.py::test_Get_goods[286-1000]---------------
WARNING  22:58:34 [pytest_result_log:128] : ---------------End: test_post_admin.py::test_Get_goods[286-1000]----------------
WARNING  22:58:34 [pytest_result_log:122] : --------------Start: test_post_admin.py::test_Get_goods[287-1000]---------------
WARNING  22:58:34 [pytest_result_log:128] : ---------------End: test_post_admin.py::test_Get_goods[287-1000]----------------
WARNING  22:58:34 [pytest_result_log:122] : --------------Start: test_post_admin.py::test_Get_goods[288-1000]---------------
WARNING  22:58:35 [pytest_result_log:128] : ---------------End: test_post_admin.py::test_Get_goods[288-1000]----------------
WARNING  22:58:35 [pytest_result_log:122] : --------------Start: test_post_admin.py::test_Get_goods[289-1000]---------------
WARNING  22:58:35 [pytest_result_log:128] : ---------------End: test_post_admin.py::test_Get_goods[289-1000]----------------
WARNING  22:58:35 [pytest_result_log:122] : --------------Start: test_post_admin.py::test_Get_goods[290-1000]---------------
WARNING  22:58:35 [pytest_result_log:128] : ---------------End: test_post_admin.py::test_Get_goods[290-1000]----------------
WARNING  22:58:35 [pytest_result_log:122] : --------------Start: test_post_admin.py::test_Get_goods[291-1000]---------------
WARNING  22:58:35 [pytest_result_log:128] : ---------------End: test_post_admin.py::test_Get_goods[291-1000]----------------
WARNING  22:58:35 [pytest_result_log:122] : --------------Start: test_post_admin.py::test_Get_goods[292-1000]---------------
WARNING  22:58:36 [pytest_result_log:128] : ---------------End: test_post_admin.py::test_Get_goods[292-1000]----------------
WARNING  22:58:36 [pytest_result_log:122] : --------------Start: test_post_admin.py::test_Get_goods[293-1000]---------------
WARNING  22:58:36 [pytest_result_log:128] : ---------------End: test_post_admin.py::test_Get_goods[293-1000]----------------
WARNING  22:58:36 [pytest_result_log:122] : --------------Start: test_post_admin.py::test_Get_goods[294-1000]---------------
WARNING  22:58:36 [pytest_result_log:128] : ---------------End: test_post_admin.py::test_Get_goods[294-1000]----------------
WARNING  22:58:36 [pytest_result_log:122] : --------------Start: test_post_admin.py::test_Get_goods[295-1000]---------------
WARNING  22:58:36 [pytest_result_log:128] : ---------------End: test_post_admin.py::test_Get_goods[295-1000]----------------
WARNING  22:58:36 [pytest_result_log:122] : --------------Start: test_post_admin.py::test_Get_goods[296-1000]---------------
WARNING  22:58:37 [pytest_result_log:128] : ---------------End: test_post_admin.py::test_Get_goods[296-1000]----------------
WARNING  22:58:37 [pytest_result_log:122] : --------------Start: test_post_admin.py::test_Get_goods[297-1000]---------------
WARNING  22:58:37 [pytest_result_log:128] : ---------------End: test_post_admin.py::test_Get_goods[297-1000]----------------
WARNING  22:58:37 [pytest_result_log:122] : --------------Start: test_post_admin.py::test_Get_goods[298-1000]---------------
WARNING  22:58:37 [pytest_result_log:128] : ---------------End: test_post_admin.py::test_Get_goods[298-1000]----------------
WARNING  22:58:37 [pytest_result_log:122] : --------------Start: test_post_admin.py::test_Get_goods[299-1000]---------------
WARNING  22:58:37 [pytest_result_log:128] : ---------------End: test_post_admin.py::test_Get_goods[299-1000]----------------
WARNING  22:58:37 [pytest_result_log:122] : --------------Start: test_post_admin.py::test_Get_goods[300-1000]---------------
WARNING  22:58:38 [pytest_result_log:128] : ---------------End: test_post_admin.py::test_Get_goods[300-1000]----------------
WARNING  22:58:38 [pytest_result_log:122] : --------------Start: test_post_admin.py::test_Get_goods[301-1000]---------------
WARNING  22:58:38 [pytest_result_log:128] : ---------------End: test_post_admin.py::test_Get_goods[301-1000]----------------
WARNING  22:58:38 [pytest_result_log:122] : --------------Start: test_post_admin.py::test_Get_goods[302-1000]---------------
WARNING  22:58:38 [pytest_result_log:128] : ---------------End: test_post_admin.py::test_Get_goods[302-1000]----------------
WARNING  22:58:38 [pytest_result_log:122] : --------------Start: test_post_admin.py::test_Get_goods[303-1000]---------------
WARNING  22:58:38 [pytest_result_log:128] : ---------------End: test_post_admin.py::test_Get_goods[303-1000]----------------
WARNING  22:58:38 [pytest_result_log:122] : --------------Start: test_post_admin.py::test_Get_goods[304-1000]---------------
WARNING  22:58:39 [pytest_result_log:128] : ---------------End: test_post_admin.py::test_Get_goods[304-1000]----------------
WARNING  22:58:39 [pytest_result_log:122] : --------------Start: test_post_admin.py::test_Get_goods[305-1000]---------------
WARNING  22:58:39 [pytest_result_log:128] : ---------------End: test_post_admin.py::test_Get_goods[305-1000]----------------
WARNING  22:58:39 [pytest_result_log:122] : --------------Start: test_post_admin.py::test_Get_goods[306-1000]---------------
WARNING  22:58:39 [pytest_result_log:128] : ---------------End: test_post_admin.py::test_Get_goods[306-1000]----------------
WARNING  22:58:39 [pytest_result_log:122] : --------------Start: test_post_admin.py::test_Get_goods[307-1000]---------------
WARNING  22:58:39 [pytest_result_log:128] : ---------------End: test_post_admin.py::test_Get_goods[307-1000]----------------
WARNING  22:58:39 [pytest_result_log:122] : --------------Start: test_post_admin.py::test_Get_goods[308-1000]---------------
WARNING  22:58:40 [pytest_result_log:128] : ---------------End: test_post_admin.py::test_Get_goods[308-1000]----------------
WARNING  22:58:40 [pytest_result_log:122] : --------------Start: test_post_admin.py::test_Get_goods[309-1000]---------------
WARNING  22:58:40 [pytest_result_log:128] : ---------------End: test_post_admin.py::test_Get_goods[309-1000]----------------
WARNING  22:58:40 [pytest_result_log:122] : --------------Start: test_post_admin.py::test_Get_goods[310-1000]---------------
WARNING  22:58:40 [pytest_result_log:128] : ---------------End: test_post_admin.py::test_Get_goods[310-1000]----------------
WARNING  22:58:40 [pytest_result_log:122] : --------------Start: test_post_admin.py::test_Get_goods[311-1000]---------------
WARNING  22:58:40 [pytest_result_log:128] : ---------------End: test_post_admin.py::test_Get_goods[311-1000]----------------
WARNING  22:58:40 [pytest_result_log:122] : --------------Start: test_post_admin.py::test_Get_goods[312-1000]---------------
WARNING  22:58:41 [pytest_result_log:128] : ---------------End: test_post_admin.py::test_Get_goods[312-1000]----------------
WARNING  22:58:41 [pytest_result_log:122] : --------------Start: test_post_admin.py::test_Get_goods[313-1000]---------------
WARNING  22:58:41 [pytest_result_log:128] : ---------------End: test_post_admin.py::test_Get_goods[313-1000]----------------
WARNING  22:58:41 [pytest_result_log:122] : --------------Start: test_post_admin.py::test_Get_goods[314-1000]---------------
WARNING  22:58:41 [pytest_result_log:128] : ---------------End: test_post_admin.py::test_Get_goods[314-1000]----------------
WARNING  22:58:41 [pytest_result_log:122] : --------------Start: test_post_admin.py::test_Get_goods[315-1000]---------------
WARNING  22:58:41 [pytest_result_log:128] : ---------------End: test_post_admin.py::test_Get_goods[315-1000]----------------
WARNING  22:58:41 [pytest_result_log:122] : --------------Start: test_post_admin.py::test_Get_goods[316-1000]---------------
WARNING  22:58:42 [pytest_result_log:128] : ---------------End: test_post_admin.py::test_Get_goods[316-1000]----------------
WARNING  22:58:42 [pytest_result_log:122] : --------------Start: test_post_admin.py::test_Get_goods[317-1000]---------------
WARNING  22:58:42 [pytest_result_log:128] : ---------------End: test_post_admin.py::test_Get_goods[317-1000]----------------
WARNING  22:58:42 [pytest_result_log:122] : --------------Start: test_post_admin.py::test_Get_goods[318-1000]---------------
WARNING  22:58:42 [pytest_result_log:128] : ---------------End: test_post_admin.py::test_Get_goods[318-1000]----------------
WARNING  22:58:42 [pytest_result_log:122] : --------------Start: test_post_admin.py::test_Get_goods[319-1000]---------------
WARNING  22:58:42 [pytest_result_log:128] : ---------------End: test_post_admin.py::test_Get_goods[319-1000]----------------
WARNING  22:58:42 [pytest_result_log:122] : --------------Start: test_post_admin.py::test_Get_goods[320-1000]---------------
WARNING  22:58:43 [pytest_result_log:128] : ---------------End: test_post_admin.py::test_Get_goods[320-1000]----------------
WARNING  22:58:43 [pytest_result_log:122] : --------------Start: test_post_admin.py::test_Get_goods[321-1000]---------------
WARNING  22:58:43 [pytest_result_log:128] : ---------------End: test_post_admin.py::test_Get_goods[321-1000]----------------
WARNING  22:58:43 [pytest_result_log:122] : --------------Start: test_post_admin.py::test_Get_goods[322-1000]---------------
WARNING  22:58:43 [pytest_result_log:128] : ---------------End: test_post_admin.py::test_Get_goods[322-1000]----------------
WARNING  22:58:43 [pytest_result_log:122] : --------------Start: test_post_admin.py::test_Get_goods[323-1000]---------------
WARNING  22:58:43 [pytest_result_log:128] : ---------------End: test_post_admin.py::test_Get_goods[323-1000]----------------
WARNING  22:58:43 [pytest_result_log:122] : --------------Start: test_post_admin.py::test_Get_goods[324-1000]---------------
WARNING  22:58:44 [pytest_result_log:128] : ---------------End: test_post_admin.py::test_Get_goods[324-1000]----------------
WARNING  22:58:44 [pytest_result_log:122] : --------------Start: test_post_admin.py::test_Get_goods[325-1000]---------------
WARNING  22:58:44 [pytest_result_log:128] : ---------------End: test_post_admin.py::test_Get_goods[325-1000]----------------
WARNING  22:58:44 [pytest_result_log:122] : --------------Start: test_post_admin.py::test_Get_goods[326-1000]---------------
WARNING  22:58:44 [pytest_result_log:128] : ---------------End: test_post_admin.py::test_Get_goods[326-1000]----------------
WARNING  22:58:44 [pytest_result_log:122] : --------------Start: test_post_admin.py::test_Get_goods[327-1000]---------------
WARNING  22:58:44 [pytest_result_log:128] : ---------------End: test_post_admin.py::test_Get_goods[327-1000]----------------
WARNING  22:58:44 [pytest_result_log:122] : --------------Start: test_post_admin.py::test_Get_goods[328-1000]---------------
WARNING  22:58:45 [pytest_result_log:128] : ---------------End: test_post_admin.py::test_Get_goods[328-1000]----------------
WARNING  22:58:45 [pytest_result_log:122] : --------------Start: test_post_admin.py::test_Get_goods[329-1000]---------------
WARNING  22:58:45 [pytest_result_log:128] : ---------------End: test_post_admin.py::test_Get_goods[329-1000]----------------
WARNING  22:58:45 [pytest_result_log:122] : --------------Start: test_post_admin.py::test_Get_goods[330-1000]---------------
WARNING  22:58:45 [pytest_result_log:128] : ---------------End: test_post_admin.py::test_Get_goods[330-1000]----------------
WARNING  22:58:45 [pytest_result_log:122] : --------------Start: test_post_admin.py::test_Get_goods[331-1000]---------------
WARNING  22:58:45 [pytest_result_log:128] : ---------------End: test_post_admin.py::test_Get_goods[331-1000]----------------
WARNING  22:58:45 [pytest_result_log:122] : --------------Start: test_post_admin.py::test_Get_goods[332-1000]---------------
WARNING  22:58:46 [pytest_result_log:128] : ---------------End: test_post_admin.py::test_Get_goods[332-1000]----------------
WARNING  22:58:46 [pytest_result_log:122] : --------------Start: test_post_admin.py::test_Get_goods[333-1000]---------------
WARNING  22:58:46 [pytest_result_log:128] : ---------------End: test_post_admin.py::test_Get_goods[333-1000]----------------
WARNING  22:58:46 [pytest_result_log:122] : --------------Start: test_post_admin.py::test_Get_goods[334-1000]---------------
WARNING  22:58:46 [pytest_result_log:128] : ---------------End: test_post_admin.py::test_Get_goods[334-1000]----------------
WARNING  22:58:46 [pytest_result_log:122] : --------------Start: test_post_admin.py::test_Get_goods[335-1000]---------------
WARNING  22:58:46 [pytest_result_log:128] : ---------------End: test_post_admin.py::test_Get_goods[335-1000]----------------
WARNING  22:58:46 [pytest_result_log:122] : --------------Start: test_post_admin.py::test_Get_goods[336-1000]---------------
WARNING  22:58:47 [pytest_result_log:128] : ---------------End: test_post_admin.py::test_Get_goods[336-1000]----------------
WARNING  22:58:47 [pytest_result_log:122] : --------------Start: test_post_admin.py::test_Get_goods[337-1000]---------------
WARNING  22:58:47 [pytest_result_log:128] : ---------------End: test_post_admin.py::test_Get_goods[337-1000]----------------
WARNING  22:58:47 [pytest_result_log:122] : --------------Start: test_post_admin.py::test_Get_goods[338-1000]---------------
WARNING  22:58:47 [pytest_result_log:128] : ---------------End: test_post_admin.py::test_Get_goods[338-1000]----------------
WARNING  22:58:47 [pytest_result_log:122] : --------------Start: test_post_admin.py::test_Get_goods[339-1000]---------------
WARNING  22:58:47 [pytest_result_log:128] : ---------------End: test_post_admin.py::test_Get_goods[339-1000]----------------
WARNING  22:58:47 [pytest_result_log:122] : --------------Start: test_post_admin.py::test_Get_goods[340-1000]---------------
WARNING  22:58:47 [pytest_result_log:128] : ---------------End: test_post_admin.py::test_Get_goods[340-1000]----------------
WARNING  22:58:47 [pytest_result_log:122] : --------------Start: test_post_admin.py::test_Get_goods[341-1000]---------------
WARNING  22:58:48 [pytest_result_log:128] : ---------------End: test_post_admin.py::test_Get_goods[341-1000]----------------
WARNING  22:58:48 [pytest_result_log:122] : --------------Start: test_post_admin.py::test_Get_goods[342-1000]---------------
WARNING  22:58:48 [pytest_result_log:128] : ---------------End: test_post_admin.py::test_Get_goods[342-1000]----------------
WARNING  22:58:48 [pytest_result_log:122] : --------------Start: test_post_admin.py::test_Get_goods[343-1000]---------------
WARNING  22:58:48 [pytest_result_log:128] : ---------------End: test_post_admin.py::test_Get_goods[343-1000]----------------
WARNING  22:58:48 [pytest_result_log:122] : --------------Start: test_post_admin.py::test_Get_goods[344-1000]---------------
WARNING  22:58:48 [pytest_result_log:128] : ---------------End: test_post_admin.py::test_Get_goods[344-1000]----------------
WARNING  22:58:48 [pytest_result_log:122] : --------------Start: test_post_admin.py::test_Get_goods[345-1000]---------------
WARNING  22:58:49 [pytest_result_log:128] : ---------------End: test_post_admin.py::test_Get_goods[345-1000]----------------
WARNING  22:58:49 [pytest_result_log:122] : --------------Start: test_post_admin.py::test_Get_goods[346-1000]---------------
WARNING  22:58:49 [pytest_result_log:128] : ---------------End: test_post_admin.py::test_Get_goods[346-1000]----------------
WARNING  22:58:49 [pytest_result_log:122] : --------------Start: test_post_admin.py::test_Get_goods[347-1000]---------------
WARNING  22:58:49 [pytest_result_log:128] : ---------------End: test_post_admin.py::test_Get_goods[347-1000]----------------
WARNING  22:58:49 [pytest_result_log:122] : --------------Start: test_post_admin.py::test_Get_goods[348-1000]---------------
WARNING  22:58:49 [pytest_result_log:128] : ---------------End: test_post_admin.py::test_Get_goods[348-1000]----------------
WARNING  22:58:49 [pytest_result_log:122] : --------------Start: test_post_admin.py::test_Get_goods[349-1000]---------------
WARNING  22:58:50 [pytest_result_log:128] : ---------------End: test_post_admin.py::test_Get_goods[349-1000]----------------
WARNING  22:58:50 [pytest_result_log:122] : --------------Start: test_post_admin.py::test_Get_goods[350-1000]---------------
WARNING  22:58:50 [pytest_result_log:128] : ---------------End: test_post_admin.py::test_Get_goods[350-1000]----------------
WARNING  22:58:50 [pytest_result_log:122] : --------------Start: test_post_admin.py::test_Get_goods[351-1000]---------------
WARNING  22:58:50 [pytest_result_log:128] : ---------------End: test_post_admin.py::test_Get_goods[351-1000]----------------
WARNING  22:58:50 [pytest_result_log:122] : --------------Start: test_post_admin.py::test_Get_goods[352-1000]---------------
WARNING  22:58:50 [pytest_result_log:128] : ---------------End: test_post_admin.py::test_Get_goods[352-1000]----------------
WARNING  22:58:50 [pytest_result_log:122] : --------------Start: test_post_admin.py::test_Get_goods[353-1000]---------------
WARNING  22:58:51 [pytest_result_log:128] : ---------------End: test_post_admin.py::test_Get_goods[353-1000]----------------
WARNING  22:58:51 [pytest_result_log:122] : --------------Start: test_post_admin.py::test_Get_goods[354-1000]---------------
WARNING  22:58:51 [pytest_result_log:128] : ---------------End: test_post_admin.py::test_Get_goods[354-1000]----------------
WARNING  22:58:51 [pytest_result_log:122] : --------------Start: test_post_admin.py::test_Get_goods[355-1000]---------------
WARNING  22:58:51 [pytest_result_log:128] : ---------------End: test_post_admin.py::test_Get_goods[355-1000]----------------
WARNING  22:58:51 [pytest_result_log:122] : --------------Start: test_post_admin.py::test_Get_goods[356-1000]---------------
WARNING  22:58:51 [pytest_result_log:128] : ---------------End: test_post_admin.py::test_Get_goods[356-1000]----------------
WARNING  22:58:51 [pytest_result_log:122] : --------------Start: test_post_admin.py::test_Get_goods[357-1000]---------------
WARNING  22:58:52 [pytest_result_log:128] : ---------------End: test_post_admin.py::test_Get_goods[357-1000]----------------
WARNING  22:58:52 [pytest_result_log:122] : --------------Start: test_post_admin.py::test_Get_goods[358-1000]---------------
WARNING  22:58:52 [pytest_result_log:128] : ---------------End: test_post_admin.py::test_Get_goods[358-1000]----------------
WARNING  22:58:52 [pytest_result_log:122] : --------------Start: test_post_admin.py::test_Get_goods[359-1000]---------------
WARNING  22:58:52 [pytest_result_log:128] : ---------------End: test_post_admin.py::test_Get_goods[359-1000]----------------
WARNING  22:58:52 [pytest_result_log:122] : --------------Start: test_post_admin.py::test_Get_goods[360-1000]---------------
WARNING  22:58:52 [pytest_result_log:128] : ---------------End: test_post_admin.py::test_Get_goods[360-1000]----------------
WARNING  22:58:52 [pytest_result_log:122] : --------------Start: test_post_admin.py::test_Get_goods[361-1000]---------------
WARNING  22:58:53 [pytest_result_log:128] : ---------------End: test_post_admin.py::test_Get_goods[361-1000]----------------
WARNING  22:58:53 [pytest_result_log:122] : --------------Start: test_post_admin.py::test_Get_goods[362-1000]---------------
WARNING  22:58:53 [pytest_result_log:128] : ---------------End: test_post_admin.py::test_Get_goods[362-1000]----------------
WARNING  22:58:53 [pytest_result_log:122] : --------------Start: test_post_admin.py::test_Get_goods[363-1000]---------------
WARNING  22:58:53 [pytest_result_log:128] : ---------------End: test_post_admin.py::test_Get_goods[363-1000]----------------
WARNING  22:58:53 [pytest_result_log:122] : --------------Start: test_post_admin.py::test_Get_goods[364-1000]---------------
WARNING  22:58:53 [pytest_result_log:128] : ---------------End: test_post_admin.py::test_Get_goods[364-1000]----------------
WARNING  22:58:53 [pytest_result_log:122] : --------------Start: test_post_admin.py::test_Get_goods[365-1000]---------------
WARNING  22:58:54 [pytest_result_log:128] : ---------------End: test_post_admin.py::test_Get_goods[365-1000]----------------
WARNING  22:58:54 [pytest_result_log:122] : --------------Start: test_post_admin.py::test_Get_goods[366-1000]---------------
WARNING  22:58:54 [pytest_result_log:128] : ---------------End: test_post_admin.py::test_Get_goods[366-1000]----------------
WARNING  22:58:54 [pytest_result_log:122] : --------------Start: test_post_admin.py::test_Get_goods[367-1000]---------------
WARNING  22:58:54 [pytest_result_log:128] : ---------------End: test_post_admin.py::test_Get_goods[367-1000]----------------
WARNING  22:58:54 [pytest_result_log:122] : --------------Start: test_post_admin.py::test_Get_goods[368-1000]---------------
WARNING  22:58:54 [pytest_result_log:128] : ---------------End: test_post_admin.py::test_Get_goods[368-1000]----------------
WARNING  22:58:54 [pytest_result_log:122] : --------------Start: test_post_admin.py::test_Get_goods[369-1000]---------------
WARNING  22:58:54 [pytest_result_log:128] : ---------------End: test_post_admin.py::test_Get_goods[369-1000]----------------
WARNING  22:58:54 [pytest_result_log:122] : --------------Start: test_post_admin.py::test_Get_goods[370-1000]---------------
WARNING  22:58:55 [pytest_result_log:128] : ---------------End: test_post_admin.py::test_Get_goods[370-1000]----------------
WARNING  22:58:55 [pytest_result_log:122] : --------------Start: test_post_admin.py::test_Get_goods[371-1000]---------------
WARNING  22:58:55 [pytest_result_log:128] : ---------------End: test_post_admin.py::test_Get_goods[371-1000]----------------
WARNING  22:58:55 [pytest_result_log:122] : --------------Start: test_post_admin.py::test_Get_goods[372-1000]---------------
WARNING  22:58:55 [pytest_result_log:128] : ---------------End: test_post_admin.py::test_Get_goods[372-1000]----------------
WARNING  22:58:55 [pytest_result_log:122] : --------------Start: test_post_admin.py::test_Get_goods[373-1000]---------------
WARNING  22:58:55 [pytest_result_log:128] : ---------------End: test_post_admin.py::test_Get_goods[373-1000]----------------
WARNING  22:58:55 [pytest_result_log:122] : --------------Start: test_post_admin.py::test_Get_goods[374-1000]---------------
WARNING  22:58:56 [pytest_result_log:128] : ---------------End: test_post_admin.py::test_Get_goods[374-1000]----------------
WARNING  22:58:56 [pytest_result_log:122] : --------------Start: test_post_admin.py::test_Get_goods[375-1000]---------------
WARNING  22:58:56 [pytest_result_log:128] : ---------------End: test_post_admin.py::test_Get_goods[375-1000]----------------
WARNING  22:58:56 [pytest_result_log:122] : --------------Start: test_post_admin.py::test_Get_goods[376-1000]---------------
WARNING  22:58:56 [pytest_result_log:128] : ---------------End: test_post_admin.py::test_Get_goods[376-1000]----------------
WARNING  22:58:56 [pytest_result_log:122] : --------------Start: test_post_admin.py::test_Get_goods[377-1000]---------------
WARNING  22:58:56 [pytest_result_log:128] : ---------------End: test_post_admin.py::test_Get_goods[377-1000]----------------
WARNING  22:58:56 [pytest_result_log:122] : --------------Start: test_post_admin.py::test_Get_goods[378-1000]---------------
WARNING  22:58:57 [pytest_result_log:128] : ---------------End: test_post_admin.py::test_Get_goods[378-1000]----------------
WARNING  22:58:57 [pytest_result_log:122] : --------------Start: test_post_admin.py::test_Get_goods[379-1000]---------------
WARNING  22:58:57 [pytest_result_log:128] : ---------------End: test_post_admin.py::test_Get_goods[379-1000]----------------
WARNING  22:58:57 [pytest_result_log:122] : --------------Start: test_post_admin.py::test_Get_goods[380-1000]---------------
WARNING  22:58:57 [pytest_result_log:128] : ---------------End: test_post_admin.py::test_Get_goods[380-1000]----------------
WARNING  22:58:57 [pytest_result_log:122] : --------------Start: test_post_admin.py::test_Get_goods[381-1000]---------------
WARNING  22:58:57 [pytest_result_log:128] : ---------------End: test_post_admin.py::test_Get_goods[381-1000]----------------
WARNING  22:58:57 [pytest_result_log:122] : --------------Start: test_post_admin.py::test_Get_goods[382-1000]---------------
WARNING  22:58:58 [pytest_result_log:128] : ---------------End: test_post_admin.py::test_Get_goods[382-1000]----------------
WARNING  22:58:58 [pytest_result_log:122] : --------------Start: test_post_admin.py::test_Get_goods[383-1000]---------------
WARNING  22:58:58 [pytest_result_log:128] : ---------------End: test_post_admin.py::test_Get_goods[383-1000]----------------
WARNING  22:58:58 [pytest_result_log:122] : --------------Start: test_post_admin.py::test_Get_goods[384-1000]---------------
WARNING  22:58:58 [pytest_result_log:128] : ---------------End: test_post_admin.py::test_Get_goods[384-1000]----------------
WARNING  22:58:58 [pytest_result_log:122] : --------------Start: test_post_admin.py::test_Get_goods[385-1000]---------------
WARNING  22:58:58 [pytest_result_log:128] : ---------------End: test_post_admin.py::test_Get_goods[385-1000]----------------
WARNING  22:58:58 [pytest_result_log:122] : --------------Start: test_post_admin.py::test_Get_goods[386-1000]---------------
WARNING  22:58:59 [pytest_result_log:128] : ---------------End: test_post_admin.py::test_Get_goods[386-1000]----------------
WARNING  22:58:59 [pytest_result_log:122] : --------------Start: test_post_admin.py::test_Get_goods[387-1000]---------------
WARNING  22:58:59 [pytest_result_log:128] : ---------------End: test_post_admin.py::test_Get_goods[387-1000]----------------
WARNING  22:58:59 [pytest_result_log:122] : --------------Start: test_post_admin.py::test_Get_goods[388-1000]---------------
WARNING  22:58:59 [pytest_result_log:128] : ---------------End: test_post_admin.py::test_Get_goods[388-1000]----------------
WARNING  22:58:59 [pytest_result_log:122] : --------------Start: test_post_admin.py::test_Get_goods[389-1000]---------------
WARNING  22:58:59 [pytest_result_log:128] : ---------------End: test_post_admin.py::test_Get_goods[389-1000]----------------
WARNING  22:58:59 [pytest_result_log:122] : --------------Start: test_post_admin.py::test_Get_goods[390-1000]---------------
WARNING  22:59:00 [pytest_result_log:128] : ---------------End: test_post_admin.py::test_Get_goods[390-1000]----------------
WARNING  22:59:00 [pytest_result_log:122] : --------------Start: test_post_admin.py::test_Get_goods[391-1000]---------------
WARNING  22:59:00 [pytest_result_log:128] : ---------------End: test_post_admin.py::test_Get_goods[391-1000]----------------
WARNING  22:59:00 [pytest_result_log:122] : --------------Start: test_post_admin.py::test_Get_goods[392-1000]---------------
WARNING  22:59:00 [pytest_result_log:128] : ---------------End: test_post_admin.py::test_Get_goods[392-1000]----------------
WARNING  22:59:00 [pytest_result_log:122] : --------------Start: test_post_admin.py::test_Get_goods[393-1000]---------------
WARNING  22:59:00 [pytest_result_log:128] : ---------------End: test_post_admin.py::test_Get_goods[393-1000]----------------
WARNING  22:59:00 [pytest_result_log:122] : --------------Start: test_post_admin.py::test_Get_goods[394-1000]---------------
WARNING  22:59:01 [pytest_result_log:128] : ---------------End: test_post_admin.py::test_Get_goods[394-1000]----------------
WARNING  22:59:01 [pytest_result_log:122] : --------------Start: test_post_admin.py::test_Get_goods[395-1000]---------------
WARNING  22:59:01 [pytest_result_log:128] : ---------------End: test_post_admin.py::test_Get_goods[395-1000]----------------
WARNING  22:59:01 [pytest_result_log:122] : --------------Start: test_post_admin.py::test_Get_goods[396-1000]---------------
WARNING  22:59:01 [pytest_result_log:128] : ---------------End: test_post_admin.py::test_Get_goods[396-1000]----------------
WARNING  22:59:01 [pytest_result_log:122] : --------------Start: test_post_admin.py::test_Get_goods[397-1000]---------------
WARNING  22:59:01 [pytest_result_log:128] : ---------------End: test_post_admin.py::test_Get_goods[397-1000]----------------
WARNING  22:59:01 [pytest_result_log:122] : --------------Start: test_post_admin.py::test_Get_goods[398-1000]---------------
WARNING  22:59:02 [pytest_result_log:128] : ---------------End: test_post_admin.py::test_Get_goods[398-1000]----------------
WARNING  22:59:02 [pytest_result_log:122] : --------------Start: test_post_admin.py::test_Get_goods[399-1000]---------------
WARNING  22:59:02 [pytest_result_log:128] : ---------------End: test_post_admin.py::test_Get_goods[399-1000]----------------
WARNING  22:59:02 [pytest_result_log:122] : --------------Start: test_post_admin.py::test_Get_goods[400-1000]---------------
WARNING  22:59:02 [pytest_result_log:128] : ---------------End: test_post_admin.py::test_Get_goods[400-1000]----------------
WARNING  22:59:02 [pytest_result_log:122] : --------------Start: test_post_admin.py::test_Get_goods[401-1000]---------------
WARNING  22:59:02 [pytest_result_log:128] : ---------------End: test_post_admin.py::test_Get_goods[401-1000]----------------
WARNING  22:59:02 [pytest_result_log:122] : --------------Start: test_post_admin.py::test_Get_goods[402-1000]---------------
WARNING  22:59:03 [pytest_result_log:128] : ---------------End: test_post_admin.py::test_Get_goods[402-1000]----------------
WARNING  22:59:03 [pytest_result_log:122] : --------------Start: test_post_admin.py::test_Get_goods[403-1000]---------------
WARNING  22:59:03 [pytest_result_log:128] : ---------------End: test_post_admin.py::test_Get_goods[403-1000]----------------
WARNING  22:59:03 [pytest_result_log:122] : --------------Start: test_post_admin.py::test_Get_goods[404-1000]---------------
WARNING  22:59:03 [pytest_result_log:128] : ---------------End: test_post_admin.py::test_Get_goods[404-1000]----------------
WARNING  22:59:03 [pytest_result_log:122] : --------------Start: test_post_admin.py::test_Get_goods[405-1000]---------------
WARNING  22:59:03 [pytest_result_log:128] : ---------------End: test_post_admin.py::test_Get_goods[405-1000]----------------
WARNING  22:59:03 [pytest_result_log:122] : --------------Start: test_post_admin.py::test_Get_goods[406-1000]---------------
WARNING  22:59:04 [pytest_result_log:128] : ---------------End: test_post_admin.py::test_Get_goods[406-1000]----------------
WARNING  22:59:04 [pytest_result_log:122] : --------------Start: test_post_admin.py::test_Get_goods[407-1000]---------------
WARNING  22:59:04 [pytest_result_log:128] : ---------------End: test_post_admin.py::test_Get_goods[407-1000]----------------
WARNING  22:59:04 [pytest_result_log:122] : --------------Start: test_post_admin.py::test_Get_goods[408-1000]---------------
WARNING  22:59:04 [pytest_result_log:128] : ---------------End: test_post_admin.py::test_Get_goods[408-1000]----------------
WARNING  22:59:04 [pytest_result_log:122] : --------------Start: test_post_admin.py::test_Get_goods[409-1000]---------------
WARNING  22:59:04 [pytest_result_log:128] : ---------------End: test_post_admin.py::test_Get_goods[409-1000]----------------
WARNING  22:59:04 [pytest_result_log:122] : --------------Start: test_post_admin.py::test_Get_goods[410-1000]---------------
WARNING  22:59:05 [pytest_result_log:128] : ---------------End: test_post_admin.py::test_Get_goods[410-1000]----------------
WARNING  22:59:05 [pytest_result_log:122] : --------------Start: test_post_admin.py::test_Get_goods[411-1000]---------------
WARNING  22:59:05 [pytest_result_log:128] : ---------------End: test_post_admin.py::test_Get_goods[411-1000]----------------
WARNING  22:59:05 [pytest_result_log:122] : --------------Start: test_post_admin.py::test_Get_goods[412-1000]---------------
WARNING  22:59:05 [pytest_result_log:128] : ---------------End: test_post_admin.py::test_Get_goods[412-1000]----------------
WARNING  22:59:05 [pytest_result_log:122] : --------------Start: test_post_admin.py::test_Get_goods[413-1000]---------------
WARNING  22:59:05 [pytest_result_log:128] : ---------------End: test_post_admin.py::test_Get_goods[413-1000]----------------
WARNING  22:59:05 [pytest_result_log:122] : --------------Start: test_post_admin.py::test_Get_goods[414-1000]---------------
WARNING  22:59:06 [pytest_result_log:128] : ---------------End: test_post_admin.py::test_Get_goods[414-1000]----------------
WARNING  22:59:06 [pytest_result_log:122] : --------------Start: test_post_admin.py::test_Get_goods[415-1000]---------------
WARNING  22:59:06 [pytest_result_log:128] : ---------------End: test_post_admin.py::test_Get_goods[415-1000]----------------
WARNING  22:59:06 [pytest_result_log:122] : --------------Start: test_post_admin.py::test_Get_goods[416-1000]---------------
WARNING  22:59:06 [pytest_result_log:128] : ---------------End: test_post_admin.py::test_Get_goods[416-1000]----------------
WARNING  22:59:06 [pytest_result_log:122] : --------------Start: test_post_admin.py::test_Get_goods[417-1000]---------------
WARNING  22:59:06 [pytest_result_log:128] : ---------------End: test_post_admin.py::test_Get_goods[417-1000]----------------
WARNING  22:59:06 [pytest_result_log:122] : --------------Start: test_post_admin.py::test_Get_goods[418-1000]---------------
WARNING  22:59:06 [pytest_result_log:128] : ---------------End: test_post_admin.py::test_Get_goods[418-1000]----------------
WARNING  22:59:07 [pytest_result_log:122] : --------------Start: test_post_admin.py::test_Get_goods[419-1000]---------------
WARNING  22:59:07 [pytest_result_log:128] : ---------------End: test_post_admin.py::test_Get_goods[419-1000]----------------
WARNING  22:59:07 [pytest_result_log:122] : --------------Start: test_post_admin.py::test_Get_goods[420-1000]---------------
WARNING  22:59:07 [pytest_result_log:128] : ---------------End: test_post_admin.py::test_Get_goods[420-1000]----------------
WARNING  22:59:07 [pytest_result_log:122] : --------------Start: test_post_admin.py::test_Get_goods[421-1000]---------------
WARNING  22:59:07 [pytest_result_log:128] : ---------------End: test_post_admin.py::test_Get_goods[421-1000]----------------
WARNING  22:59:07 [pytest_result_log:122] : --------------Start: test_post_admin.py::test_Get_goods[422-1000]---------------
WARNING  22:59:07 [pytest_result_log:128] : ---------------End: test_post_admin.py::test_Get_goods[422-1000]----------------
WARNING  22:59:07 [pytest_result_log:122] : --------------Start: test_post_admin.py::test_Get_goods[423-1000]---------------
WARNING  22:59:08 [pytest_result_log:128] : ---------------End: test_post_admin.py::test_Get_goods[423-1000]----------------
WARNING  22:59:08 [pytest_result_log:122] : --------------Start: test_post_admin.py::test_Get_goods[424-1000]---------------
WARNING  22:59:08 [pytest_result_log:128] : ---------------End: test_post_admin.py::test_Get_goods[424-1000]----------------
WARNING  22:59:08 [pytest_result_log:122] : --------------Start: test_post_admin.py::test_Get_goods[425-1000]---------------
WARNING  22:59:08 [pytest_result_log:128] : ---------------End: test_post_admin.py::test_Get_goods[425-1000]----------------
WARNING  22:59:08 [pytest_result_log:122] : --------------Start: test_post_admin.py::test_Get_goods[426-1000]---------------
WARNING  22:59:08 [pytest_result_log:128] : ---------------End: test_post_admin.py::test_Get_goods[426-1000]----------------
WARNING  22:59:08 [pytest_result_log:122] : --------------Start: test_post_admin.py::test_Get_goods[427-1000]---------------
WARNING  22:59:09 [pytest_result_log:128] : ---------------End: test_post_admin.py::test_Get_goods[427-1000]----------------
WARNING  22:59:09 [pytest_result_log:122] : --------------Start: test_post_admin.py::test_Get_goods[428-1000]---------------
WARNING  22:59:09 [pytest_result_log:128] : ---------------End: test_post_admin.py::test_Get_goods[428-1000]----------------
WARNING  22:59:09 [pytest_result_log:122] : --------------Start: test_post_admin.py::test_Get_goods[429-1000]---------------
WARNING  22:59:09 [pytest_result_log:128] : ---------------End: test_post_admin.py::test_Get_goods[429-1000]----------------
WARNING  22:59:09 [pytest_result_log:122] : --------------Start: test_post_admin.py::test_Get_goods[430-1000]---------------
WARNING  22:59:09 [pytest_result_log:128] : ---------------End: test_post_admin.py::test_Get_goods[430-1000]----------------
WARNING  22:59:09 [pytest_result_log:122] : --------------Start: test_post_admin.py::test_Get_goods[431-1000]---------------
WARNING  22:59:10 [pytest_result_log:128] : ---------------End: test_post_admin.py::test_Get_goods[431-1000]----------------
WARNING  22:59:10 [pytest_result_log:122] : --------------Start: test_post_admin.py::test_Get_goods[432-1000]---------------
WARNING  22:59:10 [pytest_result_log:128] : ---------------End: test_post_admin.py::test_Get_goods[432-1000]----------------
WARNING  22:59:10 [pytest_result_log:122] : --------------Start: test_post_admin.py::test_Get_goods[433-1000]---------------
WARNING  22:59:10 [pytest_result_log:128] : ---------------End: test_post_admin.py::test_Get_goods[433-1000]----------------
WARNING  22:59:10 [pytest_result_log:122] : --------------Start: test_post_admin.py::test_Get_goods[434-1000]---------------
WARNING  22:59:10 [pytest_result_log:128] : ---------------End: test_post_admin.py::test_Get_goods[434-1000]----------------
WARNING  22:59:10 [pytest_result_log:122] : --------------Start: test_post_admin.py::test_Get_goods[435-1000]---------------
WARNING  22:59:11 [pytest_result_log:128] : ---------------End: test_post_admin.py::test_Get_goods[435-1000]----------------
WARNING  22:59:11 [pytest_result_log:122] : --------------Start: test_post_admin.py::test_Get_goods[436-1000]---------------
WARNING  22:59:11 [pytest_result_log:128] : ---------------End: test_post_admin.py::test_Get_goods[436-1000]----------------
WARNING  22:59:11 [pytest_result_log:122] : --------------Start: test_post_admin.py::test_Get_goods[437-1000]---------------
WARNING  22:59:11 [pytest_result_log:128] : ---------------End: test_post_admin.py::test_Get_goods[437-1000]----------------
WARNING  22:59:11 [pytest_result_log:122] : --------------Start: test_post_admin.py::test_Get_goods[438-1000]---------------
WARNING  22:59:11 [pytest_result_log:128] : ---------------End: test_post_admin.py::test_Get_goods[438-1000]----------------
WARNING  22:59:11 [pytest_result_log:122] : --------------Start: test_post_admin.py::test_Get_goods[439-1000]---------------
WARNING  22:59:12 [pytest_result_log:128] : ---------------End: test_post_admin.py::test_Get_goods[439-1000]----------------
WARNING  22:59:12 [pytest_result_log:122] : --------------Start: test_post_admin.py::test_Get_goods[440-1000]---------------
WARNING  22:59:12 [pytest_result_log:128] : ---------------End: test_post_admin.py::test_Get_goods[440-1000]----------------
WARNING  22:59:12 [pytest_result_log:122] : --------------Start: test_post_admin.py::test_Get_goods[441-1000]---------------
WARNING  22:59:12 [pytest_result_log:128] : ---------------End: test_post_admin.py::test_Get_goods[441-1000]----------------
WARNING  22:59:12 [pytest_result_log:122] : --------------Start: test_post_admin.py::test_Get_goods[442-1000]---------------
WARNING  22:59:12 [pytest_result_log:128] : ---------------End: test_post_admin.py::test_Get_goods[442-1000]----------------
WARNING  22:59:12 [pytest_result_log:122] : --------------Start: test_post_admin.py::test_Get_goods[443-1000]---------------
WARNING  22:59:13 [pytest_result_log:128] : ---------------End: test_post_admin.py::test_Get_goods[443-1000]----------------
WARNING  22:59:13 [pytest_result_log:122] : --------------Start: test_post_admin.py::test_Get_goods[444-1000]---------------
WARNING  22:59:13 [pytest_result_log:128] : ---------------End: test_post_admin.py::test_Get_goods[444-1000]----------------
WARNING  22:59:13 [pytest_result_log:122] : --------------Start: test_post_admin.py::test_Get_goods[445-1000]---------------
WARNING  22:59:13 [pytest_result_log:128] : ---------------End: test_post_admin.py::test_Get_goods[445-1000]----------------
WARNING  22:59:13 [pytest_result_log:122] : --------------Start: test_post_admin.py::test_Get_goods[446-1000]---------------
WARNING  22:59:13 [pytest_result_log:128] : ---------------End: test_post_admin.py::test_Get_goods[446-1000]----------------
WARNING  22:59:13 [pytest_result_log:122] : --------------Start: test_post_admin.py::test_Get_goods[447-1000]---------------
WARNING  22:59:13 [pytest_result_log:128] : ---------------End: test_post_admin.py::test_Get_goods[447-1000]----------------
WARNING  22:59:13 [pytest_result_log:122] : --------------Start: test_post_admin.py::test_Get_goods[448-1000]---------------
WARNING  22:59:14 [pytest_result_log:128] : ---------------End: test_post_admin.py::test_Get_goods[448-1000]----------------
WARNING  22:59:14 [pytest_result_log:122] : --------------Start: test_post_admin.py::test_Get_goods[449-1000]---------------
WARNING  22:59:14 [pytest_result_log:128] : ---------------End: test_post_admin.py::test_Get_goods[449-1000]----------------
WARNING  22:59:14 [pytest_result_log:122] : --------------Start: test_post_admin.py::test_Get_goods[450-1000]---------------
WARNING  22:59:14 [pytest_result_log:128] : ---------------End: test_post_admin.py::test_Get_goods[450-1000]----------------
WARNING  22:59:14 [pytest_result_log:122] : --------------Start: test_post_admin.py::test_Get_goods[451-1000]---------------
WARNING  22:59:14 [pytest_result_log:128] : ---------------End: test_post_admin.py::test_Get_goods[451-1000]----------------
WARNING  22:59:14 [pytest_result_log:122] : --------------Start: test_post_admin.py::test_Get_goods[452-1000]---------------
WARNING  22:59:15 [pytest_result_log:128] : ---------------End: test_post_admin.py::test_Get_goods[452-1000]----------------
WARNING  22:59:15 [pytest_result_log:122] : --------------Start: test_post_admin.py::test_Get_goods[453-1000]---------------
WARNING  22:59:15 [pytest_result_log:128] : ---------------End: test_post_admin.py::test_Get_goods[453-1000]----------------
WARNING  22:59:15 [pytest_result_log:122] : --------------Start: test_post_admin.py::test_Get_goods[454-1000]---------------
WARNING  22:59:15 [pytest_result_log:128] : ---------------End: test_post_admin.py::test_Get_goods[454-1000]----------------
WARNING  22:59:15 [pytest_result_log:122] : --------------Start: test_post_admin.py::test_Get_goods[455-1000]---------------
WARNING  22:59:15 [pytest_result_log:128] : ---------------End: test_post_admin.py::test_Get_goods[455-1000]----------------
WARNING  22:59:15 [pytest_result_log:122] : --------------Start: test_post_admin.py::test_Get_goods[456-1000]---------------
WARNING  22:59:16 [pytest_result_log:128] : ---------------End: test_post_admin.py::test_Get_goods[456-1000]----------------
WARNING  22:59:16 [pytest_result_log:122] : --------------Start: test_post_admin.py::test_Get_goods[457-1000]---------------
WARNING  22:59:16 [pytest_result_log:128] : ---------------End: test_post_admin.py::test_Get_goods[457-1000]----------------
WARNING  22:59:16 [pytest_result_log:122] : --------------Start: test_post_admin.py::test_Get_goods[458-1000]---------------
WARNING  22:59:16 [pytest_result_log:128] : ---------------End: test_post_admin.py::test_Get_goods[458-1000]----------------
WARNING  22:59:16 [pytest_result_log:122] : --------------Start: test_post_admin.py::test_Get_goods[459-1000]---------------
WARNING  22:59:16 [pytest_result_log:128] : ---------------End: test_post_admin.py::test_Get_goods[459-1000]----------------
WARNING  22:59:16 [pytest_result_log:122] : --------------Start: test_post_admin.py::test_Get_goods[460-1000]---------------
WARNING  22:59:17 [pytest_result_log:128] : ---------------End: test_post_admin.py::test_Get_goods[460-1000]----------------
WARNING  22:59:17 [pytest_result_log:122] : --------------Start: test_post_admin.py::test_Get_goods[461-1000]---------------
WARNING  22:59:17 [pytest_result_log:128] : ---------------End: test_post_admin.py::test_Get_goods[461-1000]----------------
WARNING  22:59:17 [pytest_result_log:122] : --------------Start: test_post_admin.py::test_Get_goods[462-1000]---------------
WARNING  22:59:17 [pytest_result_log:128] : ---------------End: test_post_admin.py::test_Get_goods[462-1000]----------------
WARNING  22:59:17 [pytest_result_log:122] : --------------Start: test_post_admin.py::test_Get_goods[463-1000]---------------
WARNING  22:59:17 [pytest_result_log:128] : ---------------End: test_post_admin.py::test_Get_goods[463-1000]----------------
WARNING  22:59:17 [pytest_result_log:122] : --------------Start: test_post_admin.py::test_Get_goods[464-1000]---------------
WARNING  22:59:18 [pytest_result_log:128] : ---------------End: test_post_admin.py::test_Get_goods[464-1000]----------------
WARNING  22:59:18 [pytest_result_log:122] : --------------Start: test_post_admin.py::test_Get_goods[465-1000]---------------
WARNING  22:59:18 [pytest_result_log:128] : ---------------End: test_post_admin.py::test_Get_goods[465-1000]----------------
WARNING  22:59:18 [pytest_result_log:122] : --------------Start: test_post_admin.py::test_Get_goods[466-1000]---------------
WARNING  22:59:18 [pytest_result_log:128] : ---------------End: test_post_admin.py::test_Get_goods[466-1000]----------------
WARNING  22:59:18 [pytest_result_log:122] : --------------Start: test_post_admin.py::test_Get_goods[467-1000]---------------
WARNING  22:59:18 [pytest_result_log:128] : ---------------End: test_post_admin.py::test_Get_goods[467-1000]----------------
WARNING  22:59:18 [pytest_result_log:122] : --------------Start: test_post_admin.py::test_Get_goods[468-1000]---------------
WARNING  22:59:19 [pytest_result_log:128] : ---------------End: test_post_admin.py::test_Get_goods[468-1000]----------------
WARNING  22:59:19 [pytest_result_log:122] : --------------Start: test_post_admin.py::test_Get_goods[469-1000]---------------
WARNING  22:59:19 [pytest_result_log:128] : ---------------End: test_post_admin.py::test_Get_goods[469-1000]----------------
WARNING  22:59:19 [pytest_result_log:122] : --------------Start: test_post_admin.py::test_Get_goods[470-1000]---------------
WARNING  22:59:19 [pytest_result_log:128] : ---------------End: test_post_admin.py::test_Get_goods[470-1000]----------------
WARNING  22:59:19 [pytest_result_log:122] : --------------Start: test_post_admin.py::test_Get_goods[471-1000]---------------
WARNING  22:59:19 [pytest_result_log:128] : ---------------End: test_post_admin.py::test_Get_goods[471-1000]----------------
WARNING  22:59:19 [pytest_result_log:122] : --------------Start: test_post_admin.py::test_Get_goods[472-1000]---------------
WARNING  22:59:20 [pytest_result_log:128] : ---------------End: test_post_admin.py::test_Get_goods[472-1000]----------------
WARNING  22:59:20 [pytest_result_log:122] : --------------Start: test_post_admin.py::test_Get_goods[473-1000]---------------
WARNING  22:59:21 [pytest_result_log:128] : ---------------End: test_post_admin.py::test_Get_goods[473-1000]----------------
WARNING  22:59:21 [pytest_result_log:122] : --------------Start: test_post_admin.py::test_Get_goods[474-1000]---------------
WARNING  22:59:21 [pytest_result_log:128] : ---------------End: test_post_admin.py::test_Get_goods[474-1000]----------------
WARNING  22:59:21 [pytest_result_log:122] : --------------Start: test_post_admin.py::test_Get_goods[475-1000]---------------
WARNING  22:59:21 [pytest_result_log:128] : ---------------End: test_post_admin.py::test_Get_goods[475-1000]----------------
WARNING  22:59:21 [pytest_result_log:122] : --------------Start: test_post_admin.py::test_Get_goods[476-1000]---------------
WARNING  22:59:22 [pytest_result_log:128] : ---------------End: test_post_admin.py::test_Get_goods[476-1000]----------------
WARNING  22:59:22 [pytest_result_log:122] : --------------Start: test_post_admin.py::test_Get_goods[477-1000]---------------
WARNING  22:59:22 [pytest_result_log:128] : ---------------End: test_post_admin.py::test_Get_goods[477-1000]----------------
WARNING  22:59:22 [pytest_result_log:122] : --------------Start: test_post_admin.py::test_Get_goods[478-1000]---------------
WARNING  22:59:22 [pytest_result_log:128] : ---------------End: test_post_admin.py::test_Get_goods[478-1000]----------------
WARNING  22:59:22 [pytest_result_log:122] : --------------Start: test_post_admin.py::test_Get_goods[479-1000]---------------
WARNING  22:59:22 [pytest_result_log:128] : ---------------End: test_post_admin.py::test_Get_goods[479-1000]----------------
WARNING  22:59:22 [pytest_result_log:122] : --------------Start: test_post_admin.py::test_Get_goods[480-1000]---------------
WARNING  22:59:22 [pytest_result_log:128] : ---------------End: test_post_admin.py::test_Get_goods[480-1000]----------------
WARNING  22:59:22 [pytest_result_log:122] : --------------Start: test_post_admin.py::test_Get_goods[481-1000]---------------
WARNING  22:59:23 [pytest_result_log:128] : ---------------End: test_post_admin.py::test_Get_goods[481-1000]----------------
WARNING  22:59:23 [pytest_result_log:122] : --------------Start: test_post_admin.py::test_Get_goods[482-1000]---------------
WARNING  22:59:23 [pytest_result_log:128] : ---------------End: test_post_admin.py::test_Get_goods[482-1000]----------------
WARNING  22:59:23 [pytest_result_log:122] : --------------Start: test_post_admin.py::test_Get_goods[483-1000]---------------
WARNING  22:59:23 [pytest_result_log:128] : ---------------End: test_post_admin.py::test_Get_goods[483-1000]----------------
WARNING  22:59:23 [pytest_result_log:122] : --------------Start: test_post_admin.py::test_Get_goods[484-1000]---------------
WARNING  22:59:23 [pytest_result_log:128] : ---------------End: test_post_admin.py::test_Get_goods[484-1000]----------------
WARNING  22:59:23 [pytest_result_log:122] : --------------Start: test_post_admin.py::test_Get_goods[485-1000]---------------
WARNING  22:59:24 [pytest_result_log:128] : ---------------End: test_post_admin.py::test_Get_goods[485-1000]----------------
WARNING  22:59:24 [pytest_result_log:122] : --------------Start: test_post_admin.py::test_Get_goods[486-1000]---------------
WARNING  22:59:24 [pytest_result_log:128] : ---------------End: test_post_admin.py::test_Get_goods[486-1000]----------------
WARNING  22:59:24 [pytest_result_log:122] : --------------Start: test_post_admin.py::test_Get_goods[487-1000]---------------
WARNING  22:59:24 [pytest_result_log:128] : ---------------End: test_post_admin.py::test_Get_goods[487-1000]----------------
WARNING  22:59:24 [pytest_result_log:122] : --------------Start: test_post_admin.py::test_Get_goods[488-1000]---------------
WARNING  22:59:24 [pytest_result_log:128] : ---------------End: test_post_admin.py::test_Get_goods[488-1000]----------------
WARNING  22:59:24 [pytest_result_log:122] : --------------Start: test_post_admin.py::test_Get_goods[489-1000]---------------
WARNING  22:59:25 [pytest_result_log:128] : ---------------End: test_post_admin.py::test_Get_goods[489-1000]----------------
WARNING  22:59:25 [pytest_result_log:122] : --------------Start: test_post_admin.py::test_Get_goods[490-1000]---------------
WARNING  22:59:25 [pytest_result_log:128] : ---------------End: test_post_admin.py::test_Get_goods[490-1000]----------------
WARNING  22:59:25 [pytest_result_log:122] : --------------Start: test_post_admin.py::test_Get_goods[491-1000]---------------
WARNING  22:59:25 [pytest_result_log:128] : ---------------End: test_post_admin.py::test_Get_goods[491-1000]----------------
WARNING  22:59:25 [pytest_result_log:122] : --------------Start: test_post_admin.py::test_Get_goods[492-1000]---------------
WARNING  22:59:25 [pytest_result_log:128] : ---------------End: test_post_admin.py::test_Get_goods[492-1000]----------------
WARNING  22:59:25 [pytest_result_log:122] : --------------Start: test_post_admin.py::test_Get_goods[493-1000]---------------
WARNING  22:59:26 [pytest_result_log:128] : ---------------End: test_post_admin.py::test_Get_goods[493-1000]----------------
WARNING  22:59:26 [pytest_result_log:122] : --------------Start: test_post_admin.py::test_Get_goods[494-1000]---------------
WARNING  22:59:26 [pytest_result_log:128] : ---------------End: test_post_admin.py::test_Get_goods[494-1000]----------------
WARNING  22:59:26 [pytest_result_log:122] : --------------Start: test_post_admin.py::test_Get_goods[495-1000]---------------
WARNING  22:59:26 [pytest_result_log:128] : ---------------End: test_post_admin.py::test_Get_goods[495-1000]----------------
WARNING  22:59:26 [pytest_result_log:122] : --------------Start: test_post_admin.py::test_Get_goods[496-1000]---------------
WARNING  22:59:27 [pytest_result_log:128] : ---------------End: test_post_admin.py::test_Get_goods[496-1000]----------------
WARNING  22:59:27 [pytest_result_log:122] : --------------Start: test_post_admin.py::test_Get_goods[497-1000]---------------
WARNING  22:59:27 [pytest_result_log:128] : ---------------End: test_post_admin.py::test_Get_goods[497-1000]----------------
WARNING  22:59:27 [pytest_result_log:122] : --------------Start: test_post_admin.py::test_Get_goods[498-1000]---------------
WARNING  22:59:27 [pytest_result_log:128] : ---------------End: test_post_admin.py::test_Get_goods[498-1000]----------------
WARNING  22:59:27 [pytest_result_log:122] : --------------Start: test_post_admin.py::test_Get_goods[499-1000]---------------
WARNING  22:59:27 [pytest_result_log:128] : ---------------End: test_post_admin.py::test_Get_goods[499-1000]----------------
WARNING  22:59:27 [pytest_result_log:122] : --------------Start: test_post_admin.py::test_Get_goods[500-1000]---------------
WARNING  22:59:28 [pytest_result_log:128] : ---------------End: test_post_admin.py::test_Get_goods[500-1000]----------------
WARNING  22:59:28 [pytest_result_log:122] : --------------Start: test_post_admin.py::test_Get_goods[501-1000]---------------
WARNING  22:59:28 [pytest_result_log:128] : ---------------End: test_post_admin.py::test_Get_goods[501-1000]----------------
WARNING  22:59:28 [pytest_result_log:122] : --------------Start: test_post_admin.py::test_Get_goods[502-1000]---------------
WARNING  22:59:28 [pytest_result_log:128] : ---------------End: test_post_admin.py::test_Get_goods[502-1000]----------------
WARNING  22:59:28 [pytest_result_log:122] : --------------Start: test_post_admin.py::test_Get_goods[503-1000]---------------
WARNING  22:59:29 [pytest_result_log:128] : ---------------End: test_post_admin.py::test_Get_goods[503-1000]----------------
WARNING  22:59:29 [pytest_result_log:122] : --------------Start: test_post_admin.py::test_Get_goods[504-1000]---------------
WARNING  22:59:29 [pytest_result_log:128] : ---------------End: test_post_admin.py::test_Get_goods[504-1000]----------------
WARNING  22:59:29 [pytest_result_log:122] : --------------Start: test_post_admin.py::test_Get_goods[505-1000]---------------
WARNING  22:59:29 [pytest_result_log:128] : ---------------End: test_post_admin.py::test_Get_goods[505-1000]----------------
WARNING  22:59:29 [pytest_result_log:122] : --------------Start: test_post_admin.py::test_Get_goods[506-1000]---------------
WARNING  22:59:29 [pytest_result_log:128] : ---------------End: test_post_admin.py::test_Get_goods[506-1000]----------------
WARNING  22:59:29 [pytest_result_log:122] : --------------Start: test_post_admin.py::test_Get_goods[507-1000]---------------
WARNING  22:59:30 [pytest_result_log:128] : ---------------End: test_post_admin.py::test_Get_goods[507-1000]----------------
WARNING  22:59:30 [pytest_result_log:122] : --------------Start: test_post_admin.py::test_Get_goods[508-1000]---------------
WARNING  22:59:30 [pytest_result_log:128] : ---------------End: test_post_admin.py::test_Get_goods[508-1000]----------------
WARNING  22:59:30 [pytest_result_log:122] : --------------Start: test_post_admin.py::test_Get_goods[509-1000]---------------
WARNING  22:59:30 [pytest_result_log:128] : ---------------End: test_post_admin.py::test_Get_goods[509-1000]----------------
WARNING  22:59:30 [pytest_result_log:122] : --------------Start: test_post_admin.py::test_Get_goods[510-1000]---------------
WARNING  22:59:30 [pytest_result_log:128] : ---------------End: test_post_admin.py::test_Get_goods[510-1000]----------------
WARNING  22:59:30 [pytest_result_log:122] : --------------Start: test_post_admin.py::test_Get_goods[511-1000]---------------
WARNING  22:59:30 [pytest_result_log:128] : ---------------End: test_post_admin.py::test_Get_goods[511-1000]----------------
WARNING  22:59:30 [pytest_result_log:122] : --------------Start: test_post_admin.py::test_Get_goods[512-1000]---------------
WARNING  22:59:31 [pytest_result_log:128] : ---------------End: test_post_admin.py::test_Get_goods[512-1000]----------------
WARNING  22:59:31 [pytest_result_log:122] : --------------Start: test_post_admin.py::test_Get_goods[513-1000]---------------
WARNING  22:59:31 [pytest_result_log:128] : ---------------End: test_post_admin.py::test_Get_goods[513-1000]----------------
WARNING  22:59:31 [pytest_result_log:122] : --------------Start: test_post_admin.py::test_Get_goods[514-1000]---------------
WARNING  22:59:31 [pytest_result_log:128] : ---------------End: test_post_admin.py::test_Get_goods[514-1000]----------------
WARNING  22:59:31 [pytest_result_log:122] : --------------Start: test_post_admin.py::test_Get_goods[515-1000]---------------
WARNING  22:59:31 [pytest_result_log:128] : ---------------End: test_post_admin.py::test_Get_goods[515-1000]----------------
WARNING  22:59:31 [pytest_result_log:122] : --------------Start: test_post_admin.py::test_Get_goods[516-1000]---------------
WARNING  22:59:32 [pytest_result_log:128] : ---------------End: test_post_admin.py::test_Get_goods[516-1000]----------------
WARNING  22:59:32 [pytest_result_log:122] : --------------Start: test_post_admin.py::test_Get_goods[517-1000]---------------
WARNING  22:59:32 [pytest_result_log:128] : ---------------End: test_post_admin.py::test_Get_goods[517-1000]----------------
WARNING  22:59:32 [pytest_result_log:122] : --------------Start: test_post_admin.py::test_Get_goods[518-1000]---------------
WARNING  22:59:32 [pytest_result_log:128] : ---------------End: test_post_admin.py::test_Get_goods[518-1000]----------------
WARNING  22:59:32 [pytest_result_log:122] : --------------Start: test_post_admin.py::test_Get_goods[519-1000]---------------
WARNING  22:59:32 [pytest_result_log:128] : ---------------End: test_post_admin.py::test_Get_goods[519-1000]----------------
WARNING  22:59:32 [pytest_result_log:122] : --------------Start: test_post_admin.py::test_Get_goods[520-1000]---------------
WARNING  22:59:33 [pytest_result_log:128] : ---------------End: test_post_admin.py::test_Get_goods[520-1000]----------------
WARNING  22:59:33 [pytest_result_log:122] : --------------Start: test_post_admin.py::test_Get_goods[521-1000]---------------
WARNING  22:59:33 [pytest_result_log:128] : ---------------End: test_post_admin.py::test_Get_goods[521-1000]----------------
WARNING  22:59:33 [pytest_result_log:122] : --------------Start: test_post_admin.py::test_Get_goods[522-1000]---------------
WARNING  22:59:33 [pytest_result_log:128] : ---------------End: test_post_admin.py::test_Get_goods[522-1000]----------------
WARNING  22:59:33 [pytest_result_log:122] : --------------Start: test_post_admin.py::test_Get_goods[523-1000]---------------
WARNING  22:59:33 [pytest_result_log:128] : ---------------End: test_post_admin.py::test_Get_goods[523-1000]----------------
WARNING  22:59:33 [pytest_result_log:122] : --------------Start: test_post_admin.py::test_Get_goods[524-1000]---------------
WARNING  22:59:34 [pytest_result_log:128] : ---------------End: test_post_admin.py::test_Get_goods[524-1000]----------------
WARNING  22:59:34 [pytest_result_log:122] : --------------Start: test_post_admin.py::test_Get_goods[525-1000]---------------
WARNING  22:59:34 [pytest_result_log:128] : ---------------End: test_post_admin.py::test_Get_goods[525-1000]----------------
WARNING  22:59:34 [pytest_result_log:122] : --------------Start: test_post_admin.py::test_Get_goods[526-1000]---------------
WARNING  22:59:34 [pytest_result_log:128] : ---------------End: test_post_admin.py::test_Get_goods[526-1000]----------------
WARNING  22:59:34 [pytest_result_log:122] : --------------Start: test_post_admin.py::test_Get_goods[527-1000]---------------
WARNING  22:59:34 [pytest_result_log:128] : ---------------End: test_post_admin.py::test_Get_goods[527-1000]----------------
WARNING  22:59:34 [pytest_result_log:122] : --------------Start: test_post_admin.py::test_Get_goods[528-1000]---------------
WARNING  22:59:35 [pytest_result_log:128] : ---------------End: test_post_admin.py::test_Get_goods[528-1000]----------------
WARNING  22:59:35 [pytest_result_log:122] : --------------Start: test_post_admin.py::test_Get_goods[529-1000]---------------
WARNING  22:59:35 [pytest_result_log:128] : ---------------End: test_post_admin.py::test_Get_goods[529-1000]----------------
WARNING  22:59:35 [pytest_result_log:122] : --------------Start: test_post_admin.py::test_Get_goods[530-1000]---------------
WARNING  22:59:35 [pytest_result_log:128] : ---------------End: test_post_admin.py::test_Get_goods[530-1000]----------------
WARNING  22:59:35 [pytest_result_log:122] : --------------Start: test_post_admin.py::test_Get_goods[531-1000]---------------
WARNING  22:59:35 [pytest_result_log:128] : ---------------End: test_post_admin.py::test_Get_goods[531-1000]----------------
WARNING  22:59:35 [pytest_result_log:122] : --------------Start: test_post_admin.py::test_Get_goods[532-1000]---------------
WARNING  22:59:36 [pytest_result_log:128] : ---------------End: test_post_admin.py::test_Get_goods[532-1000]----------------
WARNING  22:59:36 [pytest_result_log:122] : --------------Start: test_post_admin.py::test_Get_goods[533-1000]---------------
WARNING  22:59:36 [pytest_result_log:128] : ---------------End: test_post_admin.py::test_Get_goods[533-1000]----------------
WARNING  22:59:36 [pytest_result_log:122] : --------------Start: test_post_admin.py::test_Get_goods[534-1000]---------------
WARNING  22:59:36 [pytest_result_log:128] : ---------------End: test_post_admin.py::test_Get_goods[534-1000]----------------
WARNING  22:59:36 [pytest_result_log:122] : --------------Start: test_post_admin.py::test_Get_goods[535-1000]---------------
WARNING  22:59:36 [pytest_result_log:128] : ---------------End: test_post_admin.py::test_Get_goods[535-1000]----------------
WARNING  22:59:36 [pytest_result_log:122] : --------------Start: test_post_admin.py::test_Get_goods[536-1000]---------------
WARNING  22:59:37 [pytest_result_log:128] : ---------------End: test_post_admin.py::test_Get_goods[536-1000]----------------
WARNING  22:59:37 [pytest_result_log:122] : --------------Start: test_post_admin.py::test_Get_goods[537-1000]---------------
WARNING  22:59:37 [pytest_result_log:128] : ---------------End: test_post_admin.py::test_Get_goods[537-1000]----------------
WARNING  22:59:37 [pytest_result_log:122] : --------------Start: test_post_admin.py::test_Get_goods[538-1000]---------------
WARNING  22:59:37 [pytest_result_log:128] : ---------------End: test_post_admin.py::test_Get_goods[538-1000]----------------
WARNING  22:59:37 [pytest_result_log:122] : --------------Start: test_post_admin.py::test_Get_goods[539-1000]---------------
WARNING  22:59:37 [pytest_result_log:128] : ---------------End: test_post_admin.py::test_Get_goods[539-1000]----------------
WARNING  22:59:37 [pytest_result_log:122] : --------------Start: test_post_admin.py::test_Get_goods[540-1000]---------------
WARNING  22:59:38 [pytest_result_log:128] : ---------------End: test_post_admin.py::test_Get_goods[540-1000]----------------
WARNING  22:59:38 [pytest_result_log:122] : --------------Start: test_post_admin.py::test_Get_goods[541-1000]---------------
WARNING  22:59:38 [pytest_result_log:128] : ---------------End: test_post_admin.py::test_Get_goods[541-1000]----------------
WARNING  22:59:38 [pytest_result_log:122] : --------------Start: test_post_admin.py::test_Get_goods[542-1000]---------------
WARNING  22:59:38 [pytest_result_log:128] : ---------------End: test_post_admin.py::test_Get_goods[542-1000]----------------
WARNING  22:59:38 [pytest_result_log:122] : --------------Start: test_post_admin.py::test_Get_goods[543-1000]---------------
WARNING  22:59:38 [pytest_result_log:128] : ---------------End: test_post_admin.py::test_Get_goods[543-1000]----------------
WARNING  22:59:38 [pytest_result_log:122] : --------------Start: test_post_admin.py::test_Get_goods[544-1000]---------------
WARNING  22:59:39 [pytest_result_log:128] : ---------------End: test_post_admin.py::test_Get_goods[544-1000]----------------
WARNING  22:59:39 [pytest_result_log:122] : --------------Start: test_post_admin.py::test_Get_goods[545-1000]---------------
WARNING  22:59:39 [pytest_result_log:128] : ---------------End: test_post_admin.py::test_Get_goods[545-1000]----------------
WARNING  22:59:39 [pytest_result_log:122] : --------------Start: test_post_admin.py::test_Get_goods[546-1000]---------------
WARNING  22:59:39 [pytest_result_log:128] : ---------------End: test_post_admin.py::test_Get_goods[546-1000]----------------
WARNING  22:59:39 [pytest_result_log:122] : --------------Start: test_post_admin.py::test_Get_goods[547-1000]---------------
WARNING  22:59:39 [pytest_result_log:128] : ---------------End: test_post_admin.py::test_Get_goods[547-1000]----------------
WARNING  22:59:39 [pytest_result_log:122] : --------------Start: test_post_admin.py::test_Get_goods[548-1000]---------------
WARNING  22:59:40 [pytest_result_log:128] : ---------------End: test_post_admin.py::test_Get_goods[548-1000]----------------
WARNING  22:59:40 [pytest_result_log:122] : --------------Start: test_post_admin.py::test_Get_goods[549-1000]---------------
WARNING  22:59:40 [pytest_result_log:128] : ---------------End: test_post_admin.py::test_Get_goods[549-1000]----------------
WARNING  22:59:40 [pytest_result_log:122] : --------------Start: test_post_admin.py::test_Get_goods[550-1000]---------------
WARNING  22:59:40 [pytest_result_log:128] : ---------------End: test_post_admin.py::test_Get_goods[550-1000]----------------
WARNING  22:59:40 [pytest_result_log:122] : --------------Start: test_post_admin.py::test_Get_goods[551-1000]---------------
WARNING  22:59:40 [pytest_result_log:128] : ---------------End: test_post_admin.py::test_Get_goods[551-1000]----------------
WARNING  22:59:40 [pytest_result_log:122] : --------------Start: test_post_admin.py::test_Get_goods[552-1000]---------------
WARNING  22:59:41 [pytest_result_log:128] : ---------------End: test_post_admin.py::test_Get_goods[552-1000]----------------
WARNING  22:59:41 [pytest_result_log:122] : --------------Start: test_post_admin.py::test_Get_goods[553-1000]---------------
WARNING  22:59:41 [pytest_result_log:128] : ---------------End: test_post_admin.py::test_Get_goods[553-1000]----------------
WARNING  22:59:41 [pytest_result_log:122] : --------------Start: test_post_admin.py::test_Get_goods[554-1000]---------------
WARNING  22:59:41 [pytest_result_log:128] : ---------------End: test_post_admin.py::test_Get_goods[554-1000]----------------
WARNING  22:59:41 [pytest_result_log:122] : --------------Start: test_post_admin.py::test_Get_goods[555-1000]---------------
WARNING  22:59:41 [pytest_result_log:128] : ---------------End: test_post_admin.py::test_Get_goods[555-1000]----------------
WARNING  22:59:41 [pytest_result_log:122] : --------------Start: test_post_admin.py::test_Get_goods[556-1000]---------------
WARNING  22:59:42 [pytest_result_log:128] : ---------------End: test_post_admin.py::test_Get_goods[556-1000]----------------
WARNING  22:59:42 [pytest_result_log:122] : --------------Start: test_post_admin.py::test_Get_goods[557-1000]---------------
WARNING  22:59:42 [pytest_result_log:128] : ---------------End: test_post_admin.py::test_Get_goods[557-1000]----------------
WARNING  22:59:42 [pytest_result_log:122] : --------------Start: test_post_admin.py::test_Get_goods[558-1000]---------------
WARNING  22:59:42 [pytest_result_log:128] : ---------------End: test_post_admin.py::test_Get_goods[558-1000]----------------
WARNING  22:59:42 [pytest_result_log:122] : --------------Start: test_post_admin.py::test_Get_goods[559-1000]---------------
WARNING  22:59:42 [pytest_result_log:128] : ---------------End: test_post_admin.py::test_Get_goods[559-1000]----------------
WARNING  22:59:42 [pytest_result_log:122] : --------------Start: test_post_admin.py::test_Get_goods[560-1000]---------------
WARNING  22:59:43 [pytest_result_log:128] : ---------------End: test_post_admin.py::test_Get_goods[560-1000]----------------
WARNING  22:59:43 [pytest_result_log:122] : --------------Start: test_post_admin.py::test_Get_goods[561-1000]---------------
WARNING  22:59:43 [pytest_result_log:128] : ---------------End: test_post_admin.py::test_Get_goods[561-1000]----------------
WARNING  22:59:43 [pytest_result_log:122] : --------------Start: test_post_admin.py::test_Get_goods[562-1000]---------------
WARNING  22:59:43 [pytest_result_log:128] : ---------------End: test_post_admin.py::test_Get_goods[562-1000]----------------
WARNING  22:59:43 [pytest_result_log:122] : --------------Start: test_post_admin.py::test_Get_goods[563-1000]---------------
WARNING  22:59:43 [pytest_result_log:128] : ---------------End: test_post_admin.py::test_Get_goods[563-1000]----------------
WARNING  22:59:43 [pytest_result_log:122] : --------------Start: test_post_admin.py::test_Get_goods[564-1000]---------------
WARNING  22:59:43 [pytest_result_log:128] : ---------------End: test_post_admin.py::test_Get_goods[564-1000]----------------
WARNING  22:59:43 [pytest_result_log:122] : --------------Start: test_post_admin.py::test_Get_goods[565-1000]---------------
WARNING  22:59:44 [pytest_result_log:128] : ---------------End: test_post_admin.py::test_Get_goods[565-1000]----------------
WARNING  22:59:44 [pytest_result_log:122] : --------------Start: test_post_admin.py::test_Get_goods[566-1000]---------------
WARNING  22:59:44 [pytest_result_log:128] : ---------------End: test_post_admin.py::test_Get_goods[566-1000]----------------
WARNING  22:59:44 [pytest_result_log:122] : --------------Start: test_post_admin.py::test_Get_goods[567-1000]---------------
WARNING  22:59:44 [pytest_result_log:128] : ---------------End: test_post_admin.py::test_Get_goods[567-1000]----------------
WARNING  22:59:44 [pytest_result_log:122] : --------------Start: test_post_admin.py::test_Get_goods[568-1000]---------------
WARNING  22:59:44 [pytest_result_log:128] : ---------------End: test_post_admin.py::test_Get_goods[568-1000]----------------
WARNING  22:59:44 [pytest_result_log:122] : --------------Start: test_post_admin.py::test_Get_goods[569-1000]---------------
WARNING  22:59:45 [pytest_result_log:128] : ---------------End: test_post_admin.py::test_Get_goods[569-1000]----------------
WARNING  22:59:45 [pytest_result_log:122] : --------------Start: test_post_admin.py::test_Get_goods[570-1000]---------------
WARNING  22:59:45 [pytest_result_log:128] : ---------------End: test_post_admin.py::test_Get_goods[570-1000]----------------
WARNING  22:59:45 [pytest_result_log:122] : --------------Start: test_post_admin.py::test_Get_goods[571-1000]---------------
WARNING  22:59:45 [pytest_result_log:128] : ---------------End: test_post_admin.py::test_Get_goods[571-1000]----------------
WARNING  22:59:45 [pytest_result_log:122] : --------------Start: test_post_admin.py::test_Get_goods[572-1000]---------------
WARNING  22:59:45 [pytest_result_log:128] : ---------------End: test_post_admin.py::test_Get_goods[572-1000]----------------
WARNING  22:59:45 [pytest_result_log:122] : --------------Start: test_post_admin.py::test_Get_goods[573-1000]---------------
WARNING  22:59:46 [pytest_result_log:128] : ---------------End: test_post_admin.py::test_Get_goods[573-1000]----------------
WARNING  22:59:46 [pytest_result_log:122] : --------------Start: test_post_admin.py::test_Get_goods[574-1000]---------------
WARNING  22:59:46 [pytest_result_log:128] : ---------------End: test_post_admin.py::test_Get_goods[574-1000]----------------
WARNING  22:59:46 [pytest_result_log:122] : --------------Start: test_post_admin.py::test_Get_goods[575-1000]---------------
WARNING  22:59:46 [pytest_result_log:128] : ---------------End: test_post_admin.py::test_Get_goods[575-1000]----------------
WARNING  22:59:46 [pytest_result_log:122] : --------------Start: test_post_admin.py::test_Get_goods[576-1000]---------------
WARNING  22:59:46 [pytest_result_log:128] : ---------------End: test_post_admin.py::test_Get_goods[576-1000]----------------
WARNING  22:59:46 [pytest_result_log:122] : --------------Start: test_post_admin.py::test_Get_goods[577-1000]---------------
WARNING  22:59:47 [pytest_result_log:128] : ---------------End: test_post_admin.py::test_Get_goods[577-1000]----------------
WARNING  22:59:47 [pytest_result_log:122] : --------------Start: test_post_admin.py::test_Get_goods[578-1000]---------------
WARNING  22:59:47 [pytest_result_log:128] : ---------------End: test_post_admin.py::test_Get_goods[578-1000]----------------
WARNING  22:59:47 [pytest_result_log:122] : --------------Start: test_post_admin.py::test_Get_goods[579-1000]---------------
WARNING  22:59:47 [pytest_result_log:128] : ---------------End: test_post_admin.py::test_Get_goods[579-1000]----------------
WARNING  22:59:47 [pytest_result_log:122] : --------------Start: test_post_admin.py::test_Get_goods[580-1000]---------------
WARNING  22:59:47 [pytest_result_log:128] : ---------------End: test_post_admin.py::test_Get_goods[580-1000]----------------
WARNING  22:59:47 [pytest_result_log:122] : --------------Start: test_post_admin.py::test_Get_goods[581-1000]---------------
WARNING  22:59:48 [pytest_result_log:128] : ---------------End: test_post_admin.py::test_Get_goods[581-1000]----------------
WARNING  22:59:48 [pytest_result_log:122] : --------------Start: test_post_admin.py::test_Get_goods[582-1000]---------------
WARNING  22:59:48 [pytest_result_log:128] : ---------------End: test_post_admin.py::test_Get_goods[582-1000]----------------
WARNING  22:59:48 [pytest_result_log:122] : --------------Start: test_post_admin.py::test_Get_goods[583-1000]---------------
WARNING  22:59:48 [pytest_result_log:128] : ---------------End: test_post_admin.py::test_Get_goods[583-1000]----------------
WARNING  22:59:48 [pytest_result_log:122] : --------------Start: test_post_admin.py::test_Get_goods[584-1000]---------------
WARNING  22:59:48 [pytest_result_log:128] : ---------------End: test_post_admin.py::test_Get_goods[584-1000]----------------
WARNING  22:59:48 [pytest_result_log:122] : --------------Start: test_post_admin.py::test_Get_goods[585-1000]---------------
WARNING  22:59:49 [pytest_result_log:128] : ---------------End: test_post_admin.py::test_Get_goods[585-1000]----------------
WARNING  22:59:49 [pytest_result_log:122] : --------------Start: test_post_admin.py::test_Get_goods[586-1000]---------------
WARNING  22:59:49 [pytest_result_log:128] : ---------------End: test_post_admin.py::test_Get_goods[586-1000]----------------
WARNING  22:59:49 [pytest_result_log:122] : --------------Start: test_post_admin.py::test_Get_goods[587-1000]---------------
WARNING  22:59:49 [pytest_result_log:128] : ---------------End: test_post_admin.py::test_Get_goods[587-1000]----------------
WARNING  22:59:49 [pytest_result_log:122] : --------------Start: test_post_admin.py::test_Get_goods[588-1000]---------------
WARNING  22:59:49 [pytest_result_log:128] : ---------------End: test_post_admin.py::test_Get_goods[588-1000]----------------
WARNING  22:59:49 [pytest_result_log:122] : --------------Start: test_post_admin.py::test_Get_goods[589-1000]---------------
WARNING  22:59:50 [pytest_result_log:128] : ---------------End: test_post_admin.py::test_Get_goods[589-1000]----------------
WARNING  22:59:50 [pytest_result_log:122] : --------------Start: test_post_admin.py::test_Get_goods[590-1000]---------------
WARNING  22:59:50 [pytest_result_log:128] : ---------------End: test_post_admin.py::test_Get_goods[590-1000]----------------
WARNING  22:59:50 [pytest_result_log:122] : --------------Start: test_post_admin.py::test_Get_goods[591-1000]---------------
WARNING  22:59:50 [pytest_result_log:128] : ---------------End: test_post_admin.py::test_Get_goods[591-1000]----------------
WARNING  22:59:50 [pytest_result_log:122] : --------------Start: test_post_admin.py::test_Get_goods[592-1000]---------------
WARNING  22:59:51 [pytest_result_log:128] : ---------------End: test_post_admin.py::test_Get_goods[592-1000]----------------
WARNING  22:59:51 [pytest_result_log:122] : --------------Start: test_post_admin.py::test_Get_goods[593-1000]---------------
WARNING  22:59:51 [pytest_result_log:128] : ---------------End: test_post_admin.py::test_Get_goods[593-1000]----------------
WARNING  22:59:51 [pytest_result_log:122] : --------------Start: test_post_admin.py::test_Get_goods[594-1000]---------------
WARNING  22:59:51 [pytest_result_log:128] : ---------------End: test_post_admin.py::test_Get_goods[594-1000]----------------
WARNING  22:59:51 [pytest_result_log:122] : --------------Start: test_post_admin.py::test_Get_goods[595-1000]---------------
WARNING  22:59:51 [pytest_result_log:128] : ---------------End: test_post_admin.py::test_Get_goods[595-1000]----------------
WARNING  22:59:51 [pytest_result_log:122] : --------------Start: test_post_admin.py::test_Get_goods[596-1000]---------------
WARNING  22:59:52 [pytest_result_log:128] : ---------------End: test_post_admin.py::test_Get_goods[596-1000]----------------
WARNING  22:59:52 [pytest_result_log:122] : --------------Start: test_post_admin.py::test_Get_goods[597-1000]---------------
WARNING  22:59:52 [pytest_result_log:128] : ---------------End: test_post_admin.py::test_Get_goods[597-1000]----------------
WARNING  22:59:52 [pytest_result_log:122] : --------------Start: test_post_admin.py::test_Get_goods[598-1000]---------------
WARNING  22:59:52 [pytest_result_log:128] : ---------------End: test_post_admin.py::test_Get_goods[598-1000]----------------
WARNING  22:59:52 [pytest_result_log:122] : --------------Start: test_post_admin.py::test_Get_goods[599-1000]---------------
WARNING  22:59:52 [pytest_result_log:128] : ---------------End: test_post_admin.py::test_Get_goods[599-1000]----------------
WARNING  22:59:52 [pytest_result_log:122] : --------------Start: test_post_admin.py::test_Get_goods[600-1000]---------------
WARNING  22:59:53 [pytest_result_log:128] : ---------------End: test_post_admin.py::test_Get_goods[600-1000]----------------
WARNING  22:59:53 [pytest_result_log:122] : --------------Start: test_post_admin.py::test_Get_goods[601-1000]---------------
WARNING  22:59:53 [pytest_result_log:128] : ---------------End: test_post_admin.py::test_Get_goods[601-1000]----------------
WARNING  22:59:53 [pytest_result_log:122] : --------------Start: test_post_admin.py::test_Get_goods[602-1000]---------------
WARNING  22:59:53 [pytest_result_log:128] : ---------------End: test_post_admin.py::test_Get_goods[602-1000]----------------
WARNING  22:59:53 [pytest_result_log:122] : --------------Start: test_post_admin.py::test_Get_goods[603-1000]---------------
WARNING  22:59:53 [pytest_result_log:128] : ---------------End: test_post_admin.py::test_Get_goods[603-1000]----------------
WARNING  22:59:53 [pytest_result_log:122] : --------------Start: test_post_admin.py::test_Get_goods[604-1000]---------------
WARNING  22:59:54 [pytest_result_log:128] : ---------------End: test_post_admin.py::test_Get_goods[604-1000]----------------
WARNING  22:59:54 [pytest_result_log:122] : --------------Start: test_post_admin.py::test_Get_goods[605-1000]---------------
WARNING  22:59:54 [pytest_result_log:128] : ---------------End: test_post_admin.py::test_Get_goods[605-1000]----------------
WARNING  22:59:54 [pytest_result_log:122] : --------------Start: test_post_admin.py::test_Get_goods[606-1000]---------------
WARNING  22:59:54 [pytest_result_log:128] : ---------------End: test_post_admin.py::test_Get_goods[606-1000]----------------
WARNING  22:59:54 [pytest_result_log:122] : --------------Start: test_post_admin.py::test_Get_goods[607-1000]---------------
WARNING  22:59:54 [pytest_result_log:128] : ---------------End: test_post_admin.py::test_Get_goods[607-1000]----------------
WARNING  22:59:54 [pytest_result_log:122] : --------------Start: test_post_admin.py::test_Get_goods[608-1000]---------------
WARNING  22:59:55 [pytest_result_log:128] : ---------------End: test_post_admin.py::test_Get_goods[608-1000]----------------
WARNING  22:59:55 [pytest_result_log:122] : --------------Start: test_post_admin.py::test_Get_goods[609-1000]---------------
WARNING  22:59:55 [pytest_result_log:128] : ---------------End: test_post_admin.py::test_Get_goods[609-1000]----------------
WARNING  22:59:55 [pytest_result_log:122] : --------------Start: test_post_admin.py::test_Get_goods[610-1000]---------------
WARNING  22:59:55 [pytest_result_log:128] : ---------------End: test_post_admin.py::test_Get_goods[610-1000]----------------
WARNING  22:59:55 [pytest_result_log:122] : --------------Start: test_post_admin.py::test_Get_goods[611-1000]---------------
WARNING  22:59:55 [pytest_result_log:128] : ---------------End: test_post_admin.py::test_Get_goods[611-1000]----------------
WARNING  22:59:55 [pytest_result_log:122] : --------------Start: test_post_admin.py::test_Get_goods[612-1000]---------------
WARNING  22:59:56 [pytest_result_log:128] : ---------------End: test_post_admin.py::test_Get_goods[612-1000]----------------
WARNING  22:59:56 [pytest_result_log:122] : --------------Start: test_post_admin.py::test_Get_goods[613-1000]---------------
WARNING  22:59:56 [pytest_result_log:128] : ---------------End: test_post_admin.py::test_Get_goods[613-1000]----------------
WARNING  22:59:56 [pytest_result_log:122] : --------------Start: test_post_admin.py::test_Get_goods[614-1000]---------------
WARNING  22:59:56 [pytest_result_log:128] : ---------------End: test_post_admin.py::test_Get_goods[614-1000]----------------
WARNING  22:59:56 [pytest_result_log:122] : --------------Start: test_post_admin.py::test_Get_goods[615-1000]---------------
WARNING  22:59:56 [pytest_result_log:128] : ---------------End: test_post_admin.py::test_Get_goods[615-1000]----------------
WARNING  22:59:56 [pytest_result_log:122] : --------------Start: test_post_admin.py::test_Get_goods[616-1000]---------------
WARNING  22:59:57 [pytest_result_log:128] : ---------------End: test_post_admin.py::test_Get_goods[616-1000]----------------
WARNING  22:59:57 [pytest_result_log:122] : --------------Start: test_post_admin.py::test_Get_goods[617-1000]---------------
WARNING  22:59:57 [pytest_result_log:128] : ---------------End: test_post_admin.py::test_Get_goods[617-1000]----------------
WARNING  22:59:57 [pytest_result_log:122] : --------------Start: test_post_admin.py::test_Get_goods[618-1000]---------------
WARNING  22:59:57 [pytest_result_log:128] : ---------------End: test_post_admin.py::test_Get_goods[618-1000]----------------
WARNING  22:59:57 [pytest_result_log:122] : --------------Start: test_post_admin.py::test_Get_goods[619-1000]---------------
WARNING  22:59:57 [pytest_result_log:128] : ---------------End: test_post_admin.py::test_Get_goods[619-1000]----------------
WARNING  22:59:57 [pytest_result_log:122] : --------------Start: test_post_admin.py::test_Get_goods[620-1000]---------------
WARNING  22:59:58 [pytest_result_log:128] : ---------------End: test_post_admin.py::test_Get_goods[620-1000]----------------
WARNING  22:59:58 [pytest_result_log:122] : --------------Start: test_post_admin.py::test_Get_goods[621-1000]---------------
WARNING  22:59:58 [pytest_result_log:128] : ---------------End: test_post_admin.py::test_Get_goods[621-1000]----------------
WARNING  22:59:58 [pytest_result_log:122] : --------------Start: test_post_admin.py::test_Get_goods[622-1000]---------------
WARNING  22:59:58 [pytest_result_log:128] : ---------------End: test_post_admin.py::test_Get_goods[622-1000]----------------
WARNING  22:59:58 [pytest_result_log:122] : --------------Start: test_post_admin.py::test_Get_goods[623-1000]---------------
WARNING  22:59:58 [pytest_result_log:128] : ---------------End: test_post_admin.py::test_Get_goods[623-1000]----------------
WARNING  22:59:58 [pytest_result_log:122] : --------------Start: test_post_admin.py::test_Get_goods[624-1000]---------------
WARNING  22:59:59 [pytest_result_log:128] : ---------------End: test_post_admin.py::test_Get_goods[624-1000]----------------
WARNING  22:59:59 [pytest_result_log:122] : --------------Start: test_post_admin.py::test_Get_goods[625-1000]---------------
WARNING  22:59:59 [pytest_result_log:128] : ---------------End: test_post_admin.py::test_Get_goods[625-1000]----------------
WARNING  22:59:59 [pytest_result_log:122] : --------------Start: test_post_admin.py::test_Get_goods[626-1000]---------------
WARNING  22:59:59 [pytest_result_log:128] : ---------------End: test_post_admin.py::test_Get_goods[626-1000]----------------
WARNING  22:59:59 [pytest_result_log:122] : --------------Start: test_post_admin.py::test_Get_goods[627-1000]---------------
WARNING  22:59:59 [pytest_result_log:128] : ---------------End: test_post_admin.py::test_Get_goods[627-1000]----------------
WARNING  22:59:59 [pytest_result_log:122] : --------------Start: test_post_admin.py::test_Get_goods[628-1000]---------------
WARNING  23:00:00 [pytest_result_log:128] : ---------------End: test_post_admin.py::test_Get_goods[628-1000]----------------
WARNING  23:00:00 [pytest_result_log:122] : --------------Start: test_post_admin.py::test_Get_goods[629-1000]---------------
WARNING  23:00:00 [pytest_result_log:128] : ---------------End: test_post_admin.py::test_Get_goods[629-1000]----------------
WARNING  23:00:00 [pytest_result_log:122] : --------------Start: test_post_admin.py::test_Get_goods[630-1000]---------------
WARNING  23:00:00 [pytest_result_log:128] : ---------------End: test_post_admin.py::test_Get_goods[630-1000]----------------
WARNING  23:00:00 [pytest_result_log:122] : --------------Start: test_post_admin.py::test_Get_goods[631-1000]---------------
WARNING  23:00:00 [pytest_result_log:128] : ---------------End: test_post_admin.py::test_Get_goods[631-1000]----------------
WARNING  23:00:00 [pytest_result_log:122] : --------------Start: test_post_admin.py::test_Get_goods[632-1000]---------------
WARNING  23:00:01 [pytest_result_log:128] : ---------------End: test_post_admin.py::test_Get_goods[632-1000]----------------
WARNING  23:00:01 [pytest_result_log:122] : --------------Start: test_post_admin.py::test_Get_goods[633-1000]---------------
WARNING  23:00:01 [pytest_result_log:128] : ---------------End: test_post_admin.py::test_Get_goods[633-1000]----------------
WARNING  23:00:01 [pytest_result_log:122] : --------------Start: test_post_admin.py::test_Get_goods[634-1000]---------------
WARNING  23:00:01 [pytest_result_log:128] : ---------------End: test_post_admin.py::test_Get_goods[634-1000]----------------
WARNING  23:00:01 [pytest_result_log:122] : --------------Start: test_post_admin.py::test_Get_goods[635-1000]---------------
WARNING  23:00:02 [pytest_result_log:128] : ---------------End: test_post_admin.py::test_Get_goods[635-1000]----------------
WARNING  23:00:02 [pytest_result_log:122] : --------------Start: test_post_admin.py::test_Get_goods[636-1000]---------------
WARNING  23:00:02 [pytest_result_log:128] : ---------------End: test_post_admin.py::test_Get_goods[636-1000]----------------
WARNING  23:00:02 [pytest_result_log:122] : --------------Start: test_post_admin.py::test_Get_goods[637-1000]---------------
WARNING  23:00:02 [pytest_result_log:128] : ---------------End: test_post_admin.py::test_Get_goods[637-1000]----------------
WARNING  23:00:02 [pytest_result_log:122] : --------------Start: test_post_admin.py::test_Get_goods[638-1000]---------------
WARNING  23:00:02 [pytest_result_log:128] : ---------------End: test_post_admin.py::test_Get_goods[638-1000]----------------
WARNING  23:00:02 [pytest_result_log:122] : --------------Start: test_post_admin.py::test_Get_goods[639-1000]---------------
WARNING  23:00:03 [pytest_result_log:128] : ---------------End: test_post_admin.py::test_Get_goods[639-1000]----------------
WARNING  23:00:03 [pytest_result_log:122] : --------------Start: test_post_admin.py::test_Get_goods[640-1000]---------------
WARNING  23:00:03 [pytest_result_log:128] : ---------------End: test_post_admin.py::test_Get_goods[640-1000]----------------
WARNING  23:00:03 [pytest_result_log:122] : --------------Start: test_post_admin.py::test_Get_goods[641-1000]---------------
WARNING  23:00:03 [pytest_result_log:128] : ---------------End: test_post_admin.py::test_Get_goods[641-1000]----------------
WARNING  23:00:03 [pytest_result_log:122] : --------------Start: test_post_admin.py::test_Get_goods[642-1000]---------------
WARNING  23:00:03 [pytest_result_log:128] : ---------------End: test_post_admin.py::test_Get_goods[642-1000]----------------
WARNING  23:00:03 [pytest_result_log:122] : --------------Start: test_post_admin.py::test_Get_goods[643-1000]---------------
WARNING  23:00:04 [pytest_result_log:128] : ---------------End: test_post_admin.py::test_Get_goods[643-1000]----------------
WARNING  23:00:04 [pytest_result_log:122] : --------------Start: test_post_admin.py::test_Get_goods[644-1000]---------------
WARNING  23:00:04 [pytest_result_log:128] : ---------------End: test_post_admin.py::test_Get_goods[644-1000]----------------
WARNING  23:00:04 [pytest_result_log:122] : --------------Start: test_post_admin.py::test_Get_goods[645-1000]---------------
WARNING  23:00:04 [pytest_result_log:128] : ---------------End: test_post_admin.py::test_Get_goods[645-1000]----------------
WARNING  23:00:04 [pytest_result_log:122] : --------------Start: test_post_admin.py::test_Get_goods[646-1000]---------------
WARNING  23:00:04 [pytest_result_log:128] : ---------------End: test_post_admin.py::test_Get_goods[646-1000]----------------
WARNING  23:00:04 [pytest_result_log:122] : --------------Start: test_post_admin.py::test_Get_goods[647-1000]---------------
WARNING  23:00:05 [pytest_result_log:128] : ---------------End: test_post_admin.py::test_Get_goods[647-1000]----------------
WARNING  23:00:05 [pytest_result_log:122] : --------------Start: test_post_admin.py::test_Get_goods[648-1000]---------------
WARNING  23:00:05 [pytest_result_log:128] : ---------------End: test_post_admin.py::test_Get_goods[648-1000]----------------
WARNING  23:00:05 [pytest_result_log:122] : --------------Start: test_post_admin.py::test_Get_goods[649-1000]---------------
WARNING  23:00:05 [pytest_result_log:128] : ---------------End: test_post_admin.py::test_Get_goods[649-1000]----------------
WARNING  23:00:05 [pytest_result_log:122] : --------------Start: test_post_admin.py::test_Get_goods[650-1000]---------------
WARNING  23:00:05 [pytest_result_log:128] : ---------------End: test_post_admin.py::test_Get_goods[650-1000]----------------
WARNING  23:00:05 [pytest_result_log:122] : --------------Start: test_post_admin.py::test_Get_goods[651-1000]---------------
WARNING  23:00:05 [pytest_result_log:128] : ---------------End: test_post_admin.py::test_Get_goods[651-1000]----------------
WARNING  23:00:05 [pytest_result_log:122] : --------------Start: test_post_admin.py::test_Get_goods[652-1000]---------------
WARNING  23:00:06 [pytest_result_log:128] : ---------------End: test_post_admin.py::test_Get_goods[652-1000]----------------
WARNING  23:00:06 [pytest_result_log:122] : --------------Start: test_post_admin.py::test_Get_goods[653-1000]---------------
WARNING  23:00:06 [pytest_result_log:128] : ---------------End: test_post_admin.py::test_Get_goods[653-1000]----------------
WARNING  23:00:06 [pytest_result_log:122] : --------------Start: test_post_admin.py::test_Get_goods[654-1000]---------------
WARNING  23:00:06 [pytest_result_log:128] : ---------------End: test_post_admin.py::test_Get_goods[654-1000]----------------
WARNING  23:00:06 [pytest_result_log:122] : --------------Start: test_post_admin.py::test_Get_goods[655-1000]---------------
WARNING  23:00:06 [pytest_result_log:128] : ---------------End: test_post_admin.py::test_Get_goods[655-1000]----------------
WARNING  23:00:06 [pytest_result_log:122] : --------------Start: test_post_admin.py::test_Get_goods[656-1000]---------------
WARNING  23:00:07 [pytest_result_log:128] : ---------------End: test_post_admin.py::test_Get_goods[656-1000]----------------
WARNING  23:00:07 [pytest_result_log:122] : --------------Start: test_post_admin.py::test_Get_goods[657-1000]---------------
WARNING  23:00:07 [pytest_result_log:128] : ---------------End: test_post_admin.py::test_Get_goods[657-1000]----------------
WARNING  23:00:07 [pytest_result_log:122] : --------------Start: test_post_admin.py::test_Get_goods[658-1000]---------------
WARNING  23:00:07 [pytest_result_log:128] : ---------------End: test_post_admin.py::test_Get_goods[658-1000]----------------
WARNING  23:00:07 [pytest_result_log:122] : --------------Start: test_post_admin.py::test_Get_goods[659-1000]---------------
WARNING  23:00:07 [pytest_result_log:128] : ---------------End: test_post_admin.py::test_Get_goods[659-1000]----------------
WARNING  23:00:07 [pytest_result_log:122] : --------------Start: test_post_admin.py::test_Get_goods[660-1000]---------------
WARNING  23:00:08 [pytest_result_log:128] : ---------------End: test_post_admin.py::test_Get_goods[660-1000]----------------
WARNING  23:00:08 [pytest_result_log:122] : --------------Start: test_post_admin.py::test_Get_goods[661-1000]---------------
WARNING  23:00:08 [pytest_result_log:128] : ---------------End: test_post_admin.py::test_Get_goods[661-1000]----------------
WARNING  23:00:08 [pytest_result_log:122] : --------------Start: test_post_admin.py::test_Get_goods[662-1000]---------------
WARNING  23:00:08 [pytest_result_log:128] : ---------------End: test_post_admin.py::test_Get_goods[662-1000]----------------
WARNING  23:00:08 [pytest_result_log:122] : --------------Start: test_post_admin.py::test_Get_goods[663-1000]---------------
WARNING  23:00:08 [pytest_result_log:128] : ---------------End: test_post_admin.py::test_Get_goods[663-1000]----------------
WARNING  23:00:08 [pytest_result_log:122] : --------------Start: test_post_admin.py::test_Get_goods[664-1000]---------------
WARNING  23:00:09 [pytest_result_log:128] : ---------------End: test_post_admin.py::test_Get_goods[664-1000]----------------
WARNING  23:00:09 [pytest_result_log:122] : --------------Start: test_post_admin.py::test_Get_goods[665-1000]---------------
WARNING  23:00:09 [pytest_result_log:128] : ---------------End: test_post_admin.py::test_Get_goods[665-1000]----------------
WARNING  23:00:09 [pytest_result_log:122] : --------------Start: test_post_admin.py::test_Get_goods[666-1000]---------------
WARNING  23:00:09 [pytest_result_log:128] : ---------------End: test_post_admin.py::test_Get_goods[666-1000]----------------
WARNING  23:00:09 [pytest_result_log:122] : --------------Start: test_post_admin.py::test_Get_goods[667-1000]---------------
WARNING  23:00:09 [pytest_result_log:128] : ---------------End: test_post_admin.py::test_Get_goods[667-1000]----------------
WARNING  23:00:09 [pytest_result_log:122] : --------------Start: test_post_admin.py::test_Get_goods[668-1000]---------------
WARNING  23:00:10 [pytest_result_log:128] : ---------------End: test_post_admin.py::test_Get_goods[668-1000]----------------
WARNING  23:00:10 [pytest_result_log:122] : --------------Start: test_post_admin.py::test_Get_goods[669-1000]---------------
WARNING  23:00:10 [pytest_result_log:128] : ---------------End: test_post_admin.py::test_Get_goods[669-1000]----------------
WARNING  23:00:10 [pytest_result_log:122] : --------------Start: test_post_admin.py::test_Get_goods[670-1000]---------------
WARNING  23:00:10 [pytest_result_log:128] : ---------------End: test_post_admin.py::test_Get_goods[670-1000]----------------
WARNING  23:00:10 [pytest_result_log:122] : --------------Start: test_post_admin.py::test_Get_goods[671-1000]---------------
WARNING  23:00:10 [pytest_result_log:128] : ---------------End: test_post_admin.py::test_Get_goods[671-1000]----------------
WARNING  23:00:10 [pytest_result_log:122] : --------------Start: test_post_admin.py::test_Get_goods[672-1000]---------------
WARNING  23:00:11 [pytest_result_log:128] : ---------------End: test_post_admin.py::test_Get_goods[672-1000]----------------
WARNING  23:00:11 [pytest_result_log:122] : --------------Start: test_post_admin.py::test_Get_goods[673-1000]---------------
WARNING  23:00:11 [pytest_result_log:128] : ---------------End: test_post_admin.py::test_Get_goods[673-1000]----------------
WARNING  23:00:11 [pytest_result_log:122] : --------------Start: test_post_admin.py::test_Get_goods[674-1000]---------------
WARNING  23:00:11 [pytest_result_log:128] : ---------------End: test_post_admin.py::test_Get_goods[674-1000]----------------
WARNING  23:00:11 [pytest_result_log:122] : --------------Start: test_post_admin.py::test_Get_goods[675-1000]---------------
WARNING  23:00:11 [pytest_result_log:128] : ---------------End: test_post_admin.py::test_Get_goods[675-1000]----------------
WARNING  23:00:11 [pytest_result_log:122] : --------------Start: test_post_admin.py::test_Get_goods[676-1000]---------------
WARNING  23:00:12 [pytest_result_log:128] : ---------------End: test_post_admin.py::test_Get_goods[676-1000]----------------
WARNING  23:00:12 [pytest_result_log:122] : --------------Start: test_post_admin.py::test_Get_goods[677-1000]---------------
WARNING  23:00:12 [pytest_result_log:128] : ---------------End: test_post_admin.py::test_Get_goods[677-1000]----------------
WARNING  23:00:12 [pytest_result_log:122] : --------------Start: test_post_admin.py::test_Get_goods[678-1000]---------------
WARNING  23:00:12 [pytest_result_log:128] : ---------------End: test_post_admin.py::test_Get_goods[678-1000]----------------
WARNING  23:00:12 [pytest_result_log:122] : --------------Start: test_post_admin.py::test_Get_goods[679-1000]---------------
WARNING  23:00:12 [pytest_result_log:128] : ---------------End: test_post_admin.py::test_Get_goods[679-1000]----------------
WARNING  23:00:12 [pytest_result_log:122] : --------------Start: test_post_admin.py::test_Get_goods[680-1000]---------------
WARNING  23:00:12 [pytest_result_log:128] : ---------------End: test_post_admin.py::test_Get_goods[680-1000]----------------
WARNING  23:00:12 [pytest_result_log:122] : --------------Start: test_post_admin.py::test_Get_goods[681-1000]---------------
WARNING  23:00:13 [pytest_result_log:128] : ---------------End: test_post_admin.py::test_Get_goods[681-1000]----------------
WARNING  23:00:13 [pytest_result_log:122] : --------------Start: test_post_admin.py::test_Get_goods[682-1000]---------------
WARNING  23:00:13 [pytest_result_log:128] : ---------------End: test_post_admin.py::test_Get_goods[682-1000]----------------
WARNING  23:00:13 [pytest_result_log:122] : --------------Start: test_post_admin.py::test_Get_goods[683-1000]---------------
WARNING  23:00:13 [pytest_result_log:128] : ---------------End: test_post_admin.py::test_Get_goods[683-1000]----------------
WARNING  23:00:13 [pytest_result_log:122] : --------------Start: test_post_admin.py::test_Get_goods[684-1000]---------------
WARNING  23:00:13 [pytest_result_log:128] : ---------------End: test_post_admin.py::test_Get_goods[684-1000]----------------
WARNING  23:00:13 [pytest_result_log:122] : --------------Start: test_post_admin.py::test_Get_goods[685-1000]---------------
WARNING  23:00:14 [pytest_result_log:128] : ---------------End: test_post_admin.py::test_Get_goods[685-1000]----------------
WARNING  23:00:14 [pytest_result_log:122] : --------------Start: test_post_admin.py::test_Get_goods[686-1000]---------------
WARNING  23:00:14 [pytest_result_log:128] : ---------------End: test_post_admin.py::test_Get_goods[686-1000]----------------
WARNING  23:00:14 [pytest_result_log:122] : --------------Start: test_post_admin.py::test_Get_goods[687-1000]---------------
WARNING  23:00:14 [pytest_result_log:128] : ---------------End: test_post_admin.py::test_Get_goods[687-1000]----------------
WARNING  23:00:14 [pytest_result_log:122] : --------------Start: test_post_admin.py::test_Get_goods[688-1000]---------------
WARNING  23:00:14 [pytest_result_log:128] : ---------------End: test_post_admin.py::test_Get_goods[688-1000]----------------
WARNING  23:00:14 [pytest_result_log:122] : --------------Start: test_post_admin.py::test_Get_goods[689-1000]---------------
WARNING  23:00:15 [pytest_result_log:128] : ---------------End: test_post_admin.py::test_Get_goods[689-1000]----------------
WARNING  23:00:15 [pytest_result_log:122] : --------------Start: test_post_admin.py::test_Get_goods[690-1000]---------------
WARNING  23:00:15 [pytest_result_log:128] : ---------------End: test_post_admin.py::test_Get_goods[690-1000]----------------
WARNING  23:00:15 [pytest_result_log:122] : --------------Start: test_post_admin.py::test_Get_goods[691-1000]---------------
WARNING  23:00:15 [pytest_result_log:128] : ---------------End: test_post_admin.py::test_Get_goods[691-1000]----------------
WARNING  23:00:15 [pytest_result_log:122] : --------------Start: test_post_admin.py::test_Get_goods[692-1000]---------------
WARNING  23:00:16 [pytest_result_log:128] : ---------------End: test_post_admin.py::test_Get_goods[692-1000]----------------
WARNING  23:00:16 [pytest_result_log:122] : --------------Start: test_post_admin.py::test_Get_goods[693-1000]---------------
WARNING  23:00:16 [pytest_result_log:128] : ---------------End: test_post_admin.py::test_Get_goods[693-1000]----------------
WARNING  23:00:16 [pytest_result_log:122] : --------------Start: test_post_admin.py::test_Get_goods[694-1000]---------------
WARNING  23:00:16 [pytest_result_log:128] : ---------------End: test_post_admin.py::test_Get_goods[694-1000]----------------
WARNING  23:00:16 [pytest_result_log:122] : --------------Start: test_post_admin.py::test_Get_goods[695-1000]---------------
WARNING  23:00:16 [pytest_result_log:128] : ---------------End: test_post_admin.py::test_Get_goods[695-1000]----------------
WARNING  23:00:16 [pytest_result_log:122] : --------------Start: test_post_admin.py::test_Get_goods[696-1000]---------------
WARNING  23:00:17 [pytest_result_log:128] : ---------------End: test_post_admin.py::test_Get_goods[696-1000]----------------
WARNING  23:00:17 [pytest_result_log:122] : --------------Start: test_post_admin.py::test_Get_goods[697-1000]---------------
WARNING  23:00:17 [pytest_result_log:128] : ---------------End: test_post_admin.py::test_Get_goods[697-1000]----------------
WARNING  23:00:17 [pytest_result_log:122] : --------------Start: test_post_admin.py::test_Get_goods[698-1000]---------------
WARNING  23:00:17 [pytest_result_log:128] : ---------------End: test_post_admin.py::test_Get_goods[698-1000]----------------
WARNING  23:00:17 [pytest_result_log:122] : --------------Start: test_post_admin.py::test_Get_goods[699-1000]---------------
WARNING  23:00:17 [pytest_result_log:128] : ---------------End: test_post_admin.py::test_Get_goods[699-1000]----------------
WARNING  23:00:17 [pytest_result_log:122] : --------------Start: test_post_admin.py::test_Get_goods[700-1000]---------------
WARNING  23:00:17 [pytest_result_log:128] : ---------------End: test_post_admin.py::test_Get_goods[700-1000]----------------
WARNING  23:00:17 [pytest_result_log:122] : --------------Start: test_post_admin.py::test_Get_goods[701-1000]---------------
WARNING  23:00:18 [pytest_result_log:128] : ---------------End: test_post_admin.py::test_Get_goods[701-1000]----------------
WARNING  23:00:18 [pytest_result_log:122] : --------------Start: test_post_admin.py::test_Get_goods[702-1000]---------------
WARNING  23:00:18 [pytest_result_log:128] : ---------------End: test_post_admin.py::test_Get_goods[702-1000]----------------
WARNING  23:00:18 [pytest_result_log:122] : --------------Start: test_post_admin.py::test_Get_goods[703-1000]---------------
WARNING  23:00:18 [pytest_result_log:128] : ---------------End: test_post_admin.py::test_Get_goods[703-1000]----------------
WARNING  23:00:18 [pytest_result_log:122] : --------------Start: test_post_admin.py::test_Get_goods[704-1000]---------------
WARNING  23:00:18 [pytest_result_log:128] : ---------------End: test_post_admin.py::test_Get_goods[704-1000]----------------
WARNING  23:00:18 [pytest_result_log:122] : --------------Start: test_post_admin.py::test_Get_goods[705-1000]---------------
WARNING  23:00:19 [pytest_result_log:128] : ---------------End: test_post_admin.py::test_Get_goods[705-1000]----------------
WARNING  23:00:19 [pytest_result_log:122] : --------------Start: test_post_admin.py::test_Get_goods[706-1000]---------------
WARNING  23:00:19 [pytest_result_log:128] : ---------------End: test_post_admin.py::test_Get_goods[706-1000]----------------
WARNING  23:00:19 [pytest_result_log:122] : --------------Start: test_post_admin.py::test_Get_goods[707-1000]---------------
WARNING  23:00:19 [pytest_result_log:128] : ---------------End: test_post_admin.py::test_Get_goods[707-1000]----------------
WARNING  23:00:19 [pytest_result_log:122] : --------------Start: test_post_admin.py::test_Get_goods[708-1000]---------------
WARNING  23:00:19 [pytest_result_log:128] : ---------------End: test_post_admin.py::test_Get_goods[708-1000]----------------
WARNING  23:00:19 [pytest_result_log:122] : --------------Start: test_post_admin.py::test_Get_goods[709-1000]---------------
WARNING  23:00:20 [pytest_result_log:128] : ---------------End: test_post_admin.py::test_Get_goods[709-1000]----------------
WARNING  23:00:20 [pytest_result_log:122] : --------------Start: test_post_admin.py::test_Get_goods[710-1000]---------------
WARNING  23:00:20 [pytest_result_log:128] : ---------------End: test_post_admin.py::test_Get_goods[710-1000]----------------
WARNING  23:00:20 [pytest_result_log:122] : --------------Start: test_post_admin.py::test_Get_goods[711-1000]---------------
WARNING  23:00:20 [pytest_result_log:128] : ---------------End: test_post_admin.py::test_Get_goods[711-1000]----------------
WARNING  23:00:20 [pytest_result_log:122] : --------------Start: test_post_admin.py::test_Get_goods[712-1000]---------------
WARNING  23:00:20 [pytest_result_log:128] : ---------------End: test_post_admin.py::test_Get_goods[712-1000]----------------
WARNING  23:00:20 [pytest_result_log:122] : --------------Start: test_post_admin.py::test_Get_goods[713-1000]---------------
WARNING  23:00:21 [pytest_result_log:128] : ---------------End: test_post_admin.py::test_Get_goods[713-1000]----------------
WARNING  23:00:21 [pytest_result_log:122] : --------------Start: test_post_admin.py::test_Get_goods[714-1000]---------------
WARNING  23:00:21 [pytest_result_log:128] : ---------------End: test_post_admin.py::test_Get_goods[714-1000]----------------
WARNING  23:00:21 [pytest_result_log:122] : --------------Start: test_post_admin.py::test_Get_goods[715-1000]---------------
WARNING  23:00:21 [pytest_result_log:128] : ---------------End: test_post_admin.py::test_Get_goods[715-1000]----------------
WARNING  23:00:21 [pytest_result_log:122] : --------------Start: test_post_admin.py::test_Get_goods[716-1000]---------------
WARNING  23:00:21 [pytest_result_log:128] : ---------------End: test_post_admin.py::test_Get_goods[716-1000]----------------
WARNING  23:00:21 [pytest_result_log:122] : --------------Start: test_post_admin.py::test_Get_goods[717-1000]---------------
WARNING  23:00:22 [pytest_result_log:128] : ---------------End: test_post_admin.py::test_Get_goods[717-1000]----------------
WARNING  23:00:22 [pytest_result_log:122] : --------------Start: test_post_admin.py::test_Get_goods[718-1000]---------------
WARNING  23:00:22 [pytest_result_log:128] : ---------------End: test_post_admin.py::test_Get_goods[718-1000]----------------
WARNING  23:00:22 [pytest_result_log:122] : --------------Start: test_post_admin.py::test_Get_goods[719-1000]---------------
WARNING  23:00:22 [pytest_result_log:128] : ---------------End: test_post_admin.py::test_Get_goods[719-1000]----------------
WARNING  23:00:22 [pytest_result_log:122] : --------------Start: test_post_admin.py::test_Get_goods[720-1000]---------------
WARNING  23:00:23 [pytest_result_log:128] : ---------------End: test_post_admin.py::test_Get_goods[720-1000]----------------
WARNING  23:00:23 [pytest_result_log:122] : --------------Start: test_post_admin.py::test_Get_goods[721-1000]---------------
WARNING  23:00:23 [pytest_result_log:128] : ---------------End: test_post_admin.py::test_Get_goods[721-1000]----------------
WARNING  23:00:23 [pytest_result_log:122] : --------------Start: test_post_admin.py::test_Get_goods[722-1000]---------------
WARNING  23:00:23 [pytest_result_log:128] : ---------------End: test_post_admin.py::test_Get_goods[722-1000]----------------
WARNING  23:00:23 [pytest_result_log:122] : --------------Start: test_post_admin.py::test_Get_goods[723-1000]---------------
WARNING  23:00:23 [pytest_result_log:128] : ---------------End: test_post_admin.py::test_Get_goods[723-1000]----------------
WARNING  23:00:23 [pytest_result_log:122] : --------------Start: test_post_admin.py::test_Get_goods[724-1000]---------------
WARNING  23:00:23 [pytest_result_log:128] : ---------------End: test_post_admin.py::test_Get_goods[724-1000]----------------
WARNING  23:00:23 [pytest_result_log:122] : --------------Start: test_post_admin.py::test_Get_goods[725-1000]---------------
WARNING  23:00:24 [pytest_result_log:128] : ---------------End: test_post_admin.py::test_Get_goods[725-1000]----------------
WARNING  23:00:24 [pytest_result_log:122] : --------------Start: test_post_admin.py::test_Get_goods[726-1000]---------------
WARNING  23:00:24 [pytest_result_log:128] : ---------------End: test_post_admin.py::test_Get_goods[726-1000]----------------
WARNING  23:00:24 [pytest_result_log:122] : --------------Start: test_post_admin.py::test_Get_goods[727-1000]---------------
WARNING  23:00:24 [pytest_result_log:128] : ---------------End: test_post_admin.py::test_Get_goods[727-1000]----------------
WARNING  23:00:24 [pytest_result_log:122] : --------------Start: test_post_admin.py::test_Get_goods[728-1000]---------------
WARNING  23:00:24 [pytest_result_log:128] : ---------------End: test_post_admin.py::test_Get_goods[728-1000]----------------
WARNING  23:00:24 [pytest_result_log:122] : --------------Start: test_post_admin.py::test_Get_goods[729-1000]---------------
WARNING  23:00:25 [pytest_result_log:128] : ---------------End: test_post_admin.py::test_Get_goods[729-1000]----------------
WARNING  23:00:25 [pytest_result_log:122] : --------------Start: test_post_admin.py::test_Get_goods[730-1000]---------------
WARNING  23:00:25 [pytest_result_log:128] : ---------------End: test_post_admin.py::test_Get_goods[730-1000]----------------
WARNING  23:00:25 [pytest_result_log:122] : --------------Start: test_post_admin.py::test_Get_goods[731-1000]---------------
WARNING  23:00:25 [pytest_result_log:128] : ---------------End: test_post_admin.py::test_Get_goods[731-1000]----------------
WARNING  23:00:25 [pytest_result_log:122] : --------------Start: test_post_admin.py::test_Get_goods[732-1000]---------------
WARNING  23:00:25 [pytest_result_log:128] : ---------------End: test_post_admin.py::test_Get_goods[732-1000]----------------
WARNING  23:00:25 [pytest_result_log:122] : --------------Start: test_post_admin.py::test_Get_goods[733-1000]---------------
WARNING  23:00:26 [pytest_result_log:128] : ---------------End: test_post_admin.py::test_Get_goods[733-1000]----------------
WARNING  23:00:26 [pytest_result_log:122] : --------------Start: test_post_admin.py::test_Get_goods[734-1000]---------------
WARNING  23:00:26 [pytest_result_log:128] : ---------------End: test_post_admin.py::test_Get_goods[734-1000]----------------
WARNING  23:00:26 [pytest_result_log:122] : --------------Start: test_post_admin.py::test_Get_goods[735-1000]---------------
WARNING  23:00:26 [pytest_result_log:128] : ---------------End: test_post_admin.py::test_Get_goods[735-1000]----------------
WARNING  23:00:26 [pytest_result_log:122] : --------------Start: test_post_admin.py::test_Get_goods[736-1000]---------------
WARNING  23:00:26 [pytest_result_log:128] : ---------------End: test_post_admin.py::test_Get_goods[736-1000]----------------
WARNING  23:00:26 [pytest_result_log:122] : --------------Start: test_post_admin.py::test_Get_goods[737-1000]---------------
WARNING  23:00:27 [pytest_result_log:128] : ---------------End: test_post_admin.py::test_Get_goods[737-1000]----------------
WARNING  23:00:27 [pytest_result_log:122] : --------------Start: test_post_admin.py::test_Get_goods[738-1000]---------------
WARNING  23:00:27 [pytest_result_log:128] : ---------------End: test_post_admin.py::test_Get_goods[738-1000]----------------
WARNING  23:00:27 [pytest_result_log:122] : --------------Start: test_post_admin.py::test_Get_goods[739-1000]---------------
WARNING  23:00:27 [pytest_result_log:128] : ---------------End: test_post_admin.py::test_Get_goods[739-1000]----------------
WARNING  23:00:27 [pytest_result_log:122] : --------------Start: test_post_admin.py::test_Get_goods[740-1000]---------------
WARNING  23:00:27 [pytest_result_log:128] : ---------------End: test_post_admin.py::test_Get_goods[740-1000]----------------
WARNING  23:00:27 [pytest_result_log:122] : --------------Start: test_post_admin.py::test_Get_goods[741-1000]---------------
WARNING  23:00:28 [pytest_result_log:128] : ---------------End: test_post_admin.py::test_Get_goods[741-1000]----------------
WARNING  23:00:28 [pytest_result_log:122] : --------------Start: test_post_admin.py::test_Get_goods[742-1000]---------------
WARNING  23:00:28 [pytest_result_log:128] : ---------------End: test_post_admin.py::test_Get_goods[742-1000]----------------
WARNING  23:00:28 [pytest_result_log:122] : --------------Start: test_post_admin.py::test_Get_goods[743-1000]---------------
WARNING  23:00:28 [pytest_result_log:128] : ---------------End: test_post_admin.py::test_Get_goods[743-1000]----------------
WARNING  23:00:28 [pytest_result_log:122] : --------------Start: test_post_admin.py::test_Get_goods[744-1000]---------------
WARNING  23:00:28 [pytest_result_log:128] : ---------------End: test_post_admin.py::test_Get_goods[744-1000]----------------
WARNING  23:00:28 [pytest_result_log:122] : --------------Start: test_post_admin.py::test_Get_goods[745-1000]---------------
WARNING  23:00:29 [pytest_result_log:128] : ---------------End: test_post_admin.py::test_Get_goods[745-1000]----------------
WARNING  23:00:29 [pytest_result_log:122] : --------------Start: test_post_admin.py::test_Get_goods[746-1000]---------------
WARNING  23:00:29 [pytest_result_log:128] : ---------------End: test_post_admin.py::test_Get_goods[746-1000]----------------
WARNING  23:00:29 [pytest_result_log:122] : --------------Start: test_post_admin.py::test_Get_goods[747-1000]---------------
WARNING  23:00:29 [pytest_result_log:128] : ---------------End: test_post_admin.py::test_Get_goods[747-1000]----------------
WARNING  23:00:29 [pytest_result_log:122] : --------------Start: test_post_admin.py::test_Get_goods[748-1000]---------------
WARNING  23:00:29 [pytest_result_log:128] : ---------------End: test_post_admin.py::test_Get_goods[748-1000]----------------
WARNING  23:00:29 [pytest_result_log:122] : --------------Start: test_post_admin.py::test_Get_goods[749-1000]---------------
WARNING  23:00:30 [pytest_result_log:128] : ---------------End: test_post_admin.py::test_Get_goods[749-1000]----------------
WARNING  23:00:30 [pytest_result_log:122] : --------------Start: test_post_admin.py::test_Get_goods[750-1000]---------------
WARNING  23:00:30 [pytest_result_log:128] : ---------------End: test_post_admin.py::test_Get_goods[750-1000]----------------
WARNING  23:00:30 [pytest_result_log:122] : --------------Start: test_post_admin.py::test_Get_goods[751-1000]---------------
WARNING  23:00:30 [pytest_result_log:128] : ---------------End: test_post_admin.py::test_Get_goods[751-1000]----------------
WARNING  23:00:30 [pytest_result_log:122] : --------------Start: test_post_admin.py::test_Get_goods[752-1000]---------------
WARNING  23:00:30 [pytest_result_log:128] : ---------------End: test_post_admin.py::test_Get_goods[752-1000]----------------
WARNING  23:00:30 [pytest_result_log:122] : --------------Start: test_post_admin.py::test_Get_goods[753-1000]---------------
WARNING  23:00:31 [pytest_result_log:128] : ---------------End: test_post_admin.py::test_Get_goods[753-1000]----------------
WARNING  23:00:31 [pytest_result_log:122] : --------------Start: test_post_admin.py::test_Get_goods[754-1000]---------------
WARNING  23:00:31 [pytest_result_log:128] : ---------------End: test_post_admin.py::test_Get_goods[754-1000]----------------
WARNING  23:00:31 [pytest_result_log:122] : --------------Start: test_post_admin.py::test_Get_goods[755-1000]---------------
WARNING  23:00:31 [pytest_result_log:128] : ---------------End: test_post_admin.py::test_Get_goods[755-1000]----------------
WARNING  23:00:31 [pytest_result_log:122] : --------------Start: test_post_admin.py::test_Get_goods[756-1000]---------------
WARNING  23:00:31 [pytest_result_log:128] : ---------------End: test_post_admin.py::test_Get_goods[756-1000]----------------
WARNING  23:00:31 [pytest_result_log:122] : --------------Start: test_post_admin.py::test_Get_goods[757-1000]---------------
WARNING  23:00:31 [pytest_result_log:128] : ---------------End: test_post_admin.py::test_Get_goods[757-1000]----------------
WARNING  23:00:31 [pytest_result_log:122] : --------------Start: test_post_admin.py::test_Get_goods[758-1000]---------------
WARNING  23:00:32 [pytest_result_log:128] : ---------------End: test_post_admin.py::test_Get_goods[758-1000]----------------
WARNING  23:00:32 [pytest_result_log:122] : --------------Start: test_post_admin.py::test_Get_goods[759-1000]---------------
WARNING  23:00:32 [pytest_result_log:128] : ---------------End: test_post_admin.py::test_Get_goods[759-1000]----------------
WARNING  23:00:32 [pytest_result_log:122] : --------------Start: test_post_admin.py::test_Get_goods[760-1000]---------------
WARNING  23:00:32 [pytest_result_log:128] : ---------------End: test_post_admin.py::test_Get_goods[760-1000]----------------
WARNING  23:00:32 [pytest_result_log:122] : --------------Start: test_post_admin.py::test_Get_goods[761-1000]---------------
WARNING  23:00:32 [pytest_result_log:128] : ---------------End: test_post_admin.py::test_Get_goods[761-1000]----------------
WARNING  23:00:32 [pytest_result_log:122] : --------------Start: test_post_admin.py::test_Get_goods[762-1000]---------------
WARNING  23:00:33 [pytest_result_log:128] : ---------------End: test_post_admin.py::test_Get_goods[762-1000]----------------
WARNING  23:00:33 [pytest_result_log:122] : --------------Start: test_post_admin.py::test_Get_goods[763-1000]---------------
WARNING  23:00:33 [pytest_result_log:128] : ---------------End: test_post_admin.py::test_Get_goods[763-1000]----------------
WARNING  23:00:33 [pytest_result_log:122] : --------------Start: test_post_admin.py::test_Get_goods[764-1000]---------------
WARNING  23:00:33 [pytest_result_log:128] : ---------------End: test_post_admin.py::test_Get_goods[764-1000]----------------
WARNING  23:00:33 [pytest_result_log:122] : --------------Start: test_post_admin.py::test_Get_goods[765-1000]---------------
WARNING  23:00:33 [pytest_result_log:128] : ---------------End: test_post_admin.py::test_Get_goods[765-1000]----------------
WARNING  23:00:33 [pytest_result_log:122] : --------------Start: test_post_admin.py::test_Get_goods[766-1000]---------------
WARNING  23:00:34 [pytest_result_log:128] : ---------------End: test_post_admin.py::test_Get_goods[766-1000]----------------
WARNING  23:00:34 [pytest_result_log:122] : --------------Start: test_post_admin.py::test_Get_goods[767-1000]---------------
WARNING  23:00:34 [pytest_result_log:128] : ---------------End: test_post_admin.py::test_Get_goods[767-1000]----------------
WARNING  23:00:34 [pytest_result_log:122] : --------------Start: test_post_admin.py::test_Get_goods[768-1000]---------------
WARNING  23:00:34 [pytest_result_log:128] : ---------------End: test_post_admin.py::test_Get_goods[768-1000]----------------
WARNING  23:00:34 [pytest_result_log:122] : --------------Start: test_post_admin.py::test_Get_goods[769-1000]---------------
WARNING  23:00:34 [pytest_result_log:128] : ---------------End: test_post_admin.py::test_Get_goods[769-1000]----------------
WARNING  23:00:34 [pytest_result_log:122] : --------------Start: test_post_admin.py::test_Get_goods[770-1000]---------------
WARNING  23:00:35 [pytest_result_log:128] : ---------------End: test_post_admin.py::test_Get_goods[770-1000]----------------
WARNING  23:00:35 [pytest_result_log:122] : --------------Start: test_post_admin.py::test_Get_goods[771-1000]---------------
WARNING  23:00:35 [pytest_result_log:128] : ---------------End: test_post_admin.py::test_Get_goods[771-1000]----------------
WARNING  23:00:35 [pytest_result_log:122] : --------------Start: test_post_admin.py::test_Get_goods[772-1000]---------------
WARNING  23:00:35 [pytest_result_log:128] : ---------------End: test_post_admin.py::test_Get_goods[772-1000]----------------
WARNING  23:00:35 [pytest_result_log:122] : --------------Start: test_post_admin.py::test_Get_goods[773-1000]---------------
WARNING  23:00:35 [pytest_result_log:128] : ---------------End: test_post_admin.py::test_Get_goods[773-1000]----------------
WARNING  23:00:35 [pytest_result_log:122] : --------------Start: test_post_admin.py::test_Get_goods[774-1000]---------------
WARNING  23:00:36 [pytest_result_log:128] : ---------------End: test_post_admin.py::test_Get_goods[774-1000]----------------
WARNING  23:00:36 [pytest_result_log:122] : --------------Start: test_post_admin.py::test_Get_goods[775-1000]---------------
WARNING  23:00:36 [pytest_result_log:128] : ---------------End: test_post_admin.py::test_Get_goods[775-1000]----------------
WARNING  23:00:36 [pytest_result_log:122] : --------------Start: test_post_admin.py::test_Get_goods[776-1000]---------------
WARNING  23:00:36 [pytest_result_log:128] : ---------------End: test_post_admin.py::test_Get_goods[776-1000]----------------
WARNING  23:00:36 [pytest_result_log:122] : --------------Start: test_post_admin.py::test_Get_goods[777-1000]---------------
WARNING  23:00:36 [pytest_result_log:128] : ---------------End: test_post_admin.py::test_Get_goods[777-1000]----------------
WARNING  23:00:36 [pytest_result_log:122] : --------------Start: test_post_admin.py::test_Get_goods[778-1000]---------------
WARNING  23:00:37 [pytest_result_log:128] : ---------------End: test_post_admin.py::test_Get_goods[778-1000]----------------
WARNING  23:00:37 [pytest_result_log:122] : --------------Start: test_post_admin.py::test_Get_goods[779-1000]---------------
WARNING  23:00:37 [pytest_result_log:128] : ---------------End: test_post_admin.py::test_Get_goods[779-1000]----------------
WARNING  23:00:37 [pytest_result_log:122] : --------------Start: test_post_admin.py::test_Get_goods[780-1000]---------------
WARNING  23:00:37 [pytest_result_log:128] : ---------------End: test_post_admin.py::test_Get_goods[780-1000]----------------
WARNING  23:00:37 [pytest_result_log:122] : --------------Start: test_post_admin.py::test_Get_goods[781-1000]---------------
WARNING  23:00:37 [pytest_result_log:128] : ---------------End: test_post_admin.py::test_Get_goods[781-1000]----------------
WARNING  23:00:37 [pytest_result_log:122] : --------------Start: test_post_admin.py::test_Get_goods[782-1000]---------------
WARNING  23:00:38 [pytest_result_log:128] : ---------------End: test_post_admin.py::test_Get_goods[782-1000]----------------
WARNING  23:00:38 [pytest_result_log:122] : --------------Start: test_post_admin.py::test_Get_goods[783-1000]---------------
WARNING  23:00:38 [pytest_result_log:128] : ---------------End: test_post_admin.py::test_Get_goods[783-1000]----------------
WARNING  23:00:38 [pytest_result_log:122] : --------------Start: test_post_admin.py::test_Get_goods[784-1000]---------------
WARNING  23:00:38 [pytest_result_log:128] : ---------------End: test_post_admin.py::test_Get_goods[784-1000]----------------
WARNING  23:00:38 [pytest_result_log:122] : --------------Start: test_post_admin.py::test_Get_goods[785-1000]---------------
WARNING  23:00:38 [pytest_result_log:128] : ---------------End: test_post_admin.py::test_Get_goods[785-1000]----------------
WARNING  23:00:38 [pytest_result_log:122] : --------------Start: test_post_admin.py::test_Get_goods[786-1000]---------------
WARNING  23:00:39 [pytest_result_log:128] : ---------------End: test_post_admin.py::test_Get_goods[786-1000]----------------
WARNING  23:00:39 [pytest_result_log:122] : --------------Start: test_post_admin.py::test_Get_goods[787-1000]---------------
WARNING  23:00:39 [pytest_result_log:128] : ---------------End: test_post_admin.py::test_Get_goods[787-1000]----------------
WARNING  23:00:39 [pytest_result_log:122] : --------------Start: test_post_admin.py::test_Get_goods[788-1000]---------------
WARNING  23:00:39 [pytest_result_log:128] : ---------------End: test_post_admin.py::test_Get_goods[788-1000]----------------
WARNING  23:00:39 [pytest_result_log:122] : --------------Start: test_post_admin.py::test_Get_goods[789-1000]---------------
WARNING  23:00:39 [pytest_result_log:128] : ---------------End: test_post_admin.py::test_Get_goods[789-1000]----------------
WARNING  23:00:39 [pytest_result_log:122] : --------------Start: test_post_admin.py::test_Get_goods[790-1000]---------------
WARNING  23:00:40 [pytest_result_log:128] : ---------------End: test_post_admin.py::test_Get_goods[790-1000]----------------
WARNING  23:00:40 [pytest_result_log:122] : --------------Start: test_post_admin.py::test_Get_goods[791-1000]---------------
WARNING  23:00:40 [pytest_result_log:128] : ---------------End: test_post_admin.py::test_Get_goods[791-1000]----------------
WARNING  23:00:40 [pytest_result_log:122] : --------------Start: test_post_admin.py::test_Get_goods[792-1000]---------------
WARNING  23:00:40 [pytest_result_log:128] : ---------------End: test_post_admin.py::test_Get_goods[792-1000]----------------
WARNING  23:00:40 [pytest_result_log:122] : --------------Start: test_post_admin.py::test_Get_goods[793-1000]---------------
WARNING  23:00:40 [pytest_result_log:128] : ---------------End: test_post_admin.py::test_Get_goods[793-1000]----------------
WARNING  23:00:40 [pytest_result_log:122] : --------------Start: test_post_admin.py::test_Get_goods[794-1000]---------------
WARNING  23:00:41 [pytest_result_log:128] : ---------------End: test_post_admin.py::test_Get_goods[794-1000]----------------
WARNING  23:00:41 [pytest_result_log:122] : --------------Start: test_post_admin.py::test_Get_goods[795-1000]---------------
WARNING  23:00:41 [pytest_result_log:128] : ---------------End: test_post_admin.py::test_Get_goods[795-1000]----------------
WARNING  23:00:41 [pytest_result_log:122] : --------------Start: test_post_admin.py::test_Get_goods[796-1000]---------------
WARNING  23:00:41 [pytest_result_log:128] : ---------------End: test_post_admin.py::test_Get_goods[796-1000]----------------
WARNING  23:00:41 [pytest_result_log:122] : --------------Start: test_post_admin.py::test_Get_goods[797-1000]---------------
WARNING  23:00:41 [pytest_result_log:128] : ---------------End: test_post_admin.py::test_Get_goods[797-1000]----------------
WARNING  23:00:42 [pytest_result_log:122] : --------------Start: test_post_admin.py::test_Get_goods[798-1000]---------------
WARNING  23:00:42 [pytest_result_log:128] : ---------------End: test_post_admin.py::test_Get_goods[798-1000]----------------
WARNING  23:00:42 [pytest_result_log:122] : --------------Start: test_post_admin.py::test_Get_goods[799-1000]---------------
WARNING  23:00:42 [pytest_result_log:128] : ---------------End: test_post_admin.py::test_Get_goods[799-1000]----------------
WARNING  23:00:42 [pytest_result_log:122] : --------------Start: test_post_admin.py::test_Get_goods[800-1000]---------------
WARNING  23:00:42 [pytest_result_log:128] : ---------------End: test_post_admin.py::test_Get_goods[800-1000]----------------
WARNING  23:00:42 [pytest_result_log:122] : --------------Start: test_post_admin.py::test_Get_goods[801-1000]---------------
WARNING  23:00:42 [pytest_result_log:128] : ---------------End: test_post_admin.py::test_Get_goods[801-1000]----------------
WARNING  23:00:42 [pytest_result_log:122] : --------------Start: test_post_admin.py::test_Get_goods[802-1000]---------------
WARNING  23:00:43 [pytest_result_log:128] : ---------------End: test_post_admin.py::test_Get_goods[802-1000]----------------
WARNING  23:00:43 [pytest_result_log:122] : --------------Start: test_post_admin.py::test_Get_goods[803-1000]---------------
WARNING  23:00:43 [pytest_result_log:128] : ---------------End: test_post_admin.py::test_Get_goods[803-1000]----------------
WARNING  23:00:43 [pytest_result_log:122] : --------------Start: test_post_admin.py::test_Get_goods[804-1000]---------------
WARNING  23:00:43 [pytest_result_log:128] : ---------------End: test_post_admin.py::test_Get_goods[804-1000]----------------
WARNING  23:00:43 [pytest_result_log:122] : --------------Start: test_post_admin.py::test_Get_goods[805-1000]---------------
WARNING  23:00:43 [pytest_result_log:128] : ---------------End: test_post_admin.py::test_Get_goods[805-1000]----------------
WARNING  23:00:43 [pytest_result_log:122] : --------------Start: test_post_admin.py::test_Get_goods[806-1000]---------------
WARNING  23:00:44 [pytest_result_log:128] : ---------------End: test_post_admin.py::test_Get_goods[806-1000]----------------
WARNING  23:00:44 [pytest_result_log:122] : --------------Start: test_post_admin.py::test_Get_goods[807-1000]---------------
WARNING  23:00:44 [pytest_result_log:128] : ---------------End: test_post_admin.py::test_Get_goods[807-1000]----------------
WARNING  23:00:44 [pytest_result_log:122] : --------------Start: test_post_admin.py::test_Get_goods[808-1000]---------------
WARNING  23:00:44 [pytest_result_log:128] : ---------------End: test_post_admin.py::test_Get_goods[808-1000]----------------
WARNING  23:00:44 [pytest_result_log:122] : --------------Start: test_post_admin.py::test_Get_goods[809-1000]---------------
WARNING  23:00:44 [pytest_result_log:128] : ---------------End: test_post_admin.py::test_Get_goods[809-1000]----------------
WARNING  23:00:44 [pytest_result_log:122] : --------------Start: test_post_admin.py::test_Get_goods[810-1000]---------------
WARNING  23:00:45 [pytest_result_log:128] : ---------------End: test_post_admin.py::test_Get_goods[810-1000]----------------
WARNING  23:00:45 [pytest_result_log:122] : --------------Start: test_post_admin.py::test_Get_goods[811-1000]---------------
WARNING  23:00:45 [pytest_result_log:128] : ---------------End: test_post_admin.py::test_Get_goods[811-1000]----------------
WARNING  23:00:45 [pytest_result_log:122] : --------------Start: test_post_admin.py::test_Get_goods[812-1000]---------------
WARNING  23:00:45 [pytest_result_log:128] : ---------------End: test_post_admin.py::test_Get_goods[812-1000]----------------
WARNING  23:00:45 [pytest_result_log:122] : --------------Start: test_post_admin.py::test_Get_goods[813-1000]---------------
WARNING  23:00:45 [pytest_result_log:128] : ---------------End: test_post_admin.py::test_Get_goods[813-1000]----------------
WARNING  23:00:45 [pytest_result_log:122] : --------------Start: test_post_admin.py::test_Get_goods[814-1000]---------------
WARNING  23:00:46 [pytest_result_log:128] : ---------------End: test_post_admin.py::test_Get_goods[814-1000]----------------
WARNING  23:00:46 [pytest_result_log:122] : --------------Start: test_post_admin.py::test_Get_goods[815-1000]---------------
WARNING  23:00:46 [pytest_result_log:128] : ---------------End: test_post_admin.py::test_Get_goods[815-1000]----------------
WARNING  23:00:46 [pytest_result_log:122] : --------------Start: test_post_admin.py::test_Get_goods[816-1000]---------------
WARNING  23:00:46 [pytest_result_log:128] : ---------------End: test_post_admin.py::test_Get_goods[816-1000]----------------
WARNING  23:00:46 [pytest_result_log:122] : --------------Start: test_post_admin.py::test_Get_goods[817-1000]---------------
WARNING  23:00:46 [pytest_result_log:128] : ---------------End: test_post_admin.py::test_Get_goods[817-1000]----------------
WARNING  23:00:46 [pytest_result_log:122] : --------------Start: test_post_admin.py::test_Get_goods[818-1000]---------------
WARNING  23:00:47 [pytest_result_log:128] : ---------------End: test_post_admin.py::test_Get_goods[818-1000]----------------
WARNING  23:00:47 [pytest_result_log:122] : --------------Start: test_post_admin.py::test_Get_goods[819-1000]---------------
WARNING  23:00:47 [pytest_result_log:128] : ---------------End: test_post_admin.py::test_Get_goods[819-1000]----------------
WARNING  23:00:47 [pytest_result_log:122] : --------------Start: test_post_admin.py::test_Get_goods[820-1000]---------------
WARNING  23:00:47 [pytest_result_log:128] : ---------------End: test_post_admin.py::test_Get_goods[820-1000]----------------
WARNING  23:00:47 [pytest_result_log:122] : --------------Start: test_post_admin.py::test_Get_goods[821-1000]---------------
WARNING  23:00:47 [pytest_result_log:128] : ---------------End: test_post_admin.py::test_Get_goods[821-1000]----------------
WARNING  23:00:47 [pytest_result_log:122] : --------------Start: test_post_admin.py::test_Get_goods[822-1000]---------------
WARNING  23:00:48 [pytest_result_log:128] : ---------------End: test_post_admin.py::test_Get_goods[822-1000]----------------
WARNING  23:00:48 [pytest_result_log:122] : --------------Start: test_post_admin.py::test_Get_goods[823-1000]---------------
WARNING  23:00:48 [pytest_result_log:128] : ---------------End: test_post_admin.py::test_Get_goods[823-1000]----------------
WARNING  23:00:48 [pytest_result_log:122] : --------------Start: test_post_admin.py::test_Get_goods[824-1000]---------------
WARNING  23:00:48 [pytest_result_log:128] : ---------------End: test_post_admin.py::test_Get_goods[824-1000]----------------
WARNING  23:00:48 [pytest_result_log:122] : --------------Start: test_post_admin.py::test_Get_goods[825-1000]---------------
WARNING  23:00:48 [pytest_result_log:128] : ---------------End: test_post_admin.py::test_Get_goods[825-1000]----------------
WARNING  23:00:48 [pytest_result_log:122] : --------------Start: test_post_admin.py::test_Get_goods[826-1000]---------------
WARNING  23:00:49 [pytest_result_log:128] : ---------------End: test_post_admin.py::test_Get_goods[826-1000]----------------
WARNING  23:00:49 [pytest_result_log:122] : --------------Start: test_post_admin.py::test_Get_goods[827-1000]---------------
WARNING  23:00:49 [pytest_result_log:128] : ---------------End: test_post_admin.py::test_Get_goods[827-1000]----------------
WARNING  23:00:49 [pytest_result_log:122] : --------------Start: test_post_admin.py::test_Get_goods[828-1000]---------------
WARNING  23:00:49 [pytest_result_log:128] : ---------------End: test_post_admin.py::test_Get_goods[828-1000]----------------
WARNING  23:00:49 [pytest_result_log:122] : --------------Start: test_post_admin.py::test_Get_goods[829-1000]---------------
WARNING  23:00:50 [pytest_result_log:128] : ---------------End: test_post_admin.py::test_Get_goods[829-1000]----------------
WARNING  23:00:50 [pytest_result_log:122] : --------------Start: test_post_admin.py::test_Get_goods[830-1000]---------------
WARNING  23:00:50 [pytest_result_log:128] : ---------------End: test_post_admin.py::test_Get_goods[830-1000]----------------
WARNING  23:00:50 [pytest_result_log:122] : --------------Start: test_post_admin.py::test_Get_goods[831-1000]---------------
WARNING  23:00:50 [pytest_result_log:128] : ---------------End: test_post_admin.py::test_Get_goods[831-1000]----------------
WARNING  23:00:50 [pytest_result_log:122] : --------------Start: test_post_admin.py::test_Get_goods[832-1000]---------------
WARNING  23:00:50 [pytest_result_log:128] : ---------------End: test_post_admin.py::test_Get_goods[832-1000]----------------
WARNING  23:00:50 [pytest_result_log:122] : --------------Start: test_post_admin.py::test_Get_goods[833-1000]---------------
WARNING  23:00:50 [pytest_result_log:128] : ---------------End: test_post_admin.py::test_Get_goods[833-1000]----------------
WARNING  23:00:50 [pytest_result_log:122] : --------------Start: test_post_admin.py::test_Get_goods[834-1000]---------------
WARNING  23:00:51 [pytest_result_log:128] : ---------------End: test_post_admin.py::test_Get_goods[834-1000]----------------
WARNING  23:00:51 [pytest_result_log:122] : --------------Start: test_post_admin.py::test_Get_goods[835-1000]---------------
WARNING  23:00:51 [pytest_result_log:128] : ---------------End: test_post_admin.py::test_Get_goods[835-1000]----------------
WARNING  23:00:51 [pytest_result_log:122] : --------------Start: test_post_admin.py::test_Get_goods[836-1000]---------------
WARNING  23:00:51 [pytest_result_log:128] : ---------------End: test_post_admin.py::test_Get_goods[836-1000]----------------
WARNING  23:00:51 [pytest_result_log:122] : --------------Start: test_post_admin.py::test_Get_goods[837-1000]---------------
WARNING  23:00:51 [pytest_result_log:128] : ---------------End: test_post_admin.py::test_Get_goods[837-1000]----------------
WARNING  23:00:51 [pytest_result_log:122] : --------------Start: test_post_admin.py::test_Get_goods[838-1000]---------------
WARNING  23:00:52 [pytest_result_log:128] : ---------------End: test_post_admin.py::test_Get_goods[838-1000]----------------
WARNING  23:00:52 [pytest_result_log:122] : --------------Start: test_post_admin.py::test_Get_goods[839-1000]---------------
WARNING  23:00:52 [pytest_result_log:128] : ---------------End: test_post_admin.py::test_Get_goods[839-1000]----------------
WARNING  23:00:52 [pytest_result_log:122] : --------------Start: test_post_admin.py::test_Get_goods[840-1000]---------------
WARNING  23:00:52 [pytest_result_log:128] : ---------------End: test_post_admin.py::test_Get_goods[840-1000]----------------
WARNING  23:00:52 [pytest_result_log:122] : --------------Start: test_post_admin.py::test_Get_goods[841-1000]---------------
WARNING  23:00:52 [pytest_result_log:128] : ---------------End: test_post_admin.py::test_Get_goods[841-1000]----------------
WARNING  23:00:52 [pytest_result_log:122] : --------------Start: test_post_admin.py::test_Get_goods[842-1000]---------------
WARNING  23:00:53 [pytest_result_log:128] : ---------------End: test_post_admin.py::test_Get_goods[842-1000]----------------
WARNING  23:00:53 [pytest_result_log:122] : --------------Start: test_post_admin.py::test_Get_goods[843-1000]---------------
WARNING  23:00:53 [pytest_result_log:128] : ---------------End: test_post_admin.py::test_Get_goods[843-1000]----------------
WARNING  23:00:53 [pytest_result_log:122] : --------------Start: test_post_admin.py::test_Get_goods[844-1000]---------------
WARNING  23:00:53 [pytest_result_log:128] : ---------------End: test_post_admin.py::test_Get_goods[844-1000]----------------
WARNING  23:00:53 [pytest_result_log:122] : --------------Start: test_post_admin.py::test_Get_goods[845-1000]---------------
WARNING  23:00:53 [pytest_result_log:128] : ---------------End: test_post_admin.py::test_Get_goods[845-1000]----------------
WARNING  23:00:53 [pytest_result_log:122] : --------------Start: test_post_admin.py::test_Get_goods[846-1000]---------------
WARNING  23:00:54 [pytest_result_log:128] : ---------------End: test_post_admin.py::test_Get_goods[846-1000]----------------
WARNING  23:00:54 [pytest_result_log:122] : --------------Start: test_post_admin.py::test_Get_goods[847-1000]---------------
WARNING  23:00:54 [pytest_result_log:128] : ---------------End: test_post_admin.py::test_Get_goods[847-1000]----------------
WARNING  23:00:54 [pytest_result_log:122] : --------------Start: test_post_admin.py::test_Get_goods[848-1000]---------------
WARNING  23:00:54 [pytest_result_log:128] : ---------------End: test_post_admin.py::test_Get_goods[848-1000]----------------
WARNING  23:00:54 [pytest_result_log:122] : --------------Start: test_post_admin.py::test_Get_goods[849-1000]---------------
WARNING  23:00:54 [pytest_result_log:128] : ---------------End: test_post_admin.py::test_Get_goods[849-1000]----------------
WARNING  23:00:54 [pytest_result_log:122] : --------------Start: test_post_admin.py::test_Get_goods[850-1000]---------------
WARNING  23:00:55 [pytest_result_log:128] : ---------------End: test_post_admin.py::test_Get_goods[850-1000]----------------
WARNING  23:00:55 [pytest_result_log:122] : --------------Start: test_post_admin.py::test_Get_goods[851-1000]---------------
WARNING  23:00:55 [pytest_result_log:128] : ---------------End: test_post_admin.py::test_Get_goods[851-1000]----------------
WARNING  23:00:55 [pytest_result_log:122] : --------------Start: test_post_admin.py::test_Get_goods[852-1000]---------------
WARNING  23:00:55 [pytest_result_log:128] : ---------------End: test_post_admin.py::test_Get_goods[852-1000]----------------
WARNING  23:00:55 [pytest_result_log:122] : --------------Start: test_post_admin.py::test_Get_goods[853-1000]---------------
WARNING  23:00:55 [pytest_result_log:128] : ---------------End: test_post_admin.py::test_Get_goods[853-1000]----------------
WARNING  23:00:55 [pytest_result_log:122] : --------------Start: test_post_admin.py::test_Get_goods[854-1000]---------------
WARNING  23:00:55 [pytest_result_log:128] : ---------------End: test_post_admin.py::test_Get_goods[854-1000]----------------
WARNING  23:00:55 [pytest_result_log:122] : --------------Start: test_post_admin.py::test_Get_goods[855-1000]---------------
WARNING  23:00:56 [pytest_result_log:128] : ---------------End: test_post_admin.py::test_Get_goods[855-1000]----------------
WARNING  23:00:56 [pytest_result_log:122] : --------------Start: test_post_admin.py::test_Get_goods[856-1000]---------------
WARNING  23:00:56 [pytest_result_log:128] : ---------------End: test_post_admin.py::test_Get_goods[856-1000]----------------
WARNING  23:00:56 [pytest_result_log:122] : --------------Start: test_post_admin.py::test_Get_goods[857-1000]---------------
WARNING  23:00:56 [pytest_result_log:128] : ---------------End: test_post_admin.py::test_Get_goods[857-1000]----------------
WARNING  23:00:56 [pytest_result_log:122] : --------------Start: test_post_admin.py::test_Get_goods[858-1000]---------------
WARNING  23:00:56 [pytest_result_log:128] : ---------------End: test_post_admin.py::test_Get_goods[858-1000]----------------
WARNING  23:00:56 [pytest_result_log:122] : --------------Start: test_post_admin.py::test_Get_goods[859-1000]---------------
WARNING  23:00:57 [pytest_result_log:128] : ---------------End: test_post_admin.py::test_Get_goods[859-1000]----------------
WARNING  23:00:57 [pytest_result_log:122] : --------------Start: test_post_admin.py::test_Get_goods[860-1000]---------------
WARNING  23:00:57 [pytest_result_log:128] : ---------------End: test_post_admin.py::test_Get_goods[860-1000]----------------
WARNING  23:00:57 [pytest_result_log:122] : --------------Start: test_post_admin.py::test_Get_goods[861-1000]---------------
WARNING  23:00:57 [pytest_result_log:128] : ---------------End: test_post_admin.py::test_Get_goods[861-1000]----------------
WARNING  23:00:57 [pytest_result_log:122] : --------------Start: test_post_admin.py::test_Get_goods[862-1000]---------------
WARNING  23:00:57 [pytest_result_log:128] : ---------------End: test_post_admin.py::test_Get_goods[862-1000]----------------
WARNING  23:00:57 [pytest_result_log:122] : --------------Start: test_post_admin.py::test_Get_goods[863-1000]---------------
WARNING  23:00:58 [pytest_result_log:128] : ---------------End: test_post_admin.py::test_Get_goods[863-1000]----------------
WARNING  23:00:58 [pytest_result_log:122] : --------------Start: test_post_admin.py::test_Get_goods[864-1000]---------------
WARNING  23:00:58 [pytest_result_log:128] : ---------------End: test_post_admin.py::test_Get_goods[864-1000]----------------
WARNING  23:00:58 [pytest_result_log:122] : --------------Start: test_post_admin.py::test_Get_goods[865-1000]---------------
WARNING  23:00:58 [pytest_result_log:128] : ---------------End: test_post_admin.py::test_Get_goods[865-1000]----------------
WARNING  23:00:58 [pytest_result_log:122] : --------------Start: test_post_admin.py::test_Get_goods[866-1000]---------------
WARNING  23:01:58 [pytest_result_log:128] : ---------------End: test_post_admin.py::test_Get_goods[866-1000]----------------
WARNING  23:01:58 [pytest_result_log:122] : --------------Start: test_post_admin.py::test_Get_goods[867-1000]---------------
WARNING  23:01:59 [pytest_result_log:128] : ---------------End: test_post_admin.py::test_Get_goods[867-1000]----------------
WARNING  23:01:59 [pytest_result_log:122] : --------------Start: test_post_admin.py::test_Get_goods[868-1000]---------------
WARNING  23:01:59 [pytest_result_log:128] : ---------------End: test_post_admin.py::test_Get_goods[868-1000]----------------
WARNING  23:01:59 [pytest_result_log:122] : --------------Start: test_post_admin.py::test_Get_goods[869-1000]---------------
WARNING  23:01:59 [pytest_result_log:128] : ---------------End: test_post_admin.py::test_Get_goods[869-1000]----------------
WARNING  23:01:59 [pytest_result_log:122] : --------------Start: test_post_admin.py::test_Get_goods[870-1000]---------------
WARNING  23:01:59 [pytest_result_log:128] : ---------------End: test_post_admin.py::test_Get_goods[870-1000]----------------
WARNING  23:01:59 [pytest_result_log:122] : --------------Start: test_post_admin.py::test_Get_goods[871-1000]---------------
WARNING  23:02:00 [pytest_result_log:128] : ---------------End: test_post_admin.py::test_Get_goods[871-1000]----------------
WARNING  23:02:00 [pytest_result_log:122] : --------------Start: test_post_admin.py::test_Get_goods[872-1000]---------------
WARNING  23:02:00 [pytest_result_log:128] : ---------------End: test_post_admin.py::test_Get_goods[872-1000]----------------
WARNING  23:02:00 [pytest_result_log:122] : --------------Start: test_post_admin.py::test_Get_goods[873-1000]---------------
WARNING  23:02:00 [pytest_result_log:128] : ---------------End: test_post_admin.py::test_Get_goods[873-1000]----------------
WARNING  23:02:00 [pytest_result_log:122] : --------------Start: test_post_admin.py::test_Get_goods[874-1000]---------------
WARNING  23:02:00 [pytest_result_log:128] : ---------------End: test_post_admin.py::test_Get_goods[874-1000]----------------
WARNING  23:02:00 [pytest_result_log:122] : --------------Start: test_post_admin.py::test_Get_goods[875-1000]---------------
WARNING  23:02:01 [pytest_result_log:128] : ---------------End: test_post_admin.py::test_Get_goods[875-1000]----------------
WARNING  23:02:01 [pytest_result_log:122] : --------------Start: test_post_admin.py::test_Get_goods[876-1000]---------------
WARNING  23:02:01 [pytest_result_log:128] : ---------------End: test_post_admin.py::test_Get_goods[876-1000]----------------
WARNING  23:02:01 [pytest_result_log:122] : --------------Start: test_post_admin.py::test_Get_goods[877-1000]---------------
WARNING  23:02:01 [pytest_result_log:128] : ---------------End: test_post_admin.py::test_Get_goods[877-1000]----------------
WARNING  23:02:01 [pytest_result_log:122] : --------------Start: test_post_admin.py::test_Get_goods[878-1000]---------------
WARNING  23:02:01 [pytest_result_log:128] : ---------------End: test_post_admin.py::test_Get_goods[878-1000]----------------
WARNING  23:02:01 [pytest_result_log:122] : --------------Start: test_post_admin.py::test_Get_goods[879-1000]---------------
WARNING  23:02:02 [pytest_result_log:128] : ---------------End: test_post_admin.py::test_Get_goods[879-1000]----------------
WARNING  23:02:02 [pytest_result_log:122] : --------------Start: test_post_admin.py::test_Get_goods[880-1000]---------------
WARNING  23:02:02 [pytest_result_log:128] : ---------------End: test_post_admin.py::test_Get_goods[880-1000]----------------
WARNING  23:02:02 [pytest_result_log:122] : --------------Start: test_post_admin.py::test_Get_goods[881-1000]---------------
WARNING  23:02:02 [pytest_result_log:128] : ---------------End: test_post_admin.py::test_Get_goods[881-1000]----------------
WARNING  23:02:02 [pytest_result_log:122] : --------------Start: test_post_admin.py::test_Get_goods[882-1000]---------------
WARNING  23:02:02 [pytest_result_log:128] : ---------------End: test_post_admin.py::test_Get_goods[882-1000]----------------
WARNING  23:02:02 [pytest_result_log:122] : --------------Start: test_post_admin.py::test_Get_goods[883-1000]---------------
WARNING  23:02:03 [pytest_result_log:128] : ---------------End: test_post_admin.py::test_Get_goods[883-1000]----------------
WARNING  23:02:03 [pytest_result_log:122] : --------------Start: test_post_admin.py::test_Get_goods[884-1000]---------------
WARNING  23:02:03 [pytest_result_log:128] : ---------------End: test_post_admin.py::test_Get_goods[884-1000]----------------
WARNING  23:02:03 [pytest_result_log:122] : --------------Start: test_post_admin.py::test_Get_goods[885-1000]---------------
WARNING  23:02:03 [pytest_result_log:128] : ---------------End: test_post_admin.py::test_Get_goods[885-1000]----------------
WARNING  23:02:03 [pytest_result_log:122] : --------------Start: test_post_admin.py::test_Get_goods[886-1000]---------------
WARNING  23:02:03 [pytest_result_log:128] : ---------------End: test_post_admin.py::test_Get_goods[886-1000]----------------
WARNING  23:02:03 [pytest_result_log:122] : --------------Start: test_post_admin.py::test_Get_goods[887-1000]---------------
WARNING  23:02:04 [pytest_result_log:128] : ---------------End: test_post_admin.py::test_Get_goods[887-1000]----------------
WARNING  23:02:04 [pytest_result_log:122] : --------------Start: test_post_admin.py::test_Get_goods[888-1000]---------------
WARNING  23:02:04 [pytest_result_log:128] : ---------------End: test_post_admin.py::test_Get_goods[888-1000]----------------
WARNING  23:02:04 [pytest_result_log:122] : --------------Start: test_post_admin.py::test_Get_goods[889-1000]---------------
WARNING  23:02:04 [pytest_result_log:128] : ---------------End: test_post_admin.py::test_Get_goods[889-1000]----------------
WARNING  23:02:04 [pytest_result_log:122] : --------------Start: test_post_admin.py::test_Get_goods[890-1000]---------------
WARNING  23:02:04 [pytest_result_log:128] : ---------------End: test_post_admin.py::test_Get_goods[890-1000]----------------
WARNING  23:02:04 [pytest_result_log:122] : --------------Start: test_post_admin.py::test_Get_goods[891-1000]---------------
WARNING  23:02:05 [pytest_result_log:128] : ---------------End: test_post_admin.py::test_Get_goods[891-1000]----------------
WARNING  23:02:05 [pytest_result_log:122] : --------------Start: test_post_admin.py::test_Get_goods[892-1000]---------------
WARNING  23:02:05 [pytest_result_log:128] : ---------------End: test_post_admin.py::test_Get_goods[892-1000]----------------
WARNING  23:02:05 [pytest_result_log:122] : --------------Start: test_post_admin.py::test_Get_goods[893-1000]---------------
WARNING  23:02:05 [pytest_result_log:128] : ---------------End: test_post_admin.py::test_Get_goods[893-1000]----------------
WARNING  23:02:05 [pytest_result_log:122] : --------------Start: test_post_admin.py::test_Get_goods[894-1000]---------------
WARNING  23:02:05 [pytest_result_log:128] : ---------------End: test_post_admin.py::test_Get_goods[894-1000]----------------
WARNING  23:02:05 [pytest_result_log:122] : --------------Start: test_post_admin.py::test_Get_goods[895-1000]---------------
WARNING  23:02:05 [pytest_result_log:128] : ---------------End: test_post_admin.py::test_Get_goods[895-1000]----------------
WARNING  23:02:05 [pytest_result_log:122] : --------------Start: test_post_admin.py::test_Get_goods[896-1000]---------------
WARNING  23:02:06 [pytest_result_log:128] : ---------------End: test_post_admin.py::test_Get_goods[896-1000]----------------
WARNING  23:02:06 [pytest_result_log:122] : --------------Start: test_post_admin.py::test_Get_goods[897-1000]---------------
WARNING  23:02:06 [pytest_result_log:128] : ---------------End: test_post_admin.py::test_Get_goods[897-1000]----------------
WARNING  23:02:06 [pytest_result_log:122] : --------------Start: test_post_admin.py::test_Get_goods[898-1000]---------------
WARNING  23:02:06 [pytest_result_log:128] : ---------------End: test_post_admin.py::test_Get_goods[898-1000]----------------
WARNING  23:02:06 [pytest_result_log:122] : --------------Start: test_post_admin.py::test_Get_goods[899-1000]---------------
WARNING  23:02:06 [pytest_result_log:128] : ---------------End: test_post_admin.py::test_Get_goods[899-1000]----------------
WARNING  23:02:06 [pytest_result_log:122] : --------------Start: test_post_admin.py::test_Get_goods[900-1000]---------------
WARNING  23:02:07 [pytest_result_log:128] : ---------------End: test_post_admin.py::test_Get_goods[900-1000]----------------
WARNING  23:02:07 [pytest_result_log:122] : --------------Start: test_post_admin.py::test_Get_goods[901-1000]---------------
WARNING  23:02:07 [pytest_result_log:128] : ---------------End: test_post_admin.py::test_Get_goods[901-1000]----------------
WARNING  23:02:07 [pytest_result_log:122] : --------------Start: test_post_admin.py::test_Get_goods[902-1000]---------------
WARNING  23:02:07 [pytest_result_log:128] : ---------------End: test_post_admin.py::test_Get_goods[902-1000]----------------
WARNING  23:02:07 [pytest_result_log:122] : --------------Start: test_post_admin.py::test_Get_goods[903-1000]---------------
WARNING  23:02:07 [pytest_result_log:128] : ---------------End: test_post_admin.py::test_Get_goods[903-1000]----------------
WARNING  23:02:07 [pytest_result_log:122] : --------------Start: test_post_admin.py::test_Get_goods[904-1000]---------------
WARNING  23:02:08 [pytest_result_log:128] : ---------------End: test_post_admin.py::test_Get_goods[904-1000]----------------
WARNING  23:02:08 [pytest_result_log:122] : --------------Start: test_post_admin.py::test_Get_goods[905-1000]---------------
WARNING  23:02:08 [pytest_result_log:128] : ---------------End: test_post_admin.py::test_Get_goods[905-1000]----------------
WARNING  23:02:08 [pytest_result_log:122] : --------------Start: test_post_admin.py::test_Get_goods[906-1000]---------------
WARNING  23:02:08 [pytest_result_log:128] : ---------------End: test_post_admin.py::test_Get_goods[906-1000]----------------
WARNING  23:02:08 [pytest_result_log:122] : --------------Start: test_post_admin.py::test_Get_goods[907-1000]---------------
WARNING  23:02:08 [pytest_result_log:128] : ---------------End: test_post_admin.py::test_Get_goods[907-1000]----------------
WARNING  23:02:08 [pytest_result_log:122] : --------------Start: test_post_admin.py::test_Get_goods[908-1000]---------------
WARNING  23:02:09 [pytest_result_log:128] : ---------------End: test_post_admin.py::test_Get_goods[908-1000]----------------
WARNING  23:02:09 [pytest_result_log:122] : --------------Start: test_post_admin.py::test_Get_goods[909-1000]---------------
WARNING  23:02:09 [pytest_result_log:128] : ---------------End: test_post_admin.py::test_Get_goods[909-1000]----------------
WARNING  23:02:09 [pytest_result_log:122] : --------------Start: test_post_admin.py::test_Get_goods[910-1000]---------------
WARNING  23:02:09 [pytest_result_log:128] : ---------------End: test_post_admin.py::test_Get_goods[910-1000]----------------
WARNING  23:02:09 [pytest_result_log:122] : --------------Start: test_post_admin.py::test_Get_goods[911-1000]---------------
WARNING  23:02:09 [pytest_result_log:128] : ---------------End: test_post_admin.py::test_Get_goods[911-1000]----------------
WARNING  23:02:09 [pytest_result_log:122] : --------------Start: test_post_admin.py::test_Get_goods[912-1000]---------------
WARNING  23:02:10 [pytest_result_log:128] : ---------------End: test_post_admin.py::test_Get_goods[912-1000]----------------
WARNING  23:02:10 [pytest_result_log:122] : --------------Start: test_post_admin.py::test_Get_goods[913-1000]---------------
WARNING  23:02:10 [pytest_result_log:128] : ---------------End: test_post_admin.py::test_Get_goods[913-1000]----------------
WARNING  23:02:10 [pytest_result_log:122] : --------------Start: test_post_admin.py::test_Get_goods[914-1000]---------------
WARNING  23:02:10 [pytest_result_log:128] : ---------------End: test_post_admin.py::test_Get_goods[914-1000]----------------
WARNING  23:02:10 [pytest_result_log:122] : --------------Start: test_post_admin.py::test_Get_goods[915-1000]---------------
WARNING  23:02:10 [pytest_result_log:128] : ---------------End: test_post_admin.py::test_Get_goods[915-1000]----------------
WARNING  23:02:10 [pytest_result_log:122] : --------------Start: test_post_admin.py::test_Get_goods[916-1000]---------------
WARNING  23:02:10 [pytest_result_log:128] : ---------------End: test_post_admin.py::test_Get_goods[916-1000]----------------
WARNING  23:02:10 [pytest_result_log:122] : --------------Start: test_post_admin.py::test_Get_goods[917-1000]---------------
WARNING  23:02:11 [pytest_result_log:128] : ---------------End: test_post_admin.py::test_Get_goods[917-1000]----------------
WARNING  23:02:11 [pytest_result_log:122] : --------------Start: test_post_admin.py::test_Get_goods[918-1000]---------------
WARNING  23:02:11 [pytest_result_log:128] : ---------------End: test_post_admin.py::test_Get_goods[918-1000]----------------
WARNING  23:02:11 [pytest_result_log:122] : --------------Start: test_post_admin.py::test_Get_goods[919-1000]---------------
WARNING  23:02:11 [pytest_result_log:128] : ---------------End: test_post_admin.py::test_Get_goods[919-1000]----------------
WARNING  23:02:11 [pytest_result_log:122] : --------------Start: test_post_admin.py::test_Get_goods[920-1000]---------------
WARNING  23:02:11 [pytest_result_log:128] : ---------------End: test_post_admin.py::test_Get_goods[920-1000]----------------
WARNING  23:02:11 [pytest_result_log:122] : --------------Start: test_post_admin.py::test_Get_goods[921-1000]---------------
WARNING  23:02:12 [pytest_result_log:128] : ---------------End: test_post_admin.py::test_Get_goods[921-1000]----------------
WARNING  23:02:12 [pytest_result_log:122] : --------------Start: test_post_admin.py::test_Get_goods[922-1000]---------------
WARNING  23:02:12 [pytest_result_log:128] : ---------------End: test_post_admin.py::test_Get_goods[922-1000]----------------
WARNING  23:02:12 [pytest_result_log:122] : --------------Start: test_post_admin.py::test_Get_goods[923-1000]---------------
WARNING  23:02:12 [pytest_result_log:128] : ---------------End: test_post_admin.py::test_Get_goods[923-1000]----------------
WARNING  23:02:12 [pytest_result_log:122] : --------------Start: test_post_admin.py::test_Get_goods[924-1000]---------------
WARNING  23:02:12 [pytest_result_log:128] : ---------------End: test_post_admin.py::test_Get_goods[924-1000]----------------
WARNING  23:02:12 [pytest_result_log:122] : --------------Start: test_post_admin.py::test_Get_goods[925-1000]---------------
WARNING  23:02:13 [pytest_result_log:128] : ---------------End: test_post_admin.py::test_Get_goods[925-1000]----------------
WARNING  23:02:13 [pytest_result_log:122] : --------------Start: test_post_admin.py::test_Get_goods[926-1000]---------------
WARNING  23:02:13 [pytest_result_log:128] : ---------------End: test_post_admin.py::test_Get_goods[926-1000]----------------
WARNING  23:02:13 [pytest_result_log:122] : --------------Start: test_post_admin.py::test_Get_goods[927-1000]---------------
WARNING  23:02:13 [pytest_result_log:128] : ---------------End: test_post_admin.py::test_Get_goods[927-1000]----------------
WARNING  23:02:13 [pytest_result_log:122] : --------------Start: test_post_admin.py::test_Get_goods[928-1000]---------------
WARNING  23:02:13 [pytest_result_log:128] : ---------------End: test_post_admin.py::test_Get_goods[928-1000]----------------
WARNING  23:02:13 [pytest_result_log:122] : --------------Start: test_post_admin.py::test_Get_goods[929-1000]---------------
WARNING  23:02:14 [pytest_result_log:128] : ---------------End: test_post_admin.py::test_Get_goods[929-1000]----------------
WARNING  23:02:14 [pytest_result_log:122] : --------------Start: test_post_admin.py::test_Get_goods[930-1000]---------------
WARNING  23:02:14 [pytest_result_log:128] : ---------------End: test_post_admin.py::test_Get_goods[930-1000]----------------
WARNING  23:02:14 [pytest_result_log:122] : --------------Start: test_post_admin.py::test_Get_goods[931-1000]---------------
WARNING  23:02:14 [pytest_result_log:128] : ---------------End: test_post_admin.py::test_Get_goods[931-1000]----------------
WARNING  23:02:14 [pytest_result_log:122] : --------------Start: test_post_admin.py::test_Get_goods[932-1000]---------------
WARNING  23:02:14 [pytest_result_log:128] : ---------------End: test_post_admin.py::test_Get_goods[932-1000]----------------
WARNING  23:02:14 [pytest_result_log:122] : --------------Start: test_post_admin.py::test_Get_goods[933-1000]---------------
WARNING  23:02:15 [pytest_result_log:128] : ---------------End: test_post_admin.py::test_Get_goods[933-1000]----------------
WARNING  23:02:15 [pytest_result_log:122] : --------------Start: test_post_admin.py::test_Get_goods[934-1000]---------------
WARNING  23:02:15 [pytest_result_log:128] : ---------------End: test_post_admin.py::test_Get_goods[934-1000]----------------
WARNING  23:02:15 [pytest_result_log:122] : --------------Start: test_post_admin.py::test_Get_goods[935-1000]---------------
WARNING  23:02:15 [pytest_result_log:128] : ---------------End: test_post_admin.py::test_Get_goods[935-1000]----------------
WARNING  23:02:15 [pytest_result_log:122] : --------------Start: test_post_admin.py::test_Get_goods[936-1000]---------------
WARNING  23:02:15 [pytest_result_log:128] : ---------------End: test_post_admin.py::test_Get_goods[936-1000]----------------
WARNING  23:02:15 [pytest_result_log:122] : --------------Start: test_post_admin.py::test_Get_goods[937-1000]---------------
WARNING  23:02:16 [pytest_result_log:128] : ---------------End: test_post_admin.py::test_Get_goods[937-1000]----------------
WARNING  23:02:16 [pytest_result_log:122] : --------------Start: test_post_admin.py::test_Get_goods[938-1000]---------------
WARNING  23:02:16 [pytest_result_log:128] : ---------------End: test_post_admin.py::test_Get_goods[938-1000]----------------
WARNING  23:02:16 [pytest_result_log:122] : --------------Start: test_post_admin.py::test_Get_goods[939-1000]---------------
WARNING  23:02:16 [pytest_result_log:128] : ---------------End: test_post_admin.py::test_Get_goods[939-1000]----------------
WARNING  23:02:16 [pytest_result_log:122] : --------------Start: test_post_admin.py::test_Get_goods[940-1000]---------------
WARNING  23:02:16 [pytest_result_log:128] : ---------------End: test_post_admin.py::test_Get_goods[940-1000]----------------
WARNING  23:02:16 [pytest_result_log:122] : --------------Start: test_post_admin.py::test_Get_goods[941-1000]---------------
WARNING  23:02:17 [pytest_result_log:128] : ---------------End: test_post_admin.py::test_Get_goods[941-1000]----------------
WARNING  23:02:17 [pytest_result_log:122] : --------------Start: test_post_admin.py::test_Get_goods[942-1000]---------------
WARNING  23:02:17 [pytest_result_log:128] : ---------------End: test_post_admin.py::test_Get_goods[942-1000]----------------
WARNING  23:02:17 [pytest_result_log:122] : --------------Start: test_post_admin.py::test_Get_goods[943-1000]---------------
WARNING  23:02:17 [pytest_result_log:128] : ---------------End: test_post_admin.py::test_Get_goods[943-1000]----------------
WARNING  23:02:17 [pytest_result_log:122] : --------------Start: test_post_admin.py::test_Get_goods[944-1000]---------------
WARNING  23:02:17 [pytest_result_log:128] : ---------------End: test_post_admin.py::test_Get_goods[944-1000]----------------
WARNING  23:02:17 [pytest_result_log:122] : --------------Start: test_post_admin.py::test_Get_goods[945-1000]---------------
WARNING  23:02:17 [pytest_result_log:128] : ---------------End: test_post_admin.py::test_Get_goods[945-1000]----------------
WARNING  23:02:17 [pytest_result_log:122] : --------------Start: test_post_admin.py::test_Get_goods[946-1000]---------------
WARNING  23:02:18 [pytest_result_log:128] : ---------------End: test_post_admin.py::test_Get_goods[946-1000]----------------
WARNING  23:02:18 [pytest_result_log:122] : --------------Start: test_post_admin.py::test_Get_goods[947-1000]---------------
WARNING  23:02:18 [pytest_result_log:128] : ---------------End: test_post_admin.py::test_Get_goods[947-1000]----------------
WARNING  23:02:18 [pytest_result_log:122] : --------------Start: test_post_admin.py::test_Get_goods[948-1000]---------------
WARNING  23:02:18 [pytest_result_log:128] : ---------------End: test_post_admin.py::test_Get_goods[948-1000]----------------
WARNING  23:02:18 [pytest_result_log:122] : --------------Start: test_post_admin.py::test_Get_goods[949-1000]---------------
WARNING  23:02:18 [pytest_result_log:128] : ---------------End: test_post_admin.py::test_Get_goods[949-1000]----------------
WARNING  23:02:18 [pytest_result_log:122] : --------------Start: test_post_admin.py::test_Get_goods[950-1000]---------------
WARNING  23:02:19 [pytest_result_log:128] : ---------------End: test_post_admin.py::test_Get_goods[950-1000]----------------
WARNING  23:02:19 [pytest_result_log:122] : --------------Start: test_post_admin.py::test_Get_goods[951-1000]---------------
WARNING  23:02:19 [pytest_result_log:128] : ---------------End: test_post_admin.py::test_Get_goods[951-1000]----------------
WARNING  23:02:19 [pytest_result_log:122] : --------------Start: test_post_admin.py::test_Get_goods[952-1000]---------------
WARNING  23:02:19 [pytest_result_log:128] : ---------------End: test_post_admin.py::test_Get_goods[952-1000]----------------
WARNING  23:02:19 [pytest_result_log:122] : --------------Start: test_post_admin.py::test_Get_goods[953-1000]---------------
WARNING  23:02:19 [pytest_result_log:128] : ---------------End: test_post_admin.py::test_Get_goods[953-1000]----------------
WARNING  23:02:19 [pytest_result_log:122] : --------------Start: test_post_admin.py::test_Get_goods[954-1000]---------------
WARNING  23:02:20 [pytest_result_log:128] : ---------------End: test_post_admin.py::test_Get_goods[954-1000]----------------
WARNING  23:02:20 [pytest_result_log:122] : --------------Start: test_post_admin.py::test_Get_goods[955-1000]---------------
WARNING  23:02:20 [pytest_result_log:128] : ---------------End: test_post_admin.py::test_Get_goods[955-1000]----------------
WARNING  23:02:20 [pytest_result_log:122] : --------------Start: test_post_admin.py::test_Get_goods[956-1000]---------------
WARNING  23:02:20 [pytest_result_log:128] : ---------------End: test_post_admin.py::test_Get_goods[956-1000]----------------
WARNING  23:02:20 [pytest_result_log:122] : --------------Start: test_post_admin.py::test_Get_goods[957-1000]---------------
WARNING  23:02:20 [pytest_result_log:128] : ---------------End: test_post_admin.py::test_Get_goods[957-1000]----------------
WARNING  23:02:20 [pytest_result_log:122] : --------------Start: test_post_admin.py::test_Get_goods[958-1000]---------------
WARNING  23:02:21 [pytest_result_log:128] : ---------------End: test_post_admin.py::test_Get_goods[958-1000]----------------
WARNING  23:02:21 [pytest_result_log:122] : --------------Start: test_post_admin.py::test_Get_goods[959-1000]---------------
WARNING  23:02:21 [pytest_result_log:128] : ---------------End: test_post_admin.py::test_Get_goods[959-1000]----------------
WARNING  23:02:21 [pytest_result_log:122] : --------------Start: test_post_admin.py::test_Get_goods[960-1000]---------------
WARNING  23:02:21 [pytest_result_log:128] : ---------------End: test_post_admin.py::test_Get_goods[960-1000]----------------
WARNING  23:02:21 [pytest_result_log:122] : --------------Start: test_post_admin.py::test_Get_goods[961-1000]---------------
WARNING  23:02:21 [pytest_result_log:128] : ---------------End: test_post_admin.py::test_Get_goods[961-1000]----------------
WARNING  23:02:21 [pytest_result_log:122] : --------------Start: test_post_admin.py::test_Get_goods[962-1000]---------------
WARNING  23:02:22 [pytest_result_log:128] : ---------------End: test_post_admin.py::test_Get_goods[962-1000]----------------
WARNING  23:02:22 [pytest_result_log:122] : --------------Start: test_post_admin.py::test_Get_goods[963-1000]---------------
WARNING  23:02:22 [pytest_result_log:128] : ---------------End: test_post_admin.py::test_Get_goods[963-1000]----------------
WARNING  23:02:22 [pytest_result_log:122] : --------------Start: test_post_admin.py::test_Get_goods[964-1000]---------------
WARNING  23:02:22 [pytest_result_log:128] : ---------------End: test_post_admin.py::test_Get_goods[964-1000]----------------
WARNING  23:02:22 [pytest_result_log:122] : --------------Start: test_post_admin.py::test_Get_goods[965-1000]---------------
WARNING  23:02:23 [pytest_result_log:128] : ---------------End: test_post_admin.py::test_Get_goods[965-1000]----------------
WARNING  23:02:23 [pytest_result_log:122] : --------------Start: test_post_admin.py::test_Get_goods[966-1000]---------------
WARNING  23:02:23 [pytest_result_log:128] : ---------------End: test_post_admin.py::test_Get_goods[966-1000]----------------
WARNING  23:02:23 [pytest_result_log:122] : --------------Start: test_post_admin.py::test_Get_goods[967-1000]---------------
WARNING  23:02:23 [pytest_result_log:128] : ---------------End: test_post_admin.py::test_Get_goods[967-1000]----------------
WARNING  23:02:23 [pytest_result_log:122] : --------------Start: test_post_admin.py::test_Get_goods[968-1000]---------------
WARNING  23:02:23 [pytest_result_log:128] : ---------------End: test_post_admin.py::test_Get_goods[968-1000]----------------
WARNING  23:02:23 [pytest_result_log:122] : --------------Start: test_post_admin.py::test_Get_goods[969-1000]---------------
WARNING  23:02:24 [pytest_result_log:128] : ---------------End: test_post_admin.py::test_Get_goods[969-1000]----------------
WARNING  23:02:24 [pytest_result_log:122] : --------------Start: test_post_admin.py::test_Get_goods[970-1000]---------------
WARNING  23:02:24 [pytest_result_log:128] : ---------------End: test_post_admin.py::test_Get_goods[970-1000]----------------
WARNING  23:02:24 [pytest_result_log:122] : --------------Start: test_post_admin.py::test_Get_goods[971-1000]---------------
WARNING  23:02:24 [pytest_result_log:128] : ---------------End: test_post_admin.py::test_Get_goods[971-1000]----------------
WARNING  23:02:24 [pytest_result_log:122] : --------------Start: test_post_admin.py::test_Get_goods[972-1000]---------------
WARNING  23:02:24 [pytest_result_log:128] : ---------------End: test_post_admin.py::test_Get_goods[972-1000]----------------
WARNING  23:02:24 [pytest_result_log:122] : --------------Start: test_post_admin.py::test_Get_goods[973-1000]---------------
WARNING  23:02:25 [pytest_result_log:128] : ---------------End: test_post_admin.py::test_Get_goods[973-1000]----------------
WARNING  23:02:25 [pytest_result_log:122] : --------------Start: test_post_admin.py::test_Get_goods[974-1000]---------------
WARNING  23:02:25 [pytest_result_log:128] : ---------------End: test_post_admin.py::test_Get_goods[974-1000]----------------
WARNING  23:02:25 [pytest_result_log:122] : --------------Start: test_post_admin.py::test_Get_goods[975-1000]---------------
WARNING  23:02:25 [pytest_result_log:128] : ---------------End: test_post_admin.py::test_Get_goods[975-1000]----------------
WARNING  23:02:25 [pytest_result_log:122] : --------------Start: test_post_admin.py::test_Get_goods[976-1000]---------------
WARNING  23:02:25 [pytest_result_log:128] : ---------------End: test_post_admin.py::test_Get_goods[976-1000]----------------
WARNING  23:02:25 [pytest_result_log:122] : --------------Start: test_post_admin.py::test_Get_goods[977-1000]---------------
WARNING  23:02:26 [pytest_result_log:128] : ---------------End: test_post_admin.py::test_Get_goods[977-1000]----------------
WARNING  23:02:26 [pytest_result_log:122] : --------------Start: test_post_admin.py::test_Get_goods[978-1000]---------------
WARNING  23:02:26 [pytest_result_log:128] : ---------------End: test_post_admin.py::test_Get_goods[978-1000]----------------
WARNING  23:02:26 [pytest_result_log:122] : --------------Start: test_post_admin.py::test_Get_goods[979-1000]---------------
WARNING  23:02:26 [pytest_result_log:128] : ---------------End: test_post_admin.py::test_Get_goods[979-1000]----------------
WARNING  23:02:26 [pytest_result_log:122] : --------------Start: test_post_admin.py::test_Get_goods[980-1000]---------------
WARNING  23:02:26 [pytest_result_log:128] : ---------------End: test_post_admin.py::test_Get_goods[980-1000]----------------
WARNING  23:02:26 [pytest_result_log:122] : --------------Start: test_post_admin.py::test_Get_goods[981-1000]---------------
WARNING  23:02:27 [pytest_result_log:128] : ---------------End: test_post_admin.py::test_Get_goods[981-1000]----------------
WARNING  23:02:27 [pytest_result_log:122] : --------------Start: test_post_admin.py::test_Get_goods[982-1000]---------------
WARNING  23:02:27 [pytest_result_log:128] : ---------------End: test_post_admin.py::test_Get_goods[982-1000]----------------
WARNING  23:02:27 [pytest_result_log:122] : --------------Start: test_post_admin.py::test_Get_goods[983-1000]---------------
WARNING  23:02:27 [pytest_result_log:128] : ---------------End: test_post_admin.py::test_Get_goods[983-1000]----------------
WARNING  23:02:27 [pytest_result_log:122] : --------------Start: test_post_admin.py::test_Get_goods[984-1000]---------------
WARNING  23:02:27 [pytest_result_log:128] : ---------------End: test_post_admin.py::test_Get_goods[984-1000]----------------
WARNING  23:02:27 [pytest_result_log:122] : --------------Start: test_post_admin.py::test_Get_goods[985-1000]---------------
WARNING  23:02:28 [pytest_result_log:128] : ---------------End: test_post_admin.py::test_Get_goods[985-1000]----------------
WARNING  23:02:28 [pytest_result_log:122] : --------------Start: test_post_admin.py::test_Get_goods[986-1000]---------------
WARNING  23:02:28 [pytest_result_log:128] : ---------------End: test_post_admin.py::test_Get_goods[986-1000]----------------
WARNING  23:02:28 [pytest_result_log:122] : --------------Start: test_post_admin.py::test_Get_goods[987-1000]---------------
WARNING  23:02:28 [pytest_result_log:128] : ---------------End: test_post_admin.py::test_Get_goods[987-1000]----------------
WARNING  23:02:28 [pytest_result_log:122] : --------------Start: test_post_admin.py::test_Get_goods[988-1000]---------------
WARNING  23:02:28 [pytest_result_log:128] : ---------------End: test_post_admin.py::test_Get_goods[988-1000]----------------
WARNING  23:02:28 [pytest_result_log:122] : --------------Start: test_post_admin.py::test_Get_goods[989-1000]---------------
WARNING  23:02:29 [pytest_result_log:128] : ---------------End: test_post_admin.py::test_Get_goods[989-1000]----------------
WARNING  23:02:29 [pytest_result_log:122] : --------------Start: test_post_admin.py::test_Get_goods[990-1000]---------------
WARNING  23:02:29 [pytest_result_log:128] : ---------------End: test_post_admin.py::test_Get_goods[990-1000]----------------
WARNING  23:02:29 [pytest_result_log:122] : --------------Start: test_post_admin.py::test_Get_goods[991-1000]---------------
WARNING  23:02:29 [pytest_result_log:128] : ---------------End: test_post_admin.py::test_Get_goods[991-1000]----------------
WARNING  23:02:29 [pytest_result_log:122] : --------------Start: test_post_admin.py::test_Get_goods[992-1000]---------------
WARNING  23:02:29 [pytest_result_log:128] : ---------------End: test_post_admin.py::test_Get_goods[992-1000]----------------
WARNING  23:02:29 [pytest_result_log:122] : --------------Start: test_post_admin.py::test_Get_goods[993-1000]---------------
WARNING  23:02:30 [pytest_result_log:128] : ---------------End: test_post_admin.py::test_Get_goods[993-1000]----------------
WARNING  23:02:30 [pytest_result_log:122] : --------------Start: test_post_admin.py::test_Get_goods[994-1000]---------------
WARNING  23:02:30 [pytest_result_log:128] : ---------------End: test_post_admin.py::test_Get_goods[994-1000]----------------
WARNING  23:02:30 [pytest_result_log:122] : --------------Start: test_post_admin.py::test_Get_goods[995-1000]---------------
WARNING  23:02:30 [pytest_result_log:128] : ---------------End: test_post_admin.py::test_Get_goods[995-1000]----------------
WARNING  23:02:30 [pytest_result_log:122] : --------------Start: test_post_admin.py::test_Get_goods[996-1000]---------------
WARNING  23:02:30 [pytest_result_log:128] : ---------------End: test_post_admin.py::test_Get_goods[996-1000]----------------
WARNING  23:02:30 [pytest_result_log:122] : --------------Start: test_post_admin.py::test_Get_goods[997-1000]---------------
WARNING  23:02:30 [pytest_result_log:128] : ---------------End: test_post_admin.py::test_Get_goods[997-1000]----------------
WARNING  23:02:30 [pytest_result_log:122] : --------------Start: test_post_admin.py::test_Get_goods[998-1000]---------------
WARNING  23:02:31 [pytest_result_log:128] : ---------------End: test_post_admin.py::test_Get_goods[998-1000]----------------
WARNING  23:02:31 [pytest_result_log:122] : --------------Start: test_post_admin.py::test_Get_goods[999-1000]---------------
WARNING  23:02:31 [pytest_result_log:128] : ---------------End: test_post_admin.py::test_Get_goods[999-1000]----------------
WARNING  23:02:31 [pytest_result_log:122] : --------------Start: test_post_admin.py::test_Get_goods[1000-1000]--------------
WARNING  23:02:31 [pytest_result_log:128] : ---------------End: test_post_admin.py::test_Get_goods[1000-1000]---------------
